Simulating device: Motor2  dataset: kaist
/home/dautom/Desktop/e2c-uns-fw/arch-components/Publisher.py:80: DeprecationWarning: Callback API version 1 is deprecated, update to latest version
  client = mqtt.Client(client_id=F"vibration_data_publisher_{DEVICE_ID}", clean_session=True)
Pinned to file: 0Nm_BPFI_03.csv (no random selection)
Starting simulation in folder: /home/dautom/Desktop/e2c-uns-fw/data/publish-data/kaist
Connected to MQTT
Chosen file: 0Nm_BPFI_03.csv
NTP sync ok offset_ns=-3258307
Compute batch 0Nm_BPFI_03:0 rc=0 size: 0.39 MB [binary]
Storage batch 0Nm_BPFI_03:0 rc=0 size: 0.16 MB
---Published batch 0 at 13:55:18---
Compute batch 0Nm_BPFI_03:1 rc=0 size: 0.39 MB [binary]
Storage batch 0Nm_BPFI_03:1 rc=0 size: 0.16 MB
---Published batch 1 at 13:55:19---
Compute batch 0Nm_BPFI_03:2 rc=0 size: 0.39 MB [binary]
Storage batch 0Nm_BPFI_03:2 rc=0 size: 0.16 MB
---Published batch 2 at 13:55:20---
Compute batch 0Nm_BPFI_03:3 rc=0 size: 0.39 MB [binary]
Storage batch 0Nm_BPFI_03:3 rc=0 size: 0.16 MB
---Published batch 3 at 13:55:21---
Compute batch 0Nm_BPFI_03:4 rc=0 size: 0.39 MB [binary]
Storage batch 0Nm_BPFI_03:4 rc=0 size: 0.16 MB
---Published batch 4 at 13:55:22---
Compute batch 0Nm_BPFI_03:5 rc=0 size: 0.39 MB [binary]
Storage batch 0Nm_BPFI_03:5 rc=0 size: 0.16 MB
---Published batch 5 at 13:55:23---
Compute batch 0Nm_BPFI_03:6 rc=0 size: 0.39 MB [binary]
Storage batch 0Nm_BPFI_03:6 rc=0 size: 0.16 MB
---Published batch 6 at 13:55:24---
Compute batch 0Nm_BPFI_03:7 rc=0 size: 0.39 MB [binary]
Storage batch 0Nm_BPFI_03:7 rc=0 size: 0.16 MB
---Published batch 7 at 13:55:25---
Compute batch 0Nm_BPFI_03:8 rc=0 size: 0.39 MB [binary]
Storage batch 0Nm_BPFI_03:8 rc=0 size: 0.16 MB
---Published batch 8 at 13:55:26---
Compute batch 0Nm_BPFI_03:9 rc=0 size: 0.39 MB [binary]
Storage batch 0Nm_BPFI_03:9 rc=0 size: 0.16 MB
---Published batch 9 at 13:55:27---
Compute batch 0Nm_BPFI_03:10 rc=0 size: 0.39 MB [binary]
Storage batch 0Nm_BPFI_03:10 rc=0 size: 0.16 MB
---Published batch 10 at 13:55:29---
Compute batch 0Nm_BPFI_03:11 rc=0 size: 0.39 MB [binary]
Storage batch 0Nm_BPFI_03:11 rc=0 size: 0.16 MB
---Published batch 11 at 13:55:30---
Compute batch 0Nm_BPFI_03:12 rc=0 size: 0.39 MB [binary]
Storage batch 0Nm_BPFI_03:12 rc=0 size: 0.16 MB
---Published batch 12 at 13:55:31---
Compute batch 0Nm_BPFI_03:13 rc=0 size: 0.39 MB [binary]
Storage batch 0Nm_BPFI_03:13 rc=0 size: 0.16 MB
---Published batch 13 at 13:55:32---
Compute batch 0Nm_BPFI_03:14 rc=0 size: 0.39 MB [binary]
Storage batch 0Nm_BPFI_03:14 rc=0 size: 0.16 MB
---Published batch 14 at 13:55:33---
Compute batch 0Nm_BPFI_03:15 rc=0 size: 0.39 MB [binary]
Storage batch 0Nm_BPFI_03:15 rc=0 size: 0.16 MB
---Published batch 15 at 13:55:34---
Compute batch 0Nm_BPFI_03:16 rc=0 size: 0.39 MB [binary]
Storage batch 0Nm_BPFI_03:16 rc=0 size: 0.16 MB
---Published batch 16 at 13:55:35---
Compute batch 0Nm_BPFI_03:17 rc=0 size: 0.39 MB [binary]
Storage batch 0Nm_BPFI_03:17 rc=0 size: 0.16 MB
---Published batch 17 at 13:55:36---
Compute batch 0Nm_BPFI_03:18 rc=0 size: 0.39 MB [binary]
Storage batch 0Nm_BPFI_03:18 rc=0 size: 0.16 MB
---Published batch 18 at 13:55:37---
Compute batch 0Nm_BPFI_03:19 rc=0 size: 0.39 MB [binary]
Storage batch 0Nm_BPFI_03:19 rc=0 size: 0.16 MB
---Published batch 19 at 13:55:38---
Compute batch 0Nm_BPFI_03:20 rc=0 size: 0.39 MB [binary]
Storage batch 0Nm_BPFI_03:20 rc=0 size: 0.16 MB
---Published batch 20 at 13:55:39---
Compute batch 0Nm_BPFI_03:21 rc=0 size: 0.39 MB [binary]
Storage batch 0Nm_BPFI_03:21 rc=0 size: 0.16 MB
---Published batch 21 at 13:55:40---
Compute batch 0Nm_BPFI_03:22 rc=0 size: 0.39 MB [binary]
Storage batch 0Nm_BPFI_03:22 rc=0 size: 0.16 MB
---Published batch 22 at 13:55:41---
Compute batch 0Nm_BPFI_03:23 rc=0 size: 0.39 MB [binary]
Storage batch 0Nm_BPFI_03:23 rc=0 size: 0.16 MB
---Published batch 23 at 13:55:42---
Compute batch 0Nm_BPFI_03:24 rc=0 size: 0.39 MB [binary]
Storage batch 0Nm_BPFI_03:24 rc=0 size: 0.16 MB
---Published batch 24 at 13:55:43---
Compute batch 0Nm_BPFI_03:25 rc=0 size: 0.39 MB [binary]
Storage batch 0Nm_BPFI_03:25 rc=0 size: 0.16 MB
---Published batch 25 at 13:55:44---
Compute batch 0Nm_BPFI_03:26 rc=0 size: 0.39 MB [binary]
Storage batch 0Nm_BPFI_03:26 rc=0 size: 0.16 MB
---Published batch 26 at 13:55:45---
Compute batch 0Nm_BPFI_03:27 rc=0 size: 0.39 MB [binary]
Storage batch 0Nm_BPFI_03:27 rc=0 size: 0.16 MB
---Published batch 27 at 13:55:46---
Compute batch 0Nm_BPFI_03:28 rc=0 size: 0.39 MB [binary]
Storage batch 0Nm_BPFI_03:28 rc=0 size: 0.16 MB
---Published batch 28 at 13:55:47---
Compute batch 0Nm_BPFI_03:29 rc=0 size: 0.39 MB [binary]
Storage batch 0Nm_BPFI_03:29 rc=0 size: 0.16 MB
---Published batch 29 at 13:55:48---
Compute batch 0Nm_BPFI_03:30 rc=0 size: 0.39 MB [binary]
Storage batch 0Nm_BPFI_03:30 rc=0 size: 0.16 MB
---Published batch 30 at 13:55:49---
Compute batch 0Nm_BPFI_03:31 rc=0 size: 0.39 MB [binary]
Storage batch 0Nm_BPFI_03:31 rc=0 size: 0.16 MB
---Published batch 31 at 13:55:51---
Compute batch 0Nm_BPFI_03:32 rc=0 size: 0.39 MB [binary]
Storage batch 0Nm_BPFI_03:32 rc=0 size: 0.16 MB
---Published batch 32 at 13:55:52---
Compute batch 0Nm_BPFI_03:33 rc=0 size: 0.39 MB [binary]
Storage batch 0Nm_BPFI_03:33 rc=0 size: 0.16 MB
---Published batch 33 at 13:55:53---
Compute batch 0Nm_BPFI_03:34 rc=0 size: 0.39 MB [binary]
Storage batch 0Nm_BPFI_03:34 rc=0 size: 0.16 MB
---Published batch 34 at 13:55:54---
Compute batch 0Nm_BPFI_03:35 rc=0 size: 0.39 MB [binary]
Storage batch 0Nm_BPFI_03:35 rc=0 size: 0.16 MB
---Published batch 35 at 13:55:55---
Compute batch 0Nm_BPFI_03:36 rc=0 size: 0.39 MB [binary]
Storage batch 0Nm_BPFI_03:36 rc=0 size: 0.16 MB
---Published batch 36 at 13:55:56---
Compute batch 0Nm_BPFI_03:37 rc=0 size: 0.39 MB [binary]
Storage batch 0Nm_BPFI_03:37 rc=0 size: 0.16 MB
---Published batch 37 at 13:55:57---
Compute batch 0Nm_BPFI_03:38 rc=0 size: 0.39 MB [binary]
Storage batch 0Nm_BPFI_03:38 rc=0 size: 0.16 MB
---Published batch 38 at 13:55:58---
Compute batch 0Nm_BPFI_03:39 rc=0 size: 0.39 MB [binary]
Storage batch 0Nm_BPFI_03:39 rc=0 size: 0.16 MB
---Published batch 39 at 13:55:59---
Compute batch 0Nm_BPFI_03:40 rc=0 size: 0.39 MB [binary]
Storage batch 0Nm_BPFI_03:40 rc=0 size: 0.16 MB
---Published batch 40 at 13:56:00---
Compute batch 0Nm_BPFI_03:41 rc=0 size: 0.39 MB [binary]
Storage batch 0Nm_BPFI_03:41 rc=0 size: 0.16 MB
---Published batch 41 at 13:56:01---
Compute batch 0Nm_BPFI_03:42 rc=0 size: 0.39 MB [binary]
Storage batch 0Nm_BPFI_03:42 rc=0 size: 0.16 MB
---Published batch 42 at 13:56:02---
Compute batch 0Nm_BPFI_03:43 rc=0 size: 0.39 MB [binary]
Storage batch 0Nm_BPFI_03:43 rc=0 size: 0.16 MB
---Published batch 43 at 13:56:03---
Compute batch 0Nm_BPFI_03:44 rc=0 size: 0.39 MB [binary]
Storage batch 0Nm_BPFI_03:44 rc=0 size: 0.16 MB
---Published batch 44 at 13:56:04---
Compute batch 0Nm_BPFI_03:45 rc=0 size: 0.39 MB [binary]
Storage batch 0Nm_BPFI_03:45 rc=0 size: 0.16 MB
---Published batch 45 at 13:56:05---
Compute batch 0Nm_BPFI_03:46 rc=0 size: 0.39 MB [binary]
Storage batch 0Nm_BPFI_03:46 rc=0 size: 0.16 MB
---Published batch 46 at 13:56:06---
Compute batch 0Nm_BPFI_03:47 rc=0 size: 0.39 MB [binary]
Storage batch 0Nm_BPFI_03:47 rc=0 size: 0.16 MB
---Published batch 47 at 13:56:07---
Compute batch 0Nm_BPFI_03:48 rc=0 size: 0.39 MB [binary]
Storage batch 0Nm_BPFI_03:48 rc=0 size: 0.16 MB
---Published batch 48 at 13:56:08---
Compute batch 0Nm_BPFI_03:49 rc=0 size: 0.39 MB [binary]
Storage batch 0Nm_BPFI_03:49 rc=0 size: 0.16 MB
---Published batch 49 at 13:56:09---
Compute batch 0Nm_BPFI_03:50 rc=0 size: 0.39 MB [binary]
Storage batch 0Nm_BPFI_03:50 rc=0 size: 0.16 MB
---Published batch 50 at 13:56:10---
Compute batch 0Nm_BPFI_03:51 rc=0 size: 0.39 MB [binary]
Storage batch 0Nm_BPFI_03:51 rc=0 size: 0.16 MB
---Published batch 51 at 13:56:11---
Compute batch 0Nm_BPFI_03:52 rc=0 size: 0.39 MB [binary]
Storage batch 0Nm_BPFI_03:52 rc=0 size: 0.16 MB
---Published batch 52 at 13:56:12---
Compute batch 0Nm_BPFI_03:53 rc=0 size: 0.39 MB [binary]
Storage batch 0Nm_BPFI_03:53 rc=0 size: 0.16 MB
---Published batch 53 at 13:56:13---
Compute batch 0Nm_BPFI_03:54 rc=0 size: 0.39 MB [binary]
Storage batch 0Nm_BPFI_03:54 rc=0 size: 0.16 MB
---Published batch 54 at 13:56:15---
Compute batch 0Nm_BPFI_03:55 rc=0 size: 0.39 MB [binary]
Storage batch 0Nm_BPFI_03:55 rc=0 size: 0.16 MB
---Published batch 55 at 13:56:16---
Compute batch 0Nm_BPFI_03:56 rc=0 size: 0.39 MB [binary]
Storage batch 0Nm_BPFI_03:56 rc=0 size: 0.16 MB
---Published batch 56 at 13:56:17---
Compute batch 0Nm_BPFI_03:57 rc=0 size: 0.39 MB [binary]
Storage batch 0Nm_BPFI_03:57 rc=0 size: 0.16 MB
---Published batch 57 at 13:56:18---
NTP sync ok offset_ns=-3460646
Compute batch 0Nm_BPFI_03:58 rc=0 size: 0.39 MB [binary]
Storage batch 0Nm_BPFI_03:58 rc=0 size: 0.16 MB
---Published batch 58 at 13:56:19---
Compute batch 0Nm_BPFI_03:59 rc=0 size: 0.39 MB [binary]
Storage batch 0Nm_BPFI_03:59 rc=0 size: 0.16 MB
---Published batch 59 at 13:56:20---
Compute batch 0Nm_BPFI_03:60 rc=0 size: 0.39 MB [binary]
Storage batch 0Nm_BPFI_03:60 rc=0 size: 0.16 MB
---Published batch 60 at 13:56:21---
Compute batch 0Nm_BPFI_03:61 rc=0 size: 0.39 MB [binary]
Storage batch 0Nm_BPFI_03:61 rc=0 size: 0.16 MB
---Published batch 61 at 13:56:22---
Compute batch 0Nm_BPFI_03:62 rc=0 size: 0.39 MB [binary]
Storage batch 0Nm_BPFI_03:62 rc=0 size: 0.16 MB
---Published batch 62 at 13:56:23---
Compute batch 0Nm_BPFI_03:63 rc=0 size: 0.39 MB [binary]
Storage batch 0Nm_BPFI_03:63 rc=0 size: 0.16 MB
---Published batch 63 at 13:56:24---
Compute batch 0Nm_BPFI_03:64 rc=0 size: 0.39 MB [binary]
Storage batch 0Nm_BPFI_03:64 rc=0 size: 0.16 MB
---Published batch 64 at 13:56:25---
Compute batch 0Nm_BPFI_03:65 rc=0 size: 0.39 MB [binary]
Storage batch 0Nm_BPFI_03:65 rc=0 size: 0.16 MB
---Published batch 65 at 13:56:26---
Compute batch 0Nm_BPFI_03:66 rc=0 size: 0.39 MB [binary]
Storage batch 0Nm_BPFI_03:66 rc=0 size: 0.16 MB
---Published batch 66 at 13:56:27---
Compute batch 0Nm_BPFI_03:67 rc=0 size: 0.39 MB [binary]
Storage batch 0Nm_BPFI_03:67 rc=0 size: 0.16 MB
---Published batch 67 at 13:56:28---
Compute batch 0Nm_BPFI_03:68 rc=0 size: 0.39 MB [binary]
Storage batch 0Nm_BPFI_03:68 rc=0 size: 0.16 MB
---Published batch 68 at 13:56:29---
Compute batch 0Nm_BPFI_03:69 rc=0 size: 0.39 MB [binary]
Storage batch 0Nm_BPFI_03:69 rc=0 size: 0.16 MB
---Published batch 69 at 13:56:30---
Compute batch 0Nm_BPFI_03:70 rc=0 size: 0.39 MB [binary]
Storage batch 0Nm_BPFI_03:70 rc=0 size: 0.16 MB
---Published batch 70 at 13:56:31---
Compute batch 0Nm_BPFI_03:71 rc=0 size: 0.39 MB [binary]
Storage batch 0Nm_BPFI_03:71 rc=0 size: 0.16 MB
---Published batch 71 at 13:56:32---
Compute batch 0Nm_BPFI_03:72 rc=0 size: 0.39 MB [binary]
Storage batch 0Nm_BPFI_03:72 rc=0 size: 0.16 MB
---Published batch 72 at 13:56:33---
Compute batch 0Nm_BPFI_03:73 rc=0 size: 0.39 MB [binary]
Storage batch 0Nm_BPFI_03:73 rc=0 size: 0.16 MB
---Published batch 73 at 13:56:34---
Compute batch 0Nm_BPFI_03:74 rc=0 size: 0.39 MB [binary]
Storage batch 0Nm_BPFI_03:74 rc=0 size: 0.16 MB
---Published batch 74 at 13:56:35---
Compute batch 0Nm_BPFI_03:75 rc=0 size: 0.39 MB [binary]
Storage batch 0Nm_BPFI_03:75 rc=0 size: 0.16 MB
---Published batch 75 at 13:56:37---
Compute batch 0Nm_BPFI_03:76 rc=0 size: 0.39 MB [binary]
Storage batch 0Nm_BPFI_03:76 rc=0 size: 0.16 MB
---Published batch 76 at 13:56:38---
Compute batch 0Nm_BPFI_03:77 rc=0 size: 0.39 MB [binary]
Storage batch 0Nm_BPFI_03:77 rc=0 size: 0.16 MB
---Published batch 77 at 13:56:39---
Compute batch 0Nm_BPFI_03:78 rc=0 size: 0.39 MB [binary]
Storage batch 0Nm_BPFI_03:78 rc=0 size: 0.16 MB
---Published batch 78 at 13:56:40---
Compute batch 0Nm_BPFI_03:79 rc=0 size: 0.39 MB [binary]
Storage batch 0Nm_BPFI_03:79 rc=0 size: 0.16 MB
---Published batch 79 at 13:56:41---
Compute batch 0Nm_BPFI_03:80 rc=0 size: 0.39 MB [binary]
Storage batch 0Nm_BPFI_03:80 rc=0 size: 0.16 MB
---Published batch 80 at 13:56:42---
Compute batch 0Nm_BPFI_03:81 rc=0 size: 0.39 MB [binary]
Storage batch 0Nm_BPFI_03:81 rc=0 size: 0.16 MB
---Published batch 81 at 13:56:43---
Compute batch 0Nm_BPFI_03:82 rc=0 size: 0.39 MB [binary]
Storage batch 0Nm_BPFI_03:82 rc=0 size: 0.16 MB
---Published batch 82 at 13:56:44---
Compute batch 0Nm_BPFI_03:83 rc=0 size: 0.39 MB [binary]
Storage batch 0Nm_BPFI_03:83 rc=0 size: 0.16 MB
---Published batch 83 at 13:56:45---
Compute batch 0Nm_BPFI_03:84 rc=0 size: 0.39 MB [binary]
Storage batch 0Nm_BPFI_03:84 rc=0 size: 0.16 MB
---Published batch 84 at 13:56:46---
Compute batch 0Nm_BPFI_03:85 rc=0 size: 0.39 MB [binary]
Storage batch 0Nm_BPFI_03:85 rc=0 size: 0.16 MB
---Published batch 85 at 13:56:47---
Compute batch 0Nm_BPFI_03:86 rc=0 size: 0.39 MB [binary]
Storage batch 0Nm_BPFI_03:86 rc=0 size: 0.16 MB
---Published batch 86 at 13:56:48---
Compute batch 0Nm_BPFI_03:87 rc=0 size: 0.39 MB [binary]
Storage batch 0Nm_BPFI_03:87 rc=0 size: 0.16 MB
---Published batch 87 at 13:56:49---
Compute batch 0Nm_BPFI_03:88 rc=0 size: 0.39 MB [binary]
Storage batch 0Nm_BPFI_03:88 rc=0 size: 0.16 MB
---Published batch 88 at 13:56:50---
Compute batch 0Nm_BPFI_03:89 rc=0 size: 0.39 MB [binary]
Storage batch 0Nm_BPFI_03:89 rc=0 size: 0.16 MB
---Published batch 89 at 13:56:51---
Compute batch 0Nm_BPFI_03:90 rc=0 size: 0.39 MB [binary]
Storage batch 0Nm_BPFI_03:90 rc=0 size: 0.16 MB
---Published batch 90 at 13:56:52---
Compute batch 0Nm_BPFI_03:91 rc=0 size: 0.39 MB [binary]
Storage batch 0Nm_BPFI_03:91 rc=0 size: 0.16 MB
---Published batch 91 at 13:56:53---
Compute batch 0Nm_BPFI_03:92 rc=0 size: 0.39 MB [binary]
Storage batch 0Nm_BPFI_03:92 rc=0 size: 0.16 MB
---Published batch 92 at 13:56:54---
Compute batch 0Nm_BPFI_03:93 rc=0 size: 0.39 MB [binary]
Storage batch 0Nm_BPFI_03:93 rc=0 size: 0.16 MB
---Published batch 93 at 13:56:55---
Compute batch 0Nm_BPFI_03:94 rc=0 size: 0.39 MB [binary]
Storage batch 0Nm_BPFI_03:94 rc=0 size: 0.16 MB
---Published batch 94 at 13:56:56---
Compute batch 0Nm_BPFI_03:95 rc=0 size: 0.39 MB [binary]
Storage batch 0Nm_BPFI_03:95 rc=0 size: 0.16 MB
---Published batch 95 at 13:56:57---
Compute batch 0Nm_BPFI_03:96 rc=0 size: 0.39 MB [binary]
Storage batch 0Nm_BPFI_03:96 rc=0 size: 0.16 MB
---Published batch 96 at 13:56:58---
Compute batch 0Nm_BPFI_03:97 rc=0 size: 0.39 MB [binary]
Storage batch 0Nm_BPFI_03:97 rc=0 size: 0.16 MB
---Published batch 97 at 13:56:59---
Compute batch 0Nm_BPFI_03:98 rc=0 size: 0.39 MB [binary]
Storage batch 0Nm_BPFI_03:98 rc=0 size: 0.16 MB
---Published batch 98 at 13:57:00---
Compute batch 0Nm_BPFI_03:99 rc=0 size: 0.39 MB [binary]
Storage batch 0Nm_BPFI_03:99 rc=0 size: 0.16 MB
---Published batch 99 at 13:57:01---
Compute batch 0Nm_BPFI_03:100 rc=0 size: 0.39 MB [binary]
Storage batch 0Nm_BPFI_03:100 rc=0 size: 0.16 MB
---Published batch 100 at 13:57:02---
Compute batch 0Nm_BPFI_03:101 rc=0 size: 0.39 MB [binary]
Storage batch 0Nm_BPFI_03:101 rc=0 size: 0.16 MB
---Published batch 101 at 13:57:04---
Compute batch 0Nm_BPFI_03:102 rc=0 size: 0.39 MB [binary]
Storage batch 0Nm_BPFI_03:102 rc=0 size: 0.16 MB
---Published batch 102 at 13:57:05---
Compute batch 0Nm_BPFI_03:103 rc=0 size: 0.39 MB [binary]
Storage batch 0Nm_BPFI_03:103 rc=0 size: 0.16 MB
---Published batch 103 at 13:57:06---
Compute batch 0Nm_BPFI_03:104 rc=0 size: 0.39 MB [binary]
Storage batch 0Nm_BPFI_03:104 rc=0 size: 0.16 MB
---Published batch 104 at 13:57:07---
Compute batch 0Nm_BPFI_03:105 rc=0 size: 0.39 MB [binary]
Storage batch 0Nm_BPFI_03:105 rc=0 size: 0.16 MB
---Published batch 105 at 13:57:08---
Compute batch 0Nm_BPFI_03:106 rc=0 size: 0.39 MB [binary]
Storage batch 0Nm_BPFI_03:106 rc=0 size: 0.16 MB
---Published batch 106 at 13:57:09---
Compute batch 0Nm_BPFI_03:107 rc=0 size: 0.39 MB [binary]
Storage batch 0Nm_BPFI_03:107 rc=0 size: 0.16 MB
---Published batch 107 at 13:57:10---
Compute batch 0Nm_BPFI_03:108 rc=0 size: 0.39 MB [binary]
Storage batch 0Nm_BPFI_03:108 rc=0 size: 0.16 MB
---Published batch 108 at 13:57:11---
Compute batch 0Nm_BPFI_03:109 rc=0 size: 0.39 MB [binary]
Storage batch 0Nm_BPFI_03:109 rc=0 size: 0.16 MB
---Published batch 109 at 13:57:12---
Compute batch 0Nm_BPFI_03:110 rc=0 size: 0.39 MB [binary]
Storage batch 0Nm_BPFI_03:110 rc=0 size: 0.16 MB
---Published batch 110 at 13:57:13---
Compute batch 0Nm_BPFI_03:111 rc=0 size: 0.39 MB [binary]
Storage batch 0Nm_BPFI_03:111 rc=0 size: 0.16 MB
---Published batch 111 at 13:57:14---
Compute batch 0Nm_BPFI_03:112 rc=0 size: 0.39 MB [binary]
Storage batch 0Nm_BPFI_03:112 rc=0 size: 0.16 MB
---Published batch 112 at 13:57:15---
Compute batch 0Nm_BPFI_03:113 rc=0 size: 0.39 MB [binary]
Storage batch 0Nm_BPFI_03:113 rc=0 size: 0.16 MB
---Published batch 113 at 13:57:16---
Compute batch 0Nm_BPFI_03:114 rc=0 size: 0.39 MB [binary]
Storage batch 0Nm_BPFI_03:114 rc=0 size: 0.16 MB
---Published batch 114 at 13:57:17---
Compute batch 0Nm_BPFI_03:115 rc=0 size: 0.39 MB [binary]
Storage batch 0Nm_BPFI_03:115 rc=0 size: 0.16 MB
---Published batch 115 at 13:57:18---
NTP sync ok offset_ns=-66681474
Compute batch 0Nm_BPFI_03:116 rc=0 size: 0.39 MB [binary]
Storage batch 0Nm_BPFI_03:116 rc=0 size: 0.16 MB
---Published batch 116 at 13:57:19---
Compute batch 0Nm_BPFI_03:117 rc=0 size: 0.39 MB [binary]
Storage batch 0Nm_BPFI_03:117 rc=0 size: 0.16 MB
---Published batch 117 at 13:57:20---
Compute batch 0Nm_BPFI_03:118 rc=0 size: 0.39 MB [binary]
Storage batch 0Nm_BPFI_03:118 rc=0 size: 0.16 MB
---Published batch 118 at 13:57:21---
Compute batch 0Nm_BPFI_03:119 rc=0 size: 0.39 MB [binary]
Storage batch 0Nm_BPFI_03:119 rc=0 size: 0.16 MB
---Published batch 119 at 13:57:22---
Compute batch 0Nm_BPFI_03:120 rc=0 size: 0.39 MB [binary]
Storage batch 0Nm_BPFI_03:120 rc=0 size: 0.16 MB
---Published batch 120 at 13:57:24---
Compute batch 0Nm_BPFI_03:121 rc=0 size: 0.39 MB [binary]
Storage batch 0Nm_BPFI_03:121 rc=0 size: 0.16 MB
---Published batch 121 at 13:57:25---
Compute batch 0Nm_BPFI_03:122 rc=0 size: 0.39 MB [binary]
Storage batch 0Nm_BPFI_03:122 rc=0 size: 0.16 MB
---Published batch 122 at 13:57:26---
Compute batch 0Nm_BPFI_03:123 rc=0 size: 0.39 MB [binary]
Storage batch 0Nm_BPFI_03:123 rc=0 size: 0.16 MB
---Published batch 123 at 13:57:27---
Compute batch 0Nm_BPFI_03:124 rc=0 size: 0.39 MB [binary]
Storage batch 0Nm_BPFI_03:124 rc=0 size: 0.16 MB
---Published batch 124 at 13:57:28---
Compute batch 0Nm_BPFI_03:125 rc=0 size: 0.39 MB [binary]
Storage batch 0Nm_BPFI_03:125 rc=0 size: 0.16 MB
---Published batch 125 at 13:57:29---
Compute batch 0Nm_BPFI_03:126 rc=0 size: 0.39 MB [binary]
Storage batch 0Nm_BPFI_03:126 rc=0 size: 0.16 MB
---Published batch 126 at 13:57:30---
Compute batch 0Nm_BPFI_03:127 rc=0 size: 0.39 MB [binary]
Storage batch 0Nm_BPFI_03:127 rc=0 size: 0.16 MB
---Published batch 127 at 13:57:31---
Compute batch 0Nm_BPFI_03:128 rc=0 size: 0.39 MB [binary]
Storage batch 0Nm_BPFI_03:128 rc=0 size: 0.16 MB
---Published batch 128 at 13:57:32---
Compute batch 0Nm_BPFI_03:129 rc=0 size: 0.39 MB [binary]
Storage batch 0Nm_BPFI_03:129 rc=0 size: 0.16 MB
---Published batch 129 at 13:57:33---
Compute batch 0Nm_BPFI_03:130 rc=0 size: 0.39 MB [binary]
Storage batch 0Nm_BPFI_03:130 rc=0 size: 0.16 MB
---Published batch 130 at 13:57:34---
Compute batch 0Nm_BPFI_03:131 rc=0 size: 0.39 MB [binary]
Storage batch 0Nm_BPFI_03:131 rc=0 size: 0.16 MB
---Published batch 131 at 13:57:35---
Compute batch 0Nm_BPFI_03:132 rc=0 size: 0.39 MB [binary]
Storage batch 0Nm_BPFI_03:132 rc=0 size: 0.16 MB
---Published batch 132 at 13:57:36---
Compute batch 0Nm_BPFI_03:133 rc=0 size: 0.39 MB [binary]
Storage batch 0Nm_BPFI_03:133 rc=0 size: 0.16 MB
---Published batch 133 at 13:57:37---
Compute batch 0Nm_BPFI_03:134 rc=0 size: 0.39 MB [binary]
Storage batch 0Nm_BPFI_03:134 rc=0 size: 0.16 MB
---Published batch 134 at 13:57:38---
Compute batch 0Nm_BPFI_03:135 rc=0 size: 0.39 MB [binary]
Storage batch 0Nm_BPFI_03:135 rc=0 size: 0.16 MB
---Published batch 135 at 13:57:39---
Compute batch 0Nm_BPFI_03:136 rc=0 size: 0.39 MB [binary]
Storage batch 0Nm_BPFI_03:136 rc=0 size: 0.16 MB
---Published batch 136 at 13:57:40---
Compute batch 0Nm_BPFI_03:137 rc=0 size: 0.39 MB [binary]
Storage batch 0Nm_BPFI_03:137 rc=0 size: 0.16 MB
---Published batch 137 at 13:57:41---
Compute batch 0Nm_BPFI_03:138 rc=0 size: 0.39 MB [binary]
Storage batch 0Nm_BPFI_03:138 rc=0 size: 0.16 MB
---Published batch 138 at 13:57:42---
Compute batch 0Nm_BPFI_03:139 rc=0 size: 0.39 MB [binary]
Storage batch 0Nm_BPFI_03:139 rc=0 size: 0.16 MB
---Published batch 139 at 13:57:43---
Compute batch 0Nm_BPFI_03:140 rc=0 size: 0.39 MB [binary]
Storage batch 0Nm_BPFI_03:140 rc=0 size: 0.16 MB
---Published batch 140 at 13:57:44---
Compute batch 0Nm_BPFI_03:141 rc=0 size: 0.39 MB [binary]
Storage batch 0Nm_BPFI_03:141 rc=0 size: 0.16 MB
---Published batch 141 at 13:57:45---
Compute batch 0Nm_BPFI_03:142 rc=0 size: 0.39 MB [binary]
Storage batch 0Nm_BPFI_03:142 rc=0 size: 0.16 MB
---Published batch 142 at 13:57:46---
Compute batch 0Nm_BPFI_03:143 rc=0 size: 0.39 MB [binary]
Storage batch 0Nm_BPFI_03:143 rc=0 size: 0.16 MB
---Published batch 143 at 13:57:47---
Compute batch 0Nm_BPFI_03:144 rc=0 size: 0.39 MB [binary]
Storage batch 0Nm_BPFI_03:144 rc=0 size: 0.16 MB
---Published batch 144 at 13:57:48---
Compute batch 0Nm_BPFI_03:145 rc=0 size: 0.39 MB [binary]
Storage batch 0Nm_BPFI_03:145 rc=0 size: 0.16 MB
---Published batch 145 at 13:57:50---
Compute batch 0Nm_BPFI_03:146 rc=0 size: 0.39 MB [binary]
Storage batch 0Nm_BPFI_03:146 rc=0 size: 0.16 MB
---Published batch 146 at 13:57:51---
Compute batch 0Nm_BPFI_03:147 rc=0 size: 0.39 MB [binary]
Storage batch 0Nm_BPFI_03:147 rc=0 size: 0.16 MB
---Published batch 147 at 13:57:52---
Compute batch 0Nm_BPFI_03:148 rc=0 size: 0.39 MB [binary]
Storage batch 0Nm_BPFI_03:148 rc=0 size: 0.16 MB
---Published batch 148 at 13:57:53---
Compute batch 0Nm_BPFI_03:149 rc=0 size: 0.39 MB [binary]
Storage batch 0Nm_BPFI_03:149 rc=0 size: 0.16 MB
---Published batch 149 at 13:57:54---
Compute batch 0Nm_BPFI_03:150 rc=0 size: 0.39 MB [binary]
Storage batch 0Nm_BPFI_03:150 rc=0 size: 0.16 MB
---Published batch 150 at 13:57:55---
Compute batch 0Nm_BPFI_03:151 rc=0 size: 0.39 MB [binary]
Storage batch 0Nm_BPFI_03:151 rc=0 size: 0.16 MB
---Published batch 151 at 13:57:56---
Compute batch 0Nm_BPFI_03:152 rc=0 size: 0.39 MB [binary]
Storage batch 0Nm_BPFI_03:152 rc=0 size: 0.16 MB
---Published batch 152 at 13:57:57---
Compute batch 0Nm_BPFI_03:153 rc=0 size: 0.39 MB [binary]
Storage batch 0Nm_BPFI_03:153 rc=0 size: 0.16 MB
---Published batch 153 at 13:57:58---
Compute batch 0Nm_BPFI_03:154 rc=0 size: 0.39 MB [binary]
Storage batch 0Nm_BPFI_03:154 rc=0 size: 0.16 MB
---Published batch 154 at 13:57:59---
Compute batch 0Nm_BPFI_03:155 rc=0 size: 0.39 MB [binary]
Storage batch 0Nm_BPFI_03:155 rc=0 size: 0.16 MB
---Published batch 155 at 13:58:00---
Compute batch 0Nm_BPFI_03:156 rc=0 size: 0.39 MB [binary]
Storage batch 0Nm_BPFI_03:156 rc=0 size: 0.16 MB
---Published batch 156 at 13:58:01---
Compute batch 0Nm_BPFI_03:157 rc=0 size: 0.39 MB [binary]
Storage batch 0Nm_BPFI_03:157 rc=0 size: 0.16 MB
---Published batch 157 at 13:58:02---
Compute batch 0Nm_BPFI_03:158 rc=0 size: 0.39 MB [binary]
Storage batch 0Nm_BPFI_03:158 rc=0 size: 0.16 MB
---Published batch 158 at 13:58:03---
Compute batch 0Nm_BPFI_03:159 rc=0 size: 0.39 MB [binary]
Storage batch 0Nm_BPFI_03:159 rc=0 size: 0.16 MB
---Published batch 159 at 13:58:04---
Compute batch 0Nm_BPFI_03:160 rc=0 size: 0.39 MB [binary]
Storage batch 0Nm_BPFI_03:160 rc=0 size: 0.16 MB
---Published batch 160 at 13:58:05---
Compute batch 0Nm_BPFI_03:161 rc=0 size: 0.39 MB [binary]
Storage batch 0Nm_BPFI_03:161 rc=0 size: 0.16 MB
---Published batch 161 at 13:58:06---
Compute batch 0Nm_BPFI_03:162 rc=0 size: 0.39 MB [binary]
Storage batch 0Nm_BPFI_03:162 rc=0 size: 0.16 MB
---Published batch 162 at 13:58:07---
Compute batch 0Nm_BPFI_03:163 rc=0 size: 0.39 MB [binary]
Storage batch 0Nm_BPFI_03:163 rc=0 size: 0.16 MB
---Published batch 163 at 13:58:08---
Compute batch 0Nm_BPFI_03:164 rc=0 size: 0.39 MB [binary]
Storage batch 0Nm_BPFI_03:164 rc=0 size: 0.16 MB
---Published batch 164 at 13:58:09---
Compute batch 0Nm_BPFI_03:165 rc=0 size: 0.39 MB [binary]
Storage batch 0Nm_BPFI_03:165 rc=0 size: 0.16 MB
---Published batch 165 at 13:58:10---
Compute batch 0Nm_BPFI_03:166 rc=0 size: 0.39 MB [binary]
Storage batch 0Nm_BPFI_03:166 rc=0 size: 0.16 MB
---Published batch 166 at 13:58:11---
Compute batch 0Nm_BPFI_03:167 rc=0 size: 0.39 MB [binary]
Storage batch 0Nm_BPFI_03:167 rc=0 size: 0.16 MB
---Published batch 167 at 13:58:12---
Compute batch 0Nm_BPFI_03:168 rc=0 size: 0.39 MB [binary]
Storage batch 0Nm_BPFI_03:168 rc=0 size: 0.16 MB
---Published batch 168 at 13:58:13---
Compute batch 0Nm_BPFI_03:169 rc=0 size: 0.39 MB [binary]
Storage batch 0Nm_BPFI_03:169 rc=0 size: 0.16 MB
---Published batch 169 at 13:58:15---
Compute batch 0Nm_BPFI_03:170 rc=0 size: 0.39 MB [binary]
Storage batch 0Nm_BPFI_03:170 rc=0 size: 0.16 MB
---Published batch 170 at 13:58:16---
Compute batch 0Nm_BPFI_03:171 rc=0 size: 0.39 MB [binary]
Storage batch 0Nm_BPFI_03:171 rc=0 size: 0.16 MB
---Published batch 171 at 13:58:17---
Compute batch 0Nm_BPFI_03:172 rc=0 size: 0.39 MB [binary]
Storage batch 0Nm_BPFI_03:172 rc=0 size: 0.16 MB
---Published batch 172 at 13:58:18---
Compute batch 0Nm_BPFI_03:173 rc=0 size: 0.39 MB [binary]
Storage batch 0Nm_BPFI_03:173 rc=0 size: 0.16 MB
---Published batch 173 at 13:58:19---
NTP sync ok offset_ns=-66025191
Compute batch 0Nm_BPFI_03:174 rc=0 size: 0.39 MB [binary]
Storage batch 0Nm_BPFI_03:174 rc=0 size: 0.16 MB
---Published batch 174 at 13:58:20---
Compute batch 0Nm_BPFI_03:175 rc=0 size: 0.39 MB [binary]
Storage batch 0Nm_BPFI_03:175 rc=0 size: 0.16 MB
---Published batch 175 at 13:58:21---
Compute batch 0Nm_BPFI_03:176 rc=0 size: 0.39 MB [binary]
Storage batch 0Nm_BPFI_03:176 rc=0 size: 0.16 MB
---Published batch 176 at 13:58:22---
Compute batch 0Nm_BPFI_03:177 rc=0 size: 0.39 MB [binary]
Storage batch 0Nm_BPFI_03:177 rc=0 size: 0.16 MB
---Published batch 177 at 13:58:23---
Compute batch 0Nm_BPFI_03:178 rc=0 size: 0.39 MB [binary]
Storage batch 0Nm_BPFI_03:178 rc=0 size: 0.16 MB
---Published batch 178 at 13:58:24---
Compute batch 0Nm_BPFI_03:179 rc=0 size: 0.39 MB [binary]
Storage batch 0Nm_BPFI_03:179 rc=0 size: 0.16 MB
---Published batch 179 at 13:58:25---
Chosen file: 0Nm_BPFI_03.csv
Compute batch 0Nm_BPFI_03:0 rc=0 size: 0.39 MB [binary]
Storage batch 0Nm_BPFI_03:0 rc=0 size: 0.16 MB
---Published batch 0 at 13:58:29---
Compute batch 0Nm_BPFI_03:1 rc=0 size: 0.39 MB [binary]
Storage batch 0Nm_BPFI_03:1 rc=0 size: 0.16 MB
---Published batch 1 at 13:58:30---
Compute batch 0Nm_BPFI_03:2 rc=0 size: 0.39 MB [binary]
Storage batch 0Nm_BPFI_03:2 rc=0 size: 0.16 MB
---Published batch 2 at 13:58:31---
Compute batch 0Nm_BPFI_03:3 rc=0 size: 0.39 MB [binary]
Storage batch 0Nm_BPFI_03:3 rc=0 size: 0.16 MB
---Published batch 3 at 13:58:32---
Compute batch 0Nm_BPFI_03:4 rc=0 size: 0.39 MB [binary]
Storage batch 0Nm_BPFI_03:4 rc=0 size: 0.16 MB
---Published batch 4 at 13:58:33---
Compute batch 0Nm_BPFI_03:5 rc=0 size: 0.39 MB [binary]
Storage batch 0Nm_BPFI_03:5 rc=0 size: 0.16 MB
---Published batch 5 at 13:58:34---
Compute batch 0Nm_BPFI_03:6 rc=0 size: 0.39 MB [binary]
Storage batch 0Nm_BPFI_03:6 rc=0 size: 0.16 MB
---Published batch 6 at 13:58:35---
Compute batch 0Nm_BPFI_03:7 rc=0 size: 0.39 MB [binary]
Storage batch 0Nm_BPFI_03:7 rc=0 size: 0.16 MB
---Published batch 7 at 13:58:36---
Compute batch 0Nm_BPFI_03:8 rc=0 size: 0.39 MB [binary]
Storage batch 0Nm_BPFI_03:8 rc=0 size: 0.16 MB
---Published batch 8 at 13:58:38---
Compute batch 0Nm_BPFI_03:9 rc=0 size: 0.39 MB [binary]
Storage batch 0Nm_BPFI_03:9 rc=0 size: 0.16 MB
---Published batch 9 at 13:58:39---
Compute batch 0Nm_BPFI_03:10 rc=0 size: 0.39 MB [binary]
Storage batch 0Nm_BPFI_03:10 rc=0 size: 0.16 MB
---Published batch 10 at 13:58:40---
Compute batch 0Nm_BPFI_03:11 rc=0 size: 0.39 MB [binary]
Storage batch 0Nm_BPFI_03:11 rc=0 size: 0.16 MB
---Published batch 11 at 13:58:41---
Compute batch 0Nm_BPFI_03:12 rc=0 size: 0.39 MB [binary]
Storage batch 0Nm_BPFI_03:12 rc=0 size: 0.16 MB
---Published batch 12 at 13:58:42---
Compute batch 0Nm_BPFI_03:13 rc=0 size: 0.39 MB [binary]
Storage batch 0Nm_BPFI_03:13 rc=0 size: 0.16 MB
---Published batch 13 at 13:58:43---
Compute batch 0Nm_BPFI_03:14 rc=0 size: 0.39 MB [binary]
Storage batch 0Nm_BPFI_03:14 rc=0 size: 0.16 MB
---Published batch 14 at 13:58:44---
Compute batch 0Nm_BPFI_03:15 rc=0 size: 0.39 MB [binary]
Storage batch 0Nm_BPFI_03:15 rc=0 size: 0.16 MB
---Published batch 15 at 13:58:45---
Compute batch 0Nm_BPFI_03:16 rc=0 size: 0.39 MB [binary]
Storage batch 0Nm_BPFI_03:16 rc=0 size: 0.16 MB
---Published batch 16 at 13:58:46---
Compute batch 0Nm_BPFI_03:17 rc=0 size: 0.39 MB [binary]
Storage batch 0Nm_BPFI_03:17 rc=0 size: 0.16 MB
---Published batch 17 at 13:58:47---
Compute batch 0Nm_BPFI_03:18 rc=0 size: 0.39 MB [binary]
Storage batch 0Nm_BPFI_03:18 rc=0 size: 0.16 MB
---Published batch 18 at 13:58:48---
Compute batch 0Nm_BPFI_03:19 rc=0 size: 0.39 MB [binary]
Storage batch 0Nm_BPFI_03:19 rc=0 size: 0.16 MB
---Published batch 19 at 13:58:49---
Compute batch 0Nm_BPFI_03:20 rc=0 size: 0.39 MB [binary]
Storage batch 0Nm_BPFI_03:20 rc=0 size: 0.16 MB
---Published batch 20 at 13:58:50---
Compute batch 0Nm_BPFI_03:21 rc=0 size: 0.39 MB [binary]
Storage batch 0Nm_BPFI_03:21 rc=0 size: 0.16 MB
---Published batch 21 at 13:58:51---
Compute batch 0Nm_BPFI_03:22 rc=0 size: 0.39 MB [binary]
Storage batch 0Nm_BPFI_03:22 rc=0 size: 0.16 MB
---Published batch 22 at 13:58:52---
Compute batch 0Nm_BPFI_03:23 rc=0 size: 0.39 MB [binary]
Storage batch 0Nm_BPFI_03:23 rc=0 size: 0.16 MB
---Published batch 23 at 13:58:53---
Compute batch 0Nm_BPFI_03:24 rc=0 size: 0.39 MB [binary]
Storage batch 0Nm_BPFI_03:24 rc=0 size: 0.16 MB
---Published batch 24 at 13:58:54---
Compute batch 0Nm_BPFI_03:25 rc=0 size: 0.39 MB [binary]
Storage batch 0Nm_BPFI_03:25 rc=0 size: 0.16 MB
---Published batch 25 at 13:58:55---
Compute batch 0Nm_BPFI_03:26 rc=0 size: 0.39 MB [binary]
Storage batch 0Nm_BPFI_03:26 rc=0 size: 0.16 MB
---Published batch 26 at 13:58:56---
Compute batch 0Nm_BPFI_03:27 rc=0 size: 0.39 MB [binary]
Storage batch 0Nm_BPFI_03:27 rc=0 size: 0.16 MB
---Published batch 27 at 13:58:57---
Compute batch 0Nm_BPFI_03:28 rc=0 size: 0.39 MB [binary]
Storage batch 0Nm_BPFI_03:28 rc=0 size: 0.16 MB
---Published batch 28 at 13:58:58---
Compute batch 0Nm_BPFI_03:29 rc=0 size: 0.39 MB [binary]
Storage batch 0Nm_BPFI_03:29 rc=0 size: 0.16 MB
---Published batch 29 at 13:59:00---
Compute batch 0Nm_BPFI_03:30 rc=0 size: 0.39 MB [binary]
Storage batch 0Nm_BPFI_03:30 rc=0 size: 0.16 MB
---Published batch 30 at 13:59:01---
Compute batch 0Nm_BPFI_03:31 rc=0 size: 0.39 MB [binary]
Storage batch 0Nm_BPFI_03:31 rc=0 size: 0.16 MB
---Published batch 31 at 13:59:02---
Compute batch 0Nm_BPFI_03:32 rc=0 size: 0.39 MB [binary]
Storage batch 0Nm_BPFI_03:32 rc=0 size: 0.16 MB
---Published batch 32 at 13:59:03---
Compute batch 0Nm_BPFI_03:33 rc=0 size: 0.39 MB [binary]
Storage batch 0Nm_BPFI_03:33 rc=0 size: 0.16 MB
---Published batch 33 at 13:59:04---
Compute batch 0Nm_BPFI_03:34 rc=0 size: 0.39 MB [binary]
Storage batch 0Nm_BPFI_03:34 rc=0 size: 0.16 MB
---Published batch 34 at 13:59:05---
Compute batch 0Nm_BPFI_03:35 rc=0 size: 0.39 MB [binary]
Storage batch 0Nm_BPFI_03:35 rc=0 size: 0.16 MB
---Published batch 35 at 13:59:06---
Compute batch 0Nm_BPFI_03:36 rc=0 size: 0.39 MB [binary]
Storage batch 0Nm_BPFI_03:36 rc=0 size: 0.16 MB
---Published batch 36 at 13:59:07---
Compute batch 0Nm_BPFI_03:37 rc=0 size: 0.39 MB [binary]
Storage batch 0Nm_BPFI_03:37 rc=0 size: 0.16 MB
---Published batch 37 at 13:59:08---
Compute batch 0Nm_BPFI_03:38 rc=0 size: 0.39 MB [binary]
Storage batch 0Nm_BPFI_03:38 rc=0 size: 0.16 MB
---Published batch 38 at 13:59:09---
Compute batch 0Nm_BPFI_03:39 rc=0 size: 0.39 MB [binary]
Storage batch 0Nm_BPFI_03:39 rc=0 size: 0.16 MB
---Published batch 39 at 13:59:10---
Compute batch 0Nm_BPFI_03:40 rc=0 size: 0.39 MB [binary]
Storage batch 0Nm_BPFI_03:40 rc=0 size: 0.16 MB
---Published batch 40 at 13:59:11---
Compute batch 0Nm_BPFI_03:41 rc=0 size: 0.39 MB [binary]
Storage batch 0Nm_BPFI_03:41 rc=0 size: 0.16 MB
---Published batch 41 at 13:59:12---
Compute batch 0Nm_BPFI_03:42 rc=0 size: 0.39 MB [binary]
Storage batch 0Nm_BPFI_03:42 rc=0 size: 0.16 MB
---Published batch 42 at 13:59:13---
Compute batch 0Nm_BPFI_03:43 rc=0 size: 0.39 MB [binary]
Storage batch 0Nm_BPFI_03:43 rc=0 size: 0.16 MB
---Published batch 43 at 13:59:14---
Compute batch 0Nm_BPFI_03:44 rc=0 size: 0.39 MB [binary]
Storage batch 0Nm_BPFI_03:44 rc=0 size: 0.16 MB
---Published batch 44 at 13:59:15---
Compute batch 0Nm_BPFI_03:45 rc=0 size: 0.39 MB [binary]
Storage batch 0Nm_BPFI_03:45 rc=0 size: 0.16 MB
---Published batch 45 at 13:59:16---
Compute batch 0Nm_BPFI_03:46 rc=0 size: 0.39 MB [binary]
Storage batch 0Nm_BPFI_03:46 rc=0 size: 0.16 MB
---Published batch 46 at 13:59:17---
Compute batch 0Nm_BPFI_03:47 rc=0 size: 0.39 MB [binary]
Storage batch 0Nm_BPFI_03:47 rc=0 size: 0.16 MB
---Published batch 47 at 13:59:18---
Compute batch 0Nm_BPFI_03:48 rc=0 size: 0.39 MB [binary]
Storage batch 0Nm_BPFI_03:48 rc=0 size: 0.16 MB
---Published batch 48 at 13:59:19---
NTP sync ok offset_ns=-31951049
Compute batch 0Nm_BPFI_03:49 rc=0 size: 0.39 MB [binary]
Storage batch 0Nm_BPFI_03:49 rc=0 size: 0.16 MB
---Published batch 49 at 13:59:20---
Compute batch 0Nm_BPFI_03:50 rc=0 size: 0.39 MB [binary]
Storage batch 0Nm_BPFI_03:50 rc=0 size: 0.16 MB
---Published batch 50 at 13:59:21---
Compute batch 0Nm_BPFI_03:51 rc=0 size: 0.39 MB [binary]
Storage batch 0Nm_BPFI_03:51 rc=0 size: 0.16 MB
---Published batch 51 at 13:59:23---
Compute batch 0Nm_BPFI_03:52 rc=0 size: 0.39 MB [binary]
Storage batch 0Nm_BPFI_03:52 rc=0 size: 0.16 MB
---Published batch 52 at 13:59:24---
Compute batch 0Nm_BPFI_03:53 rc=0 size: 0.39 MB [binary]
Storage batch 0Nm_BPFI_03:53 rc=0 size: 0.16 MB
---Published batch 53 at 13:59:25---
Compute batch 0Nm_BPFI_03:54 rc=0 size: 0.39 MB [binary]
Storage batch 0Nm_BPFI_03:54 rc=0 size: 0.16 MB
---Published batch 54 at 13:59:26---
Compute batch 0Nm_BPFI_03:55 rc=0 size: 0.39 MB [binary]
Storage batch 0Nm_BPFI_03:55 rc=0 size: 0.16 MB
---Published batch 55 at 13:59:27---
Compute batch 0Nm_BPFI_03:56 rc=0 size: 0.39 MB [binary]
Storage batch 0Nm_BPFI_03:56 rc=0 size: 0.16 MB
---Published batch 56 at 13:59:28---
Compute batch 0Nm_BPFI_03:57 rc=0 size: 0.39 MB [binary]
Storage batch 0Nm_BPFI_03:57 rc=0 size: 0.16 MB
---Published batch 57 at 13:59:29---
Compute batch 0Nm_BPFI_03:58 rc=0 size: 0.39 MB [binary]
Storage batch 0Nm_BPFI_03:58 rc=0 size: 0.16 MB
---Published batch 58 at 13:59:30---
Compute batch 0Nm_BPFI_03:59 rc=0 size: 0.39 MB [binary]
Storage batch 0Nm_BPFI_03:59 rc=0 size: 0.16 MB
---Published batch 59 at 13:59:31---
Compute batch 0Nm_BPFI_03:60 rc=0 size: 0.39 MB [binary]
Storage batch 0Nm_BPFI_03:60 rc=0 size: 0.16 MB
---Published batch 60 at 13:59:32---
Compute batch 0Nm_BPFI_03:61 rc=0 size: 0.39 MB [binary]
Storage batch 0Nm_BPFI_03:61 rc=0 size: 0.16 MB
---Published batch 61 at 13:59:33---
Compute batch 0Nm_BPFI_03:62 rc=0 size: 0.39 MB [binary]
Storage batch 0Nm_BPFI_03:62 rc=0 size: 0.16 MB
---Published batch 62 at 13:59:34---
Compute batch 0Nm_BPFI_03:63 rc=0 size: 0.39 MB [binary]
Storage batch 0Nm_BPFI_03:63 rc=0 size: 0.16 MB
---Published batch 63 at 13:59:35---
Compute batch 0Nm_BPFI_03:64 rc=0 size: 0.39 MB [binary]
Storage batch 0Nm_BPFI_03:64 rc=0 size: 0.16 MB
---Published batch 64 at 13:59:36---
Compute batch 0Nm_BPFI_03:65 rc=0 size: 0.39 MB [binary]
Storage batch 0Nm_BPFI_03:65 rc=0 size: 0.16 MB
---Published batch 65 at 13:59:37---
Compute batch 0Nm_BPFI_03:66 rc=0 size: 0.39 MB [binary]
Storage batch 0Nm_BPFI_03:66 rc=0 size: 0.16 MB
---Published batch 66 at 13:59:38---
Compute batch 0Nm_BPFI_03:67 rc=0 size: 0.39 MB [binary]
Storage batch 0Nm_BPFI_03:67 rc=0 size: 0.16 MB
---Published batch 67 at 13:59:39---
Compute batch 0Nm_BPFI_03:68 rc=0 size: 0.39 MB [binary]
Storage batch 0Nm_BPFI_03:68 rc=0 size: 0.16 MB
---Published batch 68 at 13:59:40---
Compute batch 0Nm_BPFI_03:69 rc=0 size: 0.39 MB [binary]
Storage batch 0Nm_BPFI_03:69 rc=0 size: 0.16 MB
---Published batch 69 at 13:59:41---
Compute batch 0Nm_BPFI_03:70 rc=0 size: 0.39 MB [binary]
Storage batch 0Nm_BPFI_03:70 rc=0 size: 0.16 MB
---Published batch 70 at 13:59:42---
Compute batch 0Nm_BPFI_03:71 rc=0 size: 0.39 MB [binary]
Storage batch 0Nm_BPFI_03:71 rc=0 size: 0.16 MB
---Published batch 71 at 13:59:43---
Compute batch 0Nm_BPFI_03:72 rc=0 size: 0.39 MB [binary]
Storage batch 0Nm_BPFI_03:72 rc=0 size: 0.16 MB
---Published batch 72 at 13:59:44---
Compute batch 0Nm_BPFI_03:73 rc=0 size: 0.39 MB [binary]
Storage batch 0Nm_BPFI_03:73 rc=0 size: 0.16 MB
---Published batch 73 at 13:59:45---
Compute batch 0Nm_BPFI_03:74 rc=0 size: 0.39 MB [binary]
Storage batch 0Nm_BPFI_03:74 rc=0 size: 0.16 MB
---Published batch 74 at 13:59:46---
Compute batch 0Nm_BPFI_03:75 rc=0 size: 0.39 MB [binary]
Storage batch 0Nm_BPFI_03:75 rc=0 size: 0.16 MB
---Published batch 75 at 13:59:48---
Compute batch 0Nm_BPFI_03:76 rc=0 size: 0.39 MB [binary]
Storage batch 0Nm_BPFI_03:76 rc=0 size: 0.16 MB
---Published batch 76 at 13:59:49---
Compute batch 0Nm_BPFI_03:77 rc=0 size: 0.39 MB [binary]
Storage batch 0Nm_BPFI_03:77 rc=0 size: 0.16 MB
---Published batch 77 at 13:59:50---
Compute batch 0Nm_BPFI_03:78 rc=0 size: 0.39 MB [binary]
Storage batch 0Nm_BPFI_03:78 rc=0 size: 0.16 MB
---Published batch 78 at 13:59:51---
Compute batch 0Nm_BPFI_03:79 rc=0 size: 0.39 MB [binary]
Storage batch 0Nm_BPFI_03:79 rc=0 size: 0.16 MB
---Published batch 79 at 13:59:52---
Compute batch 0Nm_BPFI_03:80 rc=0 size: 0.39 MB [binary]
Storage batch 0Nm_BPFI_03:80 rc=0 size: 0.16 MB
---Published batch 80 at 13:59:53---
Compute batch 0Nm_BPFI_03:81 rc=0 size: 0.39 MB [binary]
Storage batch 0Nm_BPFI_03:81 rc=0 size: 0.16 MB
---Published batch 81 at 13:59:54---
Compute batch 0Nm_BPFI_03:82 rc=0 size: 0.39 MB [binary]
Storage batch 0Nm_BPFI_03:82 rc=0 size: 0.16 MB
---Published batch 82 at 13:59:55---
Compute batch 0Nm_BPFI_03:83 rc=0 size: 0.39 MB [binary]
Storage batch 0Nm_BPFI_03:83 rc=0 size: 0.16 MB
---Published batch 83 at 13:59:56---
Compute batch 0Nm_BPFI_03:84 rc=0 size: 0.39 MB [binary]
Storage batch 0Nm_BPFI_03:84 rc=0 size: 0.16 MB
---Published batch 84 at 13:59:57---
Compute batch 0Nm_BPFI_03:85 rc=0 size: 0.39 MB [binary]
Storage batch 0Nm_BPFI_03:85 rc=0 size: 0.16 MB
---Published batch 85 at 13:59:58---
Compute batch 0Nm_BPFI_03:86 rc=0 size: 0.39 MB [binary]
Storage batch 0Nm_BPFI_03:86 rc=0 size: 0.16 MB
---Published batch 86 at 13:59:59---
Compute batch 0Nm_BPFI_03:87 rc=0 size: 0.39 MB [binary]
Storage batch 0Nm_BPFI_03:87 rc=0 size: 0.16 MB
---Published batch 87 at 14:00:00---
Compute batch 0Nm_BPFI_03:88 rc=0 size: 0.39 MB [binary]
Storage batch 0Nm_BPFI_03:88 rc=0 size: 0.16 MB
---Published batch 88 at 14:00:01---
Compute batch 0Nm_BPFI_03:89 rc=0 size: 0.39 MB [binary]
Storage batch 0Nm_BPFI_03:89 rc=0 size: 0.16 MB
---Published batch 89 at 14:00:02---
Compute batch 0Nm_BPFI_03:90 rc=0 size: 0.39 MB [binary]
Storage batch 0Nm_BPFI_03:90 rc=0 size: 0.16 MB
---Published batch 90 at 14:00:03---
Compute batch 0Nm_BPFI_03:91 rc=0 size: 0.39 MB [binary]
Storage batch 0Nm_BPFI_03:91 rc=0 size: 0.16 MB
---Published batch 91 at 14:00:04---
Compute batch 0Nm_BPFI_03:92 rc=0 size: 0.39 MB [binary]
Storage batch 0Nm_BPFI_03:92 rc=0 size: 0.16 MB
---Published batch 92 at 14:00:05---
Compute batch 0Nm_BPFI_03:93 rc=0 size: 0.39 MB [binary]
Storage batch 0Nm_BPFI_03:93 rc=0 size: 0.16 MB
---Published batch 93 at 14:00:06---
Compute batch 0Nm_BPFI_03:94 rc=0 size: 0.39 MB [binary]
Storage batch 0Nm_BPFI_03:94 rc=0 size: 0.16 MB
---Published batch 94 at 14:00:07---
Compute batch 0Nm_BPFI_03:95 rc=0 size: 0.39 MB [binary]
Storage batch 0Nm_BPFI_03:95 rc=0 size: 0.16 MB
---Published batch 95 at 14:00:08---
Compute batch 0Nm_BPFI_03:96 rc=0 size: 0.39 MB [binary]
Storage batch 0Nm_BPFI_03:96 rc=0 size: 0.16 MB
---Published batch 96 at 14:00:09---
Compute batch 0Nm_BPFI_03:97 rc=0 size: 0.39 MB [binary]
Storage batch 0Nm_BPFI_03:97 rc=0 size: 0.16 MB
---Published batch 97 at 14:00:11---
Compute batch 0Nm_BPFI_03:98 rc=0 size: 0.39 MB [binary]
Storage batch 0Nm_BPFI_03:98 rc=0 size: 0.16 MB
---Published batch 98 at 14:00:12---
Compute batch 0Nm_BPFI_03:99 rc=0 size: 0.39 MB [binary]
Storage batch 0Nm_BPFI_03:99 rc=0 size: 0.16 MB
---Published batch 99 at 14:00:13---
Compute batch 0Nm_BPFI_03:100 rc=0 size: 0.39 MB [binary]
Storage batch 0Nm_BPFI_03:100 rc=0 size: 0.16 MB
---Published batch 100 at 14:00:14---
Compute batch 0Nm_BPFI_03:101 rc=0 size: 0.39 MB [binary]
Storage batch 0Nm_BPFI_03:101 rc=0 size: 0.16 MB
---Published batch 101 at 14:00:15---
Compute batch 0Nm_BPFI_03:102 rc=0 size: 0.39 MB [binary]
Storage batch 0Nm_BPFI_03:102 rc=0 size: 0.16 MB
---Published batch 102 at 14:00:16---
Compute batch 0Nm_BPFI_03:103 rc=0 size: 0.39 MB [binary]
Storage batch 0Nm_BPFI_03:103 rc=0 size: 0.16 MB
---Published batch 103 at 14:00:17---
Compute batch 0Nm_BPFI_03:104 rc=0 size: 0.39 MB [binary]
Storage batch 0Nm_BPFI_03:104 rc=0 size: 0.16 MB
---Published batch 104 at 14:00:18---
Compute batch 0Nm_BPFI_03:105 rc=0 size: 0.39 MB [binary]
Storage batch 0Nm_BPFI_03:105 rc=0 size: 0.16 MB
---Published batch 105 at 14:00:19---
Compute batch 0Nm_BPFI_03:106 rc=0 size: 0.39 MB [binary]
Storage batch 0Nm_BPFI_03:106 rc=0 size: 0.16 MB
---Published batch 106 at 14:00:20---
NTP sync ok offset_ns=-5923001
Compute batch 0Nm_BPFI_03:107 rc=0 size: 0.39 MB [binary]
Storage batch 0Nm_BPFI_03:107 rc=0 size: 0.16 MB
---Published batch 107 at 14:00:21---
Compute batch 0Nm_BPFI_03:108 rc=0 size: 0.39 MB [binary]
Storage batch 0Nm_BPFI_03:108 rc=0 size: 0.16 MB
---Published batch 108 at 14:00:22---
Compute batch 0Nm_BPFI_03:109 rc=0 size: 0.39 MB [binary]
Storage batch 0Nm_BPFI_03:109 rc=0 size: 0.16 MB
---Published batch 109 at 14:00:23---
Compute batch 0Nm_BPFI_03:110 rc=0 size: 0.39 MB [binary]
Storage batch 0Nm_BPFI_03:110 rc=0 size: 0.16 MB
---Published batch 110 at 14:00:24---
Compute batch 0Nm_BPFI_03:111 rc=0 size: 0.39 MB [binary]
Storage batch 0Nm_BPFI_03:111 rc=0 size: 0.16 MB
---Published batch 111 at 14:00:25---
Compute batch 0Nm_BPFI_03:112 rc=0 size: 0.39 MB [binary]
Storage batch 0Nm_BPFI_03:112 rc=0 size: 0.16 MB
---Published batch 112 at 14:00:26---
Compute batch 0Nm_BPFI_03:113 rc=0 size: 0.39 MB [binary]
Storage batch 0Nm_BPFI_03:113 rc=0 size: 0.16 MB
---Published batch 113 at 14:00:27---
Compute batch 0Nm_BPFI_03:114 rc=0 size: 0.39 MB [binary]
Storage batch 0Nm_BPFI_03:114 rc=0 size: 0.16 MB
---Published batch 114 at 14:00:28---
Compute batch 0Nm_BPFI_03:115 rc=0 size: 0.39 MB [binary]
Storage batch 0Nm_BPFI_03:115 rc=0 size: 0.16 MB
---Published batch 115 at 14:00:29---
Compute batch 0Nm_BPFI_03:116 rc=0 size: 0.39 MB [binary]
Storage batch 0Nm_BPFI_03:116 rc=0 size: 0.16 MB
---Published batch 116 at 14:00:30---
Compute batch 0Nm_BPFI_03:117 rc=0 size: 0.39 MB [binary]
Storage batch 0Nm_BPFI_03:117 rc=0 size: 0.16 MB
---Published batch 117 at 14:00:31---
Compute batch 0Nm_BPFI_03:118 rc=0 size: 0.39 MB [binary]
Storage batch 0Nm_BPFI_03:118 rc=0 size: 0.16 MB
---Published batch 118 at 14:00:32---
Compute batch 0Nm_BPFI_03:119 rc=0 size: 0.39 MB [binary]
Storage batch 0Nm_BPFI_03:119 rc=0 size: 0.16 MB
---Published batch 119 at 14:00:33---
Compute batch 0Nm_BPFI_03:120 rc=0 size: 0.39 MB [binary]
Storage batch 0Nm_BPFI_03:120 rc=0 size: 0.16 MB
---Published batch 120 at 14:00:34---
Compute batch 0Nm_BPFI_03:121 rc=0 size: 0.39 MB [binary]
Storage batch 0Nm_BPFI_03:121 rc=0 size: 0.16 MB
---Published batch 121 at 14:00:35---
Compute batch 0Nm_BPFI_03:122 rc=0 size: 0.39 MB [binary]
Storage batch 0Nm_BPFI_03:122 rc=0 size: 0.16 MB
---Published batch 122 at 14:00:36---
Compute batch 0Nm_BPFI_03:123 rc=0 size: 0.39 MB [binary]
Storage batch 0Nm_BPFI_03:123 rc=0 size: 0.16 MB
---Published batch 123 at 14:00:37---
Compute batch 0Nm_BPFI_03:124 rc=0 size: 0.39 MB [binary]
Storage batch 0Nm_BPFI_03:124 rc=0 size: 0.16 MB
---Published batch 124 at 14:00:39---
Compute batch 0Nm_BPFI_03:125 rc=0 size: 0.39 MB [binary]
Storage batch 0Nm_BPFI_03:125 rc=0 size: 0.16 MB
---Published batch 125 at 14:00:40---
Compute batch 0Nm_BPFI_03:126 rc=0 size: 0.39 MB [binary]
Storage batch 0Nm_BPFI_03:126 rc=0 size: 0.16 MB
---Published batch 126 at 14:00:41---
Compute batch 0Nm_BPFI_03:127 rc=0 size: 0.39 MB [binary]
Storage batch 0Nm_BPFI_03:127 rc=0 size: 0.16 MB
---Published batch 127 at 14:00:42---
Compute batch 0Nm_BPFI_03:128 rc=0 size: 0.39 MB [binary]
Storage batch 0Nm_BPFI_03:128 rc=0 size: 0.16 MB
---Published batch 128 at 14:00:43---
Compute batch 0Nm_BPFI_03:129 rc=0 size: 0.39 MB [binary]
Storage batch 0Nm_BPFI_03:129 rc=0 size: 0.16 MB
---Published batch 129 at 14:00:44---
Compute batch 0Nm_BPFI_03:130 rc=0 size: 0.39 MB [binary]
Storage batch 0Nm_BPFI_03:130 rc=0 size: 0.16 MB
---Published batch 130 at 14:00:45---
Compute batch 0Nm_BPFI_03:131 rc=0 size: 0.39 MB [binary]
Storage batch 0Nm_BPFI_03:131 rc=0 size: 0.16 MB
---Published batch 131 at 14:00:46---
Compute batch 0Nm_BPFI_03:132 rc=0 size: 0.39 MB [binary]
Storage batch 0Nm_BPFI_03:132 rc=0 size: 0.16 MB
---Published batch 132 at 14:00:47---
Compute batch 0Nm_BPFI_03:133 rc=0 size: 0.39 MB [binary]
Storage batch 0Nm_BPFI_03:133 rc=0 size: 0.16 MB
---Published batch 133 at 14:00:48---
Compute batch 0Nm_BPFI_03:134 rc=0 size: 0.39 MB [binary]
Storage batch 0Nm_BPFI_03:134 rc=0 size: 0.16 MB
---Published batch 134 at 14:00:49---
Compute batch 0Nm_BPFI_03:135 rc=0 size: 0.39 MB [binary]
Storage batch 0Nm_BPFI_03:135 rc=0 size: 0.16 MB
---Published batch 135 at 14:00:50---
Compute batch 0Nm_BPFI_03:136 rc=0 size: 0.39 MB [binary]
Storage batch 0Nm_BPFI_03:136 rc=0 size: 0.16 MB
---Published batch 136 at 14:00:51---
Compute batch 0Nm_BPFI_03:137 rc=0 size: 0.39 MB [binary]
Storage batch 0Nm_BPFI_03:137 rc=0 size: 0.16 MB
---Published batch 137 at 14:00:52---
Compute batch 0Nm_BPFI_03:138 rc=0 size: 0.39 MB [binary]
Storage batch 0Nm_BPFI_03:138 rc=0 size: 0.16 MB
---Published batch 138 at 14:00:53---
Compute batch 0Nm_BPFI_03:139 rc=0 size: 0.39 MB [binary]
Storage batch 0Nm_BPFI_03:139 rc=0 size: 0.16 MB
---Published batch 139 at 14:00:54---
Compute batch 0Nm_BPFI_03:140 rc=0 size: 0.39 MB [binary]
Storage batch 0Nm_BPFI_03:140 rc=0 size: 0.16 MB
---Published batch 140 at 14:00:55---
Compute batch 0Nm_BPFI_03:141 rc=0 size: 0.39 MB [binary]
Storage batch 0Nm_BPFI_03:141 rc=0 size: 0.16 MB
---Published batch 141 at 14:00:56---
Compute batch 0Nm_BPFI_03:142 rc=0 size: 0.39 MB [binary]
Storage batch 0Nm_BPFI_03:142 rc=0 size: 0.16 MB
---Published batch 142 at 14:00:57---
Compute batch 0Nm_BPFI_03:143 rc=0 size: 0.39 MB [binary]
Storage batch 0Nm_BPFI_03:143 rc=0 size: 0.16 MB
---Published batch 143 at 14:00:58---
Compute batch 0Nm_BPFI_03:144 rc=0 size: 0.39 MB [binary]
Storage batch 0Nm_BPFI_03:144 rc=0 size: 0.16 MB
---Published batch 144 at 14:00:59---
Compute batch 0Nm_BPFI_03:145 rc=0 size: 0.39 MB [binary]
Storage batch 0Nm_BPFI_03:145 rc=0 size: 0.16 MB
---Published batch 145 at 14:01:01---
Compute batch 0Nm_BPFI_03:146 rc=0 size: 0.39 MB [binary]
Storage batch 0Nm_BPFI_03:146 rc=0 size: 0.16 MB
---Published batch 146 at 14:01:02---
Compute batch 0Nm_BPFI_03:147 rc=0 size: 0.39 MB [binary]
Storage batch 0Nm_BPFI_03:147 rc=0 size: 0.16 MB
---Published batch 147 at 14:01:03---
Compute batch 0Nm_BPFI_03:148 rc=0 size: 0.39 MB [binary]
Storage batch 0Nm_BPFI_03:148 rc=0 size: 0.16 MB
---Published batch 148 at 14:01:04---
Compute batch 0Nm_BPFI_03:149 rc=0 size: 0.39 MB [binary]
Storage batch 0Nm_BPFI_03:149 rc=0 size: 0.16 MB
---Published batch 149 at 14:01:05---
Compute batch 0Nm_BPFI_03:150 rc=0 size: 0.39 MB [binary]
Storage batch 0Nm_BPFI_03:150 rc=0 size: 0.16 MB
---Published batch 150 at 14:01:06---
Compute batch 0Nm_BPFI_03:151 rc=0 size: 0.39 MB [binary]
Storage batch 0Nm_BPFI_03:151 rc=0 size: 0.16 MB
---Published batch 151 at 14:01:07---
Compute batch 0Nm_BPFI_03:152 rc=0 size: 0.39 MB [binary]
Storage batch 0Nm_BPFI_03:152 rc=0 size: 0.16 MB
---Published batch 152 at 14:01:08---
Compute batch 0Nm_BPFI_03:153 rc=0 size: 0.39 MB [binary]
Storage batch 0Nm_BPFI_03:153 rc=0 size: 0.16 MB
---Published batch 153 at 14:01:09---
Compute batch 0Nm_BPFI_03:154 rc=0 size: 0.39 MB [binary]
Storage batch 0Nm_BPFI_03:154 rc=0 size: 0.16 MB
---Published batch 154 at 14:01:10---
Compute batch 0Nm_BPFI_03:155 rc=0 size: 0.39 MB [binary]
Storage batch 0Nm_BPFI_03:155 rc=0 size: 0.16 MB
---Published batch 155 at 14:01:11---
Compute batch 0Nm_BPFI_03:156 rc=0 size: 0.39 MB [binary]
Storage batch 0Nm_BPFI_03:156 rc=0 size: 0.16 MB
---Published batch 156 at 14:01:12---
Compute batch 0Nm_BPFI_03:157 rc=0 size: 0.39 MB [binary]
Storage batch 0Nm_BPFI_03:157 rc=0 size: 0.16 MB
---Published batch 157 at 14:01:13---
Compute batch 0Nm_BPFI_03:158 rc=0 size: 0.39 MB [binary]
Storage batch 0Nm_BPFI_03:158 rc=0 size: 0.16 MB
---Published batch 158 at 14:01:14---
Compute batch 0Nm_BPFI_03:159 rc=0 size: 0.39 MB [binary]
Storage batch 0Nm_BPFI_03:159 rc=0 size: 0.16 MB
---Published batch 159 at 14:01:15---
Compute batch 0Nm_BPFI_03:160 rc=0 size: 0.39 MB [binary]
Storage batch 0Nm_BPFI_03:160 rc=0 size: 0.16 MB
---Published batch 160 at 14:01:16---
Compute batch 0Nm_BPFI_03:161 rc=0 size: 0.39 MB [binary]
Storage batch 0Nm_BPFI_03:161 rc=0 size: 0.16 MB
---Published batch 161 at 14:01:17---
Compute batch 0Nm_BPFI_03:162 rc=0 size: 0.39 MB [binary]
Storage batch 0Nm_BPFI_03:162 rc=0 size: 0.16 MB
---Published batch 162 at 14:01:18---
Compute batch 0Nm_BPFI_03:163 rc=0 size: 0.39 MB [binary]
Storage batch 0Nm_BPFI_03:163 rc=0 size: 0.16 MB
---Published batch 163 at 14:01:19---
Compute batch 0Nm_BPFI_03:164 rc=0 size: 0.39 MB [binary]
Storage batch 0Nm_BPFI_03:164 rc=0 size: 0.16 MB
---Published batch 164 at 14:01:20---
NTP sync ok offset_ns=-3871792
Compute batch 0Nm_BPFI_03:165 rc=0 size: 0.39 MB [binary]
Storage batch 0Nm_BPFI_03:165 rc=0 size: 0.16 MB
---Published batch 165 at 14:01:21---
Compute batch 0Nm_BPFI_03:166 rc=0 size: 0.39 MB [binary]
Storage batch 0Nm_BPFI_03:166 rc=0 size: 0.16 MB
---Published batch 166 at 14:01:22---
Compute batch 0Nm_BPFI_03:167 rc=0 size: 0.39 MB [binary]
Storage batch 0Nm_BPFI_03:167 rc=0 size: 0.16 MB
---Published batch 167 at 14:01:23---
Compute batch 0Nm_BPFI_03:168 rc=0 size: 0.39 MB [binary]
Storage batch 0Nm_BPFI_03:168 rc=0 size: 0.16 MB
---Published batch 168 at 14:01:25---
Compute batch 0Nm_BPFI_03:169 rc=0 size: 0.39 MB [binary]
Storage batch 0Nm_BPFI_03:169 rc=0 size: 0.16 MB
---Published batch 169 at 14:01:26---
Compute batch 0Nm_BPFI_03:170 rc=0 size: 0.39 MB [binary]
Storage batch 0Nm_BPFI_03:170 rc=0 size: 0.16 MB
---Published batch 170 at 14:01:27---
Compute batch 0Nm_BPFI_03:171 rc=0 size: 0.39 MB [binary]
Storage batch 0Nm_BPFI_03:171 rc=0 size: 0.16 MB
---Published batch 171 at 14:01:28---
Compute batch 0Nm_BPFI_03:172 rc=0 size: 0.39 MB [binary]
Storage batch 0Nm_BPFI_03:172 rc=0 size: 0.16 MB
---Published batch 172 at 14:01:29---
Compute batch 0Nm_BPFI_03:173 rc=0 size: 0.39 MB [binary]
Storage batch 0Nm_BPFI_03:173 rc=0 size: 0.16 MB
---Published batch 173 at 14:01:30---
Compute batch 0Nm_BPFI_03:174 rc=0 size: 0.39 MB [binary]
Storage batch 0Nm_BPFI_03:174 rc=0 size: 0.16 MB
---Published batch 174 at 14:01:31---
Compute batch 0Nm_BPFI_03:175 rc=0 size: 0.39 MB [binary]
Storage batch 0Nm_BPFI_03:175 rc=0 size: 0.16 MB
---Published batch 175 at 14:01:32---
Compute batch 0Nm_BPFI_03:176 rc=0 size: 0.39 MB [binary]
Storage batch 0Nm_BPFI_03:176 rc=0 size: 0.16 MB
---Published batch 176 at 14:01:33---
Compute batch 0Nm_BPFI_03:177 rc=0 size: 0.39 MB [binary]
Storage batch 0Nm_BPFI_03:177 rc=0 size: 0.16 MB
---Published batch 177 at 14:01:34---
Compute batch 0Nm_BPFI_03:178 rc=0 size: 0.39 MB [binary]
Storage batch 0Nm_BPFI_03:178 rc=0 size: 0.16 MB
---Published batch 178 at 14:01:35---
Compute batch 0Nm_BPFI_03:179 rc=0 size: 0.39 MB [binary]
Storage batch 0Nm_BPFI_03:179 rc=0 size: 0.16 MB
---Published batch 179 at 14:01:36---
Chosen file: 0Nm_BPFI_03.csv
Compute batch 0Nm_BPFI_03:0 rc=0 size: 0.39 MB [binary]
Storage batch 0Nm_BPFI_03:0 rc=0 size: 0.16 MB
---Published batch 0 at 14:01:40---
Compute batch 0Nm_BPFI_03:1 rc=0 size: 0.39 MB [binary]
Storage batch 0Nm_BPFI_03:1 rc=0 size: 0.16 MB
---Published batch 1 at 14:01:41---
Compute batch 0Nm_BPFI_03:2 rc=0 size: 0.39 MB [binary]
Storage batch 0Nm_BPFI_03:2 rc=0 size: 0.16 MB
---Published batch 2 at 14:01:42---
Compute batch 0Nm_BPFI_03:3 rc=0 size: 0.39 MB [binary]
Storage batch 0Nm_BPFI_03:3 rc=0 size: 0.16 MB
---Published batch 3 at 14:01:43---
Compute batch 0Nm_BPFI_03:4 rc=0 size: 0.39 MB [binary]
Storage batch 0Nm_BPFI_03:4 rc=0 size: 0.16 MB
---Published batch 4 at 14:01:44---
Compute batch 0Nm_BPFI_03:5 rc=0 size: 0.39 MB [binary]
Storage batch 0Nm_BPFI_03:5 rc=0 size: 0.16 MB
---Published batch 5 at 14:01:45---
Compute batch 0Nm_BPFI_03:6 rc=0 size: 0.39 MB [binary]
Storage batch 0Nm_BPFI_03:6 rc=0 size: 0.16 MB
---Published batch 6 at 14:01:46---
Compute batch 0Nm_BPFI_03:7 rc=0 size: 0.39 MB [binary]
Storage batch 0Nm_BPFI_03:7 rc=0 size: 0.16 MB
---Published batch 7 at 14:01:47---
Compute batch 0Nm_BPFI_03:8 rc=0 size: 0.39 MB [binary]
Storage batch 0Nm_BPFI_03:8 rc=0 size: 0.16 MB
---Published batch 8 at 14:01:48---
Compute batch 0Nm_BPFI_03:9 rc=0 size: 0.39 MB [binary]
Storage batch 0Nm_BPFI_03:9 rc=0 size: 0.16 MB
---Published batch 9 at 14:01:49---
Compute batch 0Nm_BPFI_03:10 rc=0 size: 0.39 MB [binary]
Storage batch 0Nm_BPFI_03:10 rc=0 size: 0.16 MB
---Published batch 10 at 14:01:50---
Compute batch 0Nm_BPFI_03:11 rc=0 size: 0.39 MB [binary]
Storage batch 0Nm_BPFI_03:11 rc=0 size: 0.16 MB
---Published batch 11 at 14:01:52---
Compute batch 0Nm_BPFI_03:12 rc=0 size: 0.39 MB [binary]
Storage batch 0Nm_BPFI_03:12 rc=0 size: 0.16 MB
---Published batch 12 at 14:01:53---
Compute batch 0Nm_BPFI_03:13 rc=0 size: 0.39 MB [binary]
Storage batch 0Nm_BPFI_03:13 rc=0 size: 0.16 MB
---Published batch 13 at 14:01:54---
Compute batch 0Nm_BPFI_03:14 rc=0 size: 0.39 MB [binary]
Storage batch 0Nm_BPFI_03:14 rc=0 size: 0.16 MB
---Published batch 14 at 14:01:55---
Compute batch 0Nm_BPFI_03:15 rc=0 size: 0.39 MB [binary]
Storage batch 0Nm_BPFI_03:15 rc=0 size: 0.16 MB
---Published batch 15 at 14:01:56---
Compute batch 0Nm_BPFI_03:16 rc=0 size: 0.39 MB [binary]
Storage batch 0Nm_BPFI_03:16 rc=0 size: 0.16 MB
---Published batch 16 at 14:01:57---
Compute batch 0Nm_BPFI_03:17 rc=0 size: 0.39 MB [binary]
Storage batch 0Nm_BPFI_03:17 rc=0 size: 0.16 MB
---Published batch 17 at 14:01:58---
Compute batch 0Nm_BPFI_03:18 rc=0 size: 0.39 MB [binary]
Storage batch 0Nm_BPFI_03:18 rc=0 size: 0.16 MB
---Published batch 18 at 14:01:59---
Compute batch 0Nm_BPFI_03:19 rc=0 size: 0.39 MB [binary]
Storage batch 0Nm_BPFI_03:19 rc=0 size: 0.16 MB
---Published batch 19 at 14:02:00---
Compute batch 0Nm_BPFI_03:20 rc=0 size: 0.39 MB [binary]
Storage batch 0Nm_BPFI_03:20 rc=0 size: 0.16 MB
---Published batch 20 at 14:02:01---
Compute batch 0Nm_BPFI_03:21 rc=0 size: 0.39 MB [binary]
Storage batch 0Nm_BPFI_03:21 rc=0 size: 0.16 MB
---Published batch 21 at 14:02:02---
Compute batch 0Nm_BPFI_03:22 rc=0 size: 0.39 MB [binary]
Storage batch 0Nm_BPFI_03:22 rc=0 size: 0.16 MB
---Published batch 22 at 14:02:03---
Compute batch 0Nm_BPFI_03:23 rc=0 size: 0.39 MB [binary]
Storage batch 0Nm_BPFI_03:23 rc=0 size: 0.16 MB
---Published batch 23 at 14:02:04---
Compute batch 0Nm_BPFI_03:24 rc=0 size: 0.39 MB [binary]
Storage batch 0Nm_BPFI_03:24 rc=0 size: 0.16 MB
---Published batch 24 at 14:02:05---
Compute batch 0Nm_BPFI_03:25 rc=0 size: 0.39 MB [binary]
Storage batch 0Nm_BPFI_03:25 rc=0 size: 0.16 MB
---Published batch 25 at 14:02:06---
Compute batch 0Nm_BPFI_03:26 rc=0 size: 0.39 MB [binary]
Storage batch 0Nm_BPFI_03:26 rc=0 size: 0.16 MB
---Published batch 26 at 14:02:07---
Compute batch 0Nm_BPFI_03:27 rc=0 size: 0.39 MB [binary]
Storage batch 0Nm_BPFI_03:27 rc=0 size: 0.16 MB
---Published batch 27 at 14:02:08---
Compute batch 0Nm_BPFI_03:28 rc=0 size: 0.39 MB [binary]
Storage batch 0Nm_BPFI_03:28 rc=0 size: 0.16 MB
---Published batch 28 at 14:02:09---
Compute batch 0Nm_BPFI_03:29 rc=0 size: 0.39 MB [binary]
Storage batch 0Nm_BPFI_03:29 rc=0 size: 0.16 MB
---Published batch 29 at 14:02:10---
Compute batch 0Nm_BPFI_03:30 rc=0 size: 0.39 MB [binary]
Storage batch 0Nm_BPFI_03:30 rc=0 size: 0.16 MB
---Published batch 30 at 14:02:11---
Compute batch 0Nm_BPFI_03:31 rc=0 size: 0.39 MB [binary]
Storage batch 0Nm_BPFI_03:31 rc=0 size: 0.16 MB
---Published batch 31 at 14:02:12---
Compute batch 0Nm_BPFI_03:32 rc=0 size: 0.39 MB [binary]
Storage batch 0Nm_BPFI_03:32 rc=0 size: 0.16 MB
---Published batch 32 at 14:02:13---
Compute batch 0Nm_BPFI_03:33 rc=0 size: 0.39 MB [binary]
Storage batch 0Nm_BPFI_03:33 rc=0 size: 0.16 MB
---Published batch 33 at 14:02:14---
Compute batch 0Nm_BPFI_03:34 rc=0 size: 0.39 MB [binary]
Storage batch 0Nm_BPFI_03:34 rc=0 size: 0.16 MB
---Published batch 34 at 14:02:15---
Compute batch 0Nm_BPFI_03:35 rc=0 size: 0.39 MB [binary]
Storage batch 0Nm_BPFI_03:35 rc=0 size: 0.16 MB
---Published batch 35 at 14:02:16---
Compute batch 0Nm_BPFI_03:36 rc=0 size: 0.39 MB [binary]
Storage batch 0Nm_BPFI_03:36 rc=0 size: 0.16 MB
---Published batch 36 at 14:02:17---
Compute batch 0Nm_BPFI_03:37 rc=0 size: 0.39 MB [binary]
Storage batch 0Nm_BPFI_03:37 rc=0 size: 0.16 MB
---Published batch 37 at 14:02:18---
Compute batch 0Nm_BPFI_03:38 rc=0 size: 0.39 MB [binary]
Storage batch 0Nm_BPFI_03:38 rc=0 size: 0.16 MB
---Published batch 38 at 14:02:20---
Compute batch 0Nm_BPFI_03:39 rc=0 size: 0.39 MB [binary]
Storage batch 0Nm_BPFI_03:39 rc=0 size: 0.16 MB
---Published batch 39 at 14:02:21---
NTP sync ok offset_ns=-3896828
Compute batch 0Nm_BPFI_03:40 rc=0 size: 0.39 MB [binary]
Storage batch 0Nm_BPFI_03:40 rc=0 size: 0.16 MB
---Published batch 40 at 14:02:22---
Compute batch 0Nm_BPFI_03:41 rc=0 size: 0.39 MB [binary]
Storage batch 0Nm_BPFI_03:41 rc=0 size: 0.16 MB
---Published batch 41 at 14:02:23---
Compute batch 0Nm_BPFI_03:42 rc=0 size: 0.39 MB [binary]
Storage batch 0Nm_BPFI_03:42 rc=0 size: 0.16 MB
---Published batch 42 at 14:02:24---
Compute batch 0Nm_BPFI_03:43 rc=0 size: 0.39 MB [binary]
Storage batch 0Nm_BPFI_03:43 rc=0 size: 0.16 MB
---Published batch 43 at 14:02:25---
Compute batch 0Nm_BPFI_03:44 rc=0 size: 0.39 MB [binary]
Storage batch 0Nm_BPFI_03:44 rc=0 size: 0.16 MB
---Published batch 44 at 14:02:26---
Compute batch 0Nm_BPFI_03:45 rc=0 size: 0.39 MB [binary]
Storage batch 0Nm_BPFI_03:45 rc=0 size: 0.16 MB
---Published batch 45 at 14:02:27---
Compute batch 0Nm_BPFI_03:46 rc=0 size: 0.39 MB [binary]
Storage batch 0Nm_BPFI_03:46 rc=0 size: 0.16 MB
---Published batch 46 at 14:02:28---
Compute batch 0Nm_BPFI_03:47 rc=0 size: 0.39 MB [binary]
Storage batch 0Nm_BPFI_03:47 rc=0 size: 0.16 MB
---Published batch 47 at 14:02:29---
Compute batch 0Nm_BPFI_03:48 rc=0 size: 0.39 MB [binary]
Storage batch 0Nm_BPFI_03:48 rc=0 size: 0.16 MB
---Published batch 48 at 14:02:30---
Compute batch 0Nm_BPFI_03:49 rc=0 size: 0.39 MB [binary]
Storage batch 0Nm_BPFI_03:49 rc=0 size: 0.16 MB
---Published batch 49 at 14:02:31---
Compute batch 0Nm_BPFI_03:50 rc=0 size: 0.39 MB [binary]
Storage batch 0Nm_BPFI_03:50 rc=0 size: 0.16 MB
---Published batch 50 at 14:02:32---
Compute batch 0Nm_BPFI_03:51 rc=0 size: 0.39 MB [binary]
Storage batch 0Nm_BPFI_03:51 rc=0 size: 0.16 MB
---Published batch 51 at 14:02:33---
Compute batch 0Nm_BPFI_03:52 rc=0 size: 0.39 MB [binary]
Storage batch 0Nm_BPFI_03:52 rc=0 size: 0.16 MB
---Published batch 52 at 14:02:34---
Compute batch 0Nm_BPFI_03:53 rc=0 size: 0.39 MB [binary]
Storage batch 0Nm_BPFI_03:53 rc=0 size: 0.16 MB
---Published batch 53 at 14:02:35---
Compute batch 0Nm_BPFI_03:54 rc=0 size: 0.39 MB [binary]
Storage batch 0Nm_BPFI_03:54 rc=0 size: 0.16 MB
---Published batch 54 at 14:02:36---
Compute batch 0Nm_BPFI_03:55 rc=0 size: 0.39 MB [binary]
Storage batch 0Nm_BPFI_03:55 rc=0 size: 0.16 MB
---Published batch 55 at 14:02:37---
Compute batch 0Nm_BPFI_03:56 rc=0 size: 0.39 MB [binary]
Storage batch 0Nm_BPFI_03:56 rc=0 size: 0.16 MB
---Published batch 56 at 14:02:38---
Compute batch 0Nm_BPFI_03:57 rc=0 size: 0.39 MB [binary]
Storage batch 0Nm_BPFI_03:57 rc=0 size: 0.16 MB
---Published batch 57 at 14:02:39---
Compute batch 0Nm_BPFI_03:58 rc=0 size: 0.39 MB [binary]
Storage batch 0Nm_BPFI_03:58 rc=0 size: 0.16 MB
---Published batch 58 at 14:02:40---
Compute batch 0Nm_BPFI_03:59 rc=0 size: 0.39 MB [binary]
Storage batch 0Nm_BPFI_03:59 rc=0 size: 0.16 MB
---Published batch 59 at 14:02:41---
Compute batch 0Nm_BPFI_03:60 rc=0 size: 0.39 MB [binary]
Storage batch 0Nm_BPFI_03:60 rc=0 size: 0.16 MB
---Published batch 60 at 14:02:42---
Compute batch 0Nm_BPFI_03:61 rc=0 size: 0.39 MB [binary]
Storage batch 0Nm_BPFI_03:61 rc=0 size: 0.16 MB
---Published batch 61 at 14:02:43---
Compute batch 0Nm_BPFI_03:62 rc=0 size: 0.39 MB [binary]
Storage batch 0Nm_BPFI_03:62 rc=0 size: 0.16 MB
---Published batch 62 at 14:02:44---
Compute batch 0Nm_BPFI_03:63 rc=0 size: 0.39 MB [binary]
Storage batch 0Nm_BPFI_03:63 rc=0 size: 0.16 MB
---Published batch 63 at 14:02:45---
Compute batch 0Nm_BPFI_03:64 rc=0 size: 0.39 MB [binary]
Storage batch 0Nm_BPFI_03:64 rc=0 size: 0.16 MB
---Published batch 64 at 14:02:46---
Compute batch 0Nm_BPFI_03:65 rc=0 size: 0.39 MB [binary]
Storage batch 0Nm_BPFI_03:65 rc=0 size: 0.16 MB
---Published batch 65 at 14:02:48---
Compute batch 0Nm_BPFI_03:66 rc=0 size: 0.39 MB [binary]
Storage batch 0Nm_BPFI_03:66 rc=0 size: 0.16 MB
---Published batch 66 at 14:02:49---
Compute batch 0Nm_BPFI_03:67 rc=0 size: 0.39 MB [binary]
Storage batch 0Nm_BPFI_03:67 rc=0 size: 0.16 MB
---Published batch 67 at 14:02:50---
Compute batch 0Nm_BPFI_03:68 rc=0 size: 0.39 MB [binary]
Storage batch 0Nm_BPFI_03:68 rc=0 size: 0.16 MB
---Published batch 68 at 14:02:51---
Compute batch 0Nm_BPFI_03:69 rc=0 size: 0.39 MB [binary]
Storage batch 0Nm_BPFI_03:69 rc=0 size: 0.16 MB
---Published batch 69 at 14:02:52---
Compute batch 0Nm_BPFI_03:70 rc=0 size: 0.39 MB [binary]
Storage batch 0Nm_BPFI_03:70 rc=0 size: 0.16 MB
---Published batch 70 at 14:02:53---
Compute batch 0Nm_BPFI_03:71 rc=0 size: 0.39 MB [binary]
Storage batch 0Nm_BPFI_03:71 rc=0 size: 0.16 MB
---Published batch 71 at 14:02:54---
Compute batch 0Nm_BPFI_03:72 rc=0 size: 0.39 MB [binary]
Storage batch 0Nm_BPFI_03:72 rc=0 size: 0.16 MB
---Published batch 72 at 14:02:55---
Compute batch 0Nm_BPFI_03:73 rc=0 size: 0.39 MB [binary]
Storage batch 0Nm_BPFI_03:73 rc=0 size: 0.16 MB
---Published batch 73 at 14:02:56---
Compute batch 0Nm_BPFI_03:74 rc=0 size: 0.39 MB [binary]
Storage batch 0Nm_BPFI_03:74 rc=0 size: 0.16 MB
---Published batch 74 at 14:02:57---
Compute batch 0Nm_BPFI_03:75 rc=0 size: 0.39 MB [binary]
Storage batch 0Nm_BPFI_03:75 rc=0 size: 0.16 MB
---Published batch 75 at 14:02:58---
Compute batch 0Nm_BPFI_03:76 rc=0 size: 0.39 MB [binary]
Storage batch 0Nm_BPFI_03:76 rc=0 size: 0.16 MB
---Published batch 76 at 14:02:59---
Compute batch 0Nm_BPFI_03:77 rc=0 size: 0.39 MB [binary]
Storage batch 0Nm_BPFI_03:77 rc=0 size: 0.16 MB
---Published batch 77 at 14:03:00---
Compute batch 0Nm_BPFI_03:78 rc=0 size: 0.39 MB [binary]
Storage batch 0Nm_BPFI_03:78 rc=0 size: 0.16 MB
---Published batch 78 at 14:03:01---
Compute batch 0Nm_BPFI_03:79 rc=0 size: 0.39 MB [binary]
Storage batch 0Nm_BPFI_03:79 rc=0 size: 0.16 MB
---Published batch 79 at 14:03:02---
Compute batch 0Nm_BPFI_03:80 rc=0 size: 0.39 MB [binary]
Storage batch 0Nm_BPFI_03:80 rc=0 size: 0.16 MB
---Published batch 80 at 14:03:03---
Compute batch 0Nm_BPFI_03:81 rc=0 size: 0.39 MB [binary]
Storage batch 0Nm_BPFI_03:81 rc=0 size: 0.16 MB
---Published batch 81 at 14:03:04---
Compute batch 0Nm_BPFI_03:82 rc=0 size: 0.39 MB [binary]
Storage batch 0Nm_BPFI_03:82 rc=0 size: 0.16 MB
---Published batch 82 at 14:03:05---
Compute batch 0Nm_BPFI_03:83 rc=0 size: 0.39 MB [binary]
Storage batch 0Nm_BPFI_03:83 rc=0 size: 0.16 MB
---Published batch 83 at 14:03:06---
Compute batch 0Nm_BPFI_03:84 rc=0 size: 0.39 MB [binary]
Storage batch 0Nm_BPFI_03:84 rc=0 size: 0.16 MB
---Published batch 84 at 14:03:07---
Compute batch 0Nm_BPFI_03:85 rc=0 size: 0.39 MB [binary]
Storage batch 0Nm_BPFI_03:85 rc=0 size: 0.16 MB
---Published batch 85 at 14:03:08---
Compute batch 0Nm_BPFI_03:86 rc=0 size: 0.39 MB [binary]
Storage batch 0Nm_BPFI_03:86 rc=0 size: 0.16 MB
---Published batch 86 at 14:03:10---
Compute batch 0Nm_BPFI_03:87 rc=0 size: 0.39 MB [binary]
Storage batch 0Nm_BPFI_03:87 rc=0 size: 0.16 MB
---Published batch 87 at 14:03:11---
Compute batch 0Nm_BPFI_03:88 rc=0 size: 0.39 MB [binary]
Storage batch 0Nm_BPFI_03:88 rc=0 size: 0.16 MB
---Published batch 88 at 14:03:12---
Compute batch 0Nm_BPFI_03:89 rc=0 size: 0.39 MB [binary]
Storage batch 0Nm_BPFI_03:89 rc=0 size: 0.16 MB
---Published batch 89 at 14:03:13---
Compute batch 0Nm_BPFI_03:90 rc=0 size: 0.39 MB [binary]
Storage batch 0Nm_BPFI_03:90 rc=0 size: 0.16 MB
---Published batch 90 at 14:03:14---
Compute batch 0Nm_BPFI_03:91 rc=0 size: 0.39 MB [binary]
Storage batch 0Nm_BPFI_03:91 rc=0 size: 0.16 MB
---Published batch 91 at 14:03:15---
Compute batch 0Nm_BPFI_03:92 rc=0 size: 0.39 MB [binary]
Storage batch 0Nm_BPFI_03:92 rc=0 size: 0.16 MB
---Published batch 92 at 14:03:16---
Compute batch 0Nm_BPFI_03:93 rc=0 size: 0.39 MB [binary]
Storage batch 0Nm_BPFI_03:93 rc=0 size: 0.16 MB
---Published batch 93 at 14:03:17---
Compute batch 0Nm_BPFI_03:94 rc=0 size: 0.39 MB [binary]
Storage batch 0Nm_BPFI_03:94 rc=0 size: 0.16 MB
---Published batch 94 at 14:03:18---
Compute batch 0Nm_BPFI_03:95 rc=0 size: 0.39 MB [binary]
Storage batch 0Nm_BPFI_03:95 rc=0 size: 0.16 MB
---Published batch 95 at 14:03:19---
Compute batch 0Nm_BPFI_03:96 rc=0 size: 0.39 MB [binary]
Storage batch 0Nm_BPFI_03:96 rc=0 size: 0.16 MB
---Published batch 96 at 14:03:20---
Compute batch 0Nm_BPFI_03:97 rc=0 size: 0.39 MB [binary]
Storage batch 0Nm_BPFI_03:97 rc=0 size: 0.16 MB
---Published batch 97 at 14:03:21---
NTP sync ok offset_ns=-3285824
Compute batch 0Nm_BPFI_03:98 rc=0 size: 0.39 MB [binary]
Storage batch 0Nm_BPFI_03:98 rc=0 size: 0.16 MB
---Published batch 98 at 14:03:22---
Compute batch 0Nm_BPFI_03:99 rc=0 size: 0.39 MB [binary]
Storage batch 0Nm_BPFI_03:99 rc=0 size: 0.16 MB
---Published batch 99 at 14:03:23---
Compute batch 0Nm_BPFI_03:100 rc=0 size: 0.39 MB [binary]
Storage batch 0Nm_BPFI_03:100 rc=0 size: 0.16 MB
---Published batch 100 at 14:03:24---
Compute batch 0Nm_BPFI_03:101 rc=0 size: 0.39 MB [binary]
Storage batch 0Nm_BPFI_03:101 rc=0 size: 0.16 MB
---Published batch 101 at 14:03:25---
Compute batch 0Nm_BPFI_03:102 rc=0 size: 0.39 MB [binary]
Storage batch 0Nm_BPFI_03:102 rc=0 size: 0.16 MB
---Published batch 102 at 14:03:26---
Compute batch 0Nm_BPFI_03:103 rc=0 size: 0.39 MB [binary]
Storage batch 0Nm_BPFI_03:103 rc=0 size: 0.16 MB
---Published batch 103 at 14:03:27---
Compute batch 0Nm_BPFI_03:104 rc=0 size: 0.39 MB [binary]
Storage batch 0Nm_BPFI_03:104 rc=0 size: 0.16 MB
---Published batch 104 at 14:03:28---
Compute batch 0Nm_BPFI_03:105 rc=0 size: 0.39 MB [binary]
Storage batch 0Nm_BPFI_03:105 rc=0 size: 0.16 MB
---Published batch 105 at 14:03:29---
Compute batch 0Nm_BPFI_03:106 rc=0 size: 0.39 MB [binary]
Storage batch 0Nm_BPFI_03:106 rc=0 size: 0.16 MB
---Published batch 106 at 14:03:30---
Compute batch 0Nm_BPFI_03:107 rc=0 size: 0.39 MB [binary]
Storage batch 0Nm_BPFI_03:107 rc=0 size: 0.16 MB
---Published batch 107 at 14:03:31---
Compute batch 0Nm_BPFI_03:108 rc=0 size: 0.39 MB [binary]
Storage batch 0Nm_BPFI_03:108 rc=0 size: 0.16 MB
---Published batch 108 at 14:03:32---
Compute batch 0Nm_BPFI_03:109 rc=0 size: 0.39 MB [binary]
Storage batch 0Nm_BPFI_03:109 rc=0 size: 0.16 MB
---Published batch 109 at 14:03:34---
Compute batch 0Nm_BPFI_03:110 rc=0 size: 0.39 MB [binary]
Storage batch 0Nm_BPFI_03:110 rc=0 size: 0.16 MB
---Published batch 110 at 14:03:35---
Compute batch 0Nm_BPFI_03:111 rc=0 size: 0.39 MB [binary]
Storage batch 0Nm_BPFI_03:111 rc=0 size: 0.16 MB
---Published batch 111 at 14:03:36---
Compute batch 0Nm_BPFI_03:112 rc=0 size: 0.39 MB [binary]
Storage batch 0Nm_BPFI_03:112 rc=0 size: 0.16 MB
---Published batch 112 at 14:03:37---
Compute batch 0Nm_BPFI_03:113 rc=0 size: 0.39 MB [binary]
Storage batch 0Nm_BPFI_03:113 rc=0 size: 0.16 MB
---Published batch 113 at 14:03:38---
Compute batch 0Nm_BPFI_03:114 rc=0 size: 0.39 MB [binary]
Storage batch 0Nm_BPFI_03:114 rc=0 size: 0.16 MB
---Published batch 114 at 14:03:39---
Compute batch 0Nm_BPFI_03:115 rc=0 size: 0.39 MB [binary]
Storage batch 0Nm_BPFI_03:115 rc=0 size: 0.16 MB
---Published batch 115 at 14:03:40---
Compute batch 0Nm_BPFI_03:116 rc=0 size: 0.39 MB [binary]
Storage batch 0Nm_BPFI_03:116 rc=0 size: 0.16 MB
---Published batch 116 at 14:03:41---
Compute batch 0Nm_BPFI_03:117 rc=0 size: 0.39 MB [binary]
Storage batch 0Nm_BPFI_03:117 rc=0 size: 0.16 MB
---Published batch 117 at 14:03:42---
Compute batch 0Nm_BPFI_03:118 rc=0 size: 0.39 MB [binary]
Storage batch 0Nm_BPFI_03:118 rc=0 size: 0.16 MB
---Published batch 118 at 14:03:43---
Compute batch 0Nm_BPFI_03:119 rc=0 size: 0.39 MB [binary]
Storage batch 0Nm_BPFI_03:119 rc=0 size: 0.16 MB
---Published batch 119 at 14:03:44---
Compute batch 0Nm_BPFI_03:120 rc=0 size: 0.39 MB [binary]
Storage batch 0Nm_BPFI_03:120 rc=0 size: 0.16 MB
---Published batch 120 at 14:03:45---
Compute batch 0Nm_BPFI_03:121 rc=0 size: 0.39 MB [binary]
Storage batch 0Nm_BPFI_03:121 rc=0 size: 0.16 MB
---Published batch 121 at 14:03:46---
Compute batch 0Nm_BPFI_03:122 rc=0 size: 0.39 MB [binary]
Storage batch 0Nm_BPFI_03:122 rc=0 size: 0.16 MB
---Published batch 122 at 14:03:47---
Compute batch 0Nm_BPFI_03:123 rc=0 size: 0.39 MB [binary]
Storage batch 0Nm_BPFI_03:123 rc=0 size: 0.16 MB
---Published batch 123 at 14:03:48---
Compute batch 0Nm_BPFI_03:124 rc=0 size: 0.39 MB [binary]
Storage batch 0Nm_BPFI_03:124 rc=0 size: 0.16 MB
---Published batch 124 at 14:03:49---
Compute batch 0Nm_BPFI_03:125 rc=0 size: 0.39 MB [binary]
Storage batch 0Nm_BPFI_03:125 rc=0 size: 0.16 MB
---Published batch 125 at 14:03:50---
Compute batch 0Nm_BPFI_03:126 rc=0 size: 0.39 MB [binary]
Storage batch 0Nm_BPFI_03:126 rc=0 size: 0.16 MB
---Published batch 126 at 14:03:51---
Compute batch 0Nm_BPFI_03:127 rc=0 size: 0.39 MB [binary]
Storage batch 0Nm_BPFI_03:127 rc=0 size: 0.16 MB
---Published batch 127 at 14:03:52---
Compute batch 0Nm_BPFI_03:128 rc=0 size: 0.39 MB [binary]
Storage batch 0Nm_BPFI_03:128 rc=0 size: 0.16 MB
---Published batch 128 at 14:03:53---
Compute batch 0Nm_BPFI_03:129 rc=0 size: 0.39 MB [binary]
Storage batch 0Nm_BPFI_03:129 rc=0 size: 0.16 MB
---Published batch 129 at 14:03:55---
Compute batch 0Nm_BPFI_03:130 rc=0 size: 0.39 MB [binary]
Storage batch 0Nm_BPFI_03:130 rc=0 size: 0.16 MB
---Published batch 130 at 14:03:56---
Compute batch 0Nm_BPFI_03:131 rc=0 size: 0.39 MB [binary]
Storage batch 0Nm_BPFI_03:131 rc=0 size: 0.16 MB
---Published batch 131 at 14:03:57---
Compute batch 0Nm_BPFI_03:132 rc=0 size: 0.39 MB [binary]
Storage batch 0Nm_BPFI_03:132 rc=0 size: 0.16 MB
---Published batch 132 at 14:03:58---
Compute batch 0Nm_BPFI_03:133 rc=0 size: 0.39 MB [binary]
Storage batch 0Nm_BPFI_03:133 rc=0 size: 0.16 MB
---Published batch 133 at 14:03:59---
Compute batch 0Nm_BPFI_03:134 rc=0 size: 0.39 MB [binary]
Storage batch 0Nm_BPFI_03:134 rc=0 size: 0.16 MB
---Published batch 134 at 14:04:00---
Compute batch 0Nm_BPFI_03:135 rc=0 size: 0.39 MB [binary]
Storage batch 0Nm_BPFI_03:135 rc=0 size: 0.16 MB
---Published batch 135 at 14:04:01---
Compute batch 0Nm_BPFI_03:136 rc=0 size: 0.39 MB [binary]
Storage batch 0Nm_BPFI_03:136 rc=0 size: 0.16 MB
---Published batch 136 at 14:04:02---
Compute batch 0Nm_BPFI_03:137 rc=0 size: 0.39 MB [binary]
Storage batch 0Nm_BPFI_03:137 rc=0 size: 0.16 MB
---Published batch 137 at 14:04:03---
Compute batch 0Nm_BPFI_03:138 rc=0 size: 0.39 MB [binary]
Storage batch 0Nm_BPFI_03:138 rc=0 size: 0.16 MB
---Published batch 138 at 14:04:04---
Compute batch 0Nm_BPFI_03:139 rc=0 size: 0.39 MB [binary]
Storage batch 0Nm_BPFI_03:139 rc=0 size: 0.16 MB
---Published batch 139 at 14:04:05---
Compute batch 0Nm_BPFI_03:140 rc=0 size: 0.39 MB [binary]
Storage batch 0Nm_BPFI_03:140 rc=0 size: 0.16 MB
---Published batch 140 at 14:04:06---
Compute batch 0Nm_BPFI_03:141 rc=0 size: 0.39 MB [binary]
Storage batch 0Nm_BPFI_03:141 rc=0 size: 0.16 MB
---Published batch 141 at 14:04:07---
Compute batch 0Nm_BPFI_03:142 rc=0 size: 0.39 MB [binary]
Storage batch 0Nm_BPFI_03:142 rc=0 size: 0.16 MB
---Published batch 142 at 14:04:08---
Compute batch 0Nm_BPFI_03:143 rc=0 size: 0.39 MB [binary]
Storage batch 0Nm_BPFI_03:143 rc=0 size: 0.16 MB
---Published batch 143 at 14:04:09---
Compute batch 0Nm_BPFI_03:144 rc=0 size: 0.39 MB [binary]
Storage batch 0Nm_BPFI_03:144 rc=0 size: 0.16 MB
---Published batch 144 at 14:04:10---
Compute batch 0Nm_BPFI_03:145 rc=0 size: 0.39 MB [binary]
Storage batch 0Nm_BPFI_03:145 rc=0 size: 0.16 MB
---Published batch 145 at 14:04:11---
Compute batch 0Nm_BPFI_03:146 rc=0 size: 0.39 MB [binary]
Storage batch 0Nm_BPFI_03:146 rc=0 size: 0.16 MB
---Published batch 146 at 14:04:12---
Compute batch 0Nm_BPFI_03:147 rc=0 size: 0.39 MB [binary]
Storage batch 0Nm_BPFI_03:147 rc=0 size: 0.16 MB
---Published batch 147 at 14:04:13---
Compute batch 0Nm_BPFI_03:148 rc=0 size: 0.39 MB [binary]
Storage batch 0Nm_BPFI_03:148 rc=0 size: 0.16 MB
---Published batch 148 at 14:04:14---
Compute batch 0Nm_BPFI_03:149 rc=0 size: 0.39 MB [binary]
Storage batch 0Nm_BPFI_03:149 rc=0 size: 0.16 MB
---Published batch 149 at 14:04:15---
Compute batch 0Nm_BPFI_03:150 rc=0 size: 0.39 MB [binary]
Storage batch 0Nm_BPFI_03:150 rc=0 size: 0.16 MB
---Published batch 150 at 14:04:16---
Compute batch 0Nm_BPFI_03:151 rc=0 size: 0.39 MB [binary]
Storage batch 0Nm_BPFI_03:151 rc=0 size: 0.16 MB
---Published batch 151 at 14:04:17---
Compute batch 0Nm_BPFI_03:152 rc=0 size: 0.39 MB [binary]
Storage batch 0Nm_BPFI_03:152 rc=0 size: 0.16 MB
---Published batch 152 at 14:04:18---
Compute batch 0Nm_BPFI_03:153 rc=0 size: 0.39 MB [binary]
Storage batch 0Nm_BPFI_03:153 rc=0 size: 0.16 MB
---Published batch 153 at 14:04:19---
Compute batch 0Nm_BPFI_03:154 rc=0 size: 0.39 MB [binary]
Storage batch 0Nm_BPFI_03:154 rc=0 size: 0.16 MB
---Published batch 154 at 14:04:20---
Compute batch 0Nm_BPFI_03:155 rc=0 size: 0.39 MB [binary]
Storage batch 0Nm_BPFI_03:155 rc=0 size: 0.16 MB
---Published batch 155 at 14:04:22---
NTP sync ok offset_ns=-3888944
Compute batch 0Nm_BPFI_03:156 rc=0 size: 0.39 MB [binary]
Storage batch 0Nm_BPFI_03:156 rc=0 size: 0.16 MB
---Published batch 156 at 14:04:23---
Compute batch 0Nm_BPFI_03:157 rc=0 size: 0.39 MB [binary]
Storage batch 0Nm_BPFI_03:157 rc=0 size: 0.16 MB
---Published batch 157 at 14:04:24---
Compute batch 0Nm_BPFI_03:158 rc=0 size: 0.39 MB [binary]
Storage batch 0Nm_BPFI_03:158 rc=0 size: 0.16 MB
---Published batch 158 at 14:04:25---
Compute batch 0Nm_BPFI_03:159 rc=0 size: 0.39 MB [binary]
Storage batch 0Nm_BPFI_03:159 rc=0 size: 0.16 MB
---Published batch 159 at 14:04:26---
Compute batch 0Nm_BPFI_03:160 rc=0 size: 0.39 MB [binary]
Storage batch 0Nm_BPFI_03:160 rc=0 size: 0.16 MB
---Published batch 160 at 14:04:27---
Compute batch 0Nm_BPFI_03:161 rc=0 size: 0.39 MB [binary]
Storage batch 0Nm_BPFI_03:161 rc=0 size: 0.16 MB
---Published batch 161 at 14:04:28---
Compute batch 0Nm_BPFI_03:162 rc=0 size: 0.39 MB [binary]
Storage batch 0Nm_BPFI_03:162 rc=0 size: 0.16 MB
---Published batch 162 at 14:04:29---
Compute batch 0Nm_BPFI_03:163 rc=0 size: 0.39 MB [binary]
Storage batch 0Nm_BPFI_03:163 rc=0 size: 0.16 MB
---Published batch 163 at 14:04:30---
Compute batch 0Nm_BPFI_03:164 rc=0 size: 0.39 MB [binary]
Storage batch 0Nm_BPFI_03:164 rc=0 size: 0.16 MB
---Published batch 164 at 14:04:31---
Compute batch 0Nm_BPFI_03:165 rc=0 size: 0.39 MB [binary]
Storage batch 0Nm_BPFI_03:165 rc=0 size: 0.16 MB
---Published batch 165 at 14:04:32---
Compute batch 0Nm_BPFI_03:166 rc=0 size: 0.39 MB [binary]
Storage batch 0Nm_BPFI_03:166 rc=0 size: 0.16 MB
---Published batch 166 at 14:04:33---
Compute batch 0Nm_BPFI_03:167 rc=0 size: 0.39 MB [binary]
Storage batch 0Nm_BPFI_03:167 rc=0 size: 0.16 MB
---Published batch 167 at 14:04:34---
Compute batch 0Nm_BPFI_03:168 rc=0 size: 0.39 MB [binary]
Storage batch 0Nm_BPFI_03:168 rc=0 size: 0.16 MB
---Published batch 168 at 14:04:35---
Compute batch 0Nm_BPFI_03:169 rc=0 size: 0.39 MB [binary]
Storage batch 0Nm_BPFI_03:169 rc=0 size: 0.16 MB
---Published batch 169 at 14:04:36---
Compute batch 0Nm_BPFI_03:170 rc=0 size: 0.39 MB [binary]
Storage batch 0Nm_BPFI_03:170 rc=0 size: 0.16 MB
---Published batch 170 at 14:04:37---
Compute batch 0Nm_BPFI_03:171 rc=0 size: 0.39 MB [binary]
Storage batch 0Nm_BPFI_03:171 rc=0 size: 0.16 MB
---Published batch 171 at 14:04:38---
Compute batch 0Nm_BPFI_03:172 rc=0 size: 0.39 MB [binary]
Storage batch 0Nm_BPFI_03:172 rc=0 size: 0.16 MB
---Published batch 172 at 14:04:39---
Compute batch 0Nm_BPFI_03:173 rc=0 size: 0.39 MB [binary]
Storage batch 0Nm_BPFI_03:173 rc=0 size: 0.16 MB
---Published batch 173 at 14:04:40---
Compute batch 0Nm_BPFI_03:174 rc=0 size: 0.39 MB [binary]
Storage batch 0Nm_BPFI_03:174 rc=0 size: 0.16 MB
---Published batch 174 at 14:04:41---
Compute batch 0Nm_BPFI_03:175 rc=0 size: 0.39 MB [binary]
Storage batch 0Nm_BPFI_03:175 rc=0 size: 0.16 MB
---Published batch 175 at 14:04:43---
Compute batch 0Nm_BPFI_03:176 rc=0 size: 0.39 MB [binary]
Storage batch 0Nm_BPFI_03:176 rc=0 size: 0.16 MB
---Published batch 176 at 14:04:44---
Compute batch 0Nm_BPFI_03:177 rc=0 size: 0.39 MB [binary]
Storage batch 0Nm_BPFI_03:177 rc=0 size: 0.16 MB
---Published batch 177 at 14:04:45---
Compute batch 0Nm_BPFI_03:178 rc=0 size: 0.39 MB [binary]
Storage batch 0Nm_BPFI_03:178 rc=0 size: 0.16 MB
---Published batch 178 at 14:04:46---
Compute batch 0Nm_BPFI_03:179 rc=0 size: 0.39 MB [binary]
Storage batch 0Nm_BPFI_03:179 rc=0 size: 0.16 MB
---Published batch 179 at 14:04:47---
Chosen file: 0Nm_BPFI_03.csv
Compute batch 0Nm_BPFI_03:0 rc=0 size: 0.39 MB [binary]
Storage batch 0Nm_BPFI_03:0 rc=0 size: 0.16 MB
---Published batch 0 at 14:04:51---
Compute batch 0Nm_BPFI_03:1 rc=0 size: 0.39 MB [binary]
Storage batch 0Nm_BPFI_03:1 rc=0 size: 0.16 MB
---Published batch 1 at 14:04:52---
Compute batch 0Nm_BPFI_03:2 rc=0 size: 0.39 MB [binary]
Storage batch 0Nm_BPFI_03:2 rc=0 size: 0.16 MB
---Published batch 2 at 14:04:53---
Compute batch 0Nm_BPFI_03:3 rc=0 size: 0.39 MB [binary]
Storage batch 0Nm_BPFI_03:3 rc=0 size: 0.16 MB
---Published batch 3 at 14:04:54---
Compute batch 0Nm_BPFI_03:4 rc=0 size: 0.39 MB [binary]
Storage batch 0Nm_BPFI_03:4 rc=0 size: 0.16 MB
---Published batch 4 at 14:04:55---
Compute batch 0Nm_BPFI_03:5 rc=0 size: 0.39 MB [binary]
Storage batch 0Nm_BPFI_03:5 rc=0 size: 0.16 MB
---Published batch 5 at 14:04:56---
Compute batch 0Nm_BPFI_03:6 rc=0 size: 0.39 MB [binary]
Storage batch 0Nm_BPFI_03:6 rc=0 size: 0.16 MB
---Published batch 6 at 14:04:57---
Compute batch 0Nm_BPFI_03:7 rc=0 size: 0.39 MB [binary]
Storage batch 0Nm_BPFI_03:7 rc=0 size: 0.16 MB
---Published batch 7 at 14:04:58---
Compute batch 0Nm_BPFI_03:8 rc=0 size: 0.39 MB [binary]
Storage batch 0Nm_BPFI_03:8 rc=0 size: 0.16 MB
---Published batch 8 at 14:04:59---
Compute batch 0Nm_BPFI_03:9 rc=0 size: 0.39 MB [binary]
Storage batch 0Nm_BPFI_03:9 rc=0 size: 0.16 MB
---Published batch 9 at 14:05:00---
Compute batch 0Nm_BPFI_03:10 rc=0 size: 0.39 MB [binary]
Storage batch 0Nm_BPFI_03:10 rc=0 size: 0.16 MB
---Published batch 10 at 14:05:01---
Compute batch 0Nm_BPFI_03:11 rc=0 size: 0.39 MB [binary]
Storage batch 0Nm_BPFI_03:11 rc=0 size: 0.16 MB
---Published batch 11 at 14:05:02---
Compute batch 0Nm_BPFI_03:12 rc=0 size: 0.39 MB [binary]
Storage batch 0Nm_BPFI_03:12 rc=0 size: 0.16 MB
---Published batch 12 at 14:05:03---
Compute batch 0Nm_BPFI_03:13 rc=0 size: 0.39 MB [binary]
Storage batch 0Nm_BPFI_03:13 rc=0 size: 0.16 MB
---Published batch 13 at 14:05:04---
Compute batch 0Nm_BPFI_03:14 rc=0 size: 0.39 MB [binary]
Storage batch 0Nm_BPFI_03:14 rc=0 size: 0.16 MB
---Published batch 14 at 14:05:05---
Compute batch 0Nm_BPFI_03:15 rc=0 size: 0.39 MB [binary]
Storage batch 0Nm_BPFI_03:15 rc=0 size: 0.16 MB
---Published batch 15 at 14:05:06---
Compute batch 0Nm_BPFI_03:16 rc=0 size: 0.39 MB [binary]
Storage batch 0Nm_BPFI_03:16 rc=0 size: 0.16 MB
---Published batch 16 at 14:05:07---
Compute batch 0Nm_BPFI_03:17 rc=0 size: 0.39 MB [binary]
Storage batch 0Nm_BPFI_03:17 rc=0 size: 0.16 MB
---Published batch 17 at 14:05:08---
Compute batch 0Nm_BPFI_03:18 rc=0 size: 0.39 MB [binary]
Storage batch 0Nm_BPFI_03:18 rc=0 size: 0.16 MB
---Published batch 18 at 14:05:09---
Compute batch 0Nm_BPFI_03:19 rc=0 size: 0.39 MB [binary]
Storage batch 0Nm_BPFI_03:19 rc=0 size: 0.16 MB
---Published batch 19 at 14:05:10---
Compute batch 0Nm_BPFI_03:20 rc=0 size: 0.39 MB [binary]
Storage batch 0Nm_BPFI_03:20 rc=0 size: 0.16 MB
---Published batch 20 at 14:05:11---
Compute batch 0Nm_BPFI_03:21 rc=0 size: 0.39 MB [binary]
Storage batch 0Nm_BPFI_03:21 rc=0 size: 0.16 MB
---Published batch 21 at 14:05:12---
Compute batch 0Nm_BPFI_03:22 rc=0 size: 0.39 MB [binary]
Storage batch 0Nm_BPFI_03:22 rc=0 size: 0.16 MB
---Published batch 22 at 14:05:14---
Compute batch 0Nm_BPFI_03:23 rc=0 size: 0.39 MB [binary]
Storage batch 0Nm_BPFI_03:23 rc=0 size: 0.16 MB
---Published batch 23 at 14:05:15---
Compute batch 0Nm_BPFI_03:24 rc=0 size: 0.39 MB [binary]
Storage batch 0Nm_BPFI_03:24 rc=0 size: 0.16 MB
---Published batch 24 at 14:05:16---
Compute batch 0Nm_BPFI_03:25 rc=0 size: 0.39 MB [binary]
Storage batch 0Nm_BPFI_03:25 rc=0 size: 0.16 MB
---Published batch 25 at 14:05:17---
Compute batch 0Nm_BPFI_03:26 rc=0 size: 0.39 MB [binary]
Storage batch 0Nm_BPFI_03:26 rc=0 size: 0.16 MB
---Published batch 26 at 14:05:18---
Compute batch 0Nm_BPFI_03:27 rc=0 size: 0.39 MB [binary]
Storage batch 0Nm_BPFI_03:27 rc=0 size: 0.16 MB
---Published batch 27 at 14:05:19---
Compute batch 0Nm_BPFI_03:28 rc=0 size: 0.39 MB [binary]
Storage batch 0Nm_BPFI_03:28 rc=0 size: 0.16 MB
---Published batch 28 at 14:05:20---
Compute batch 0Nm_BPFI_03:29 rc=0 size: 0.39 MB [binary]
Storage batch 0Nm_BPFI_03:29 rc=0 size: 0.16 MB
---Published batch 29 at 14:05:21---
Compute batch 0Nm_BPFI_03:30 rc=0 size: 0.39 MB [binary]
Storage batch 0Nm_BPFI_03:30 rc=0 size: 0.16 MB
---Published batch 30 at 14:05:22---
NTP sync ok offset_ns=-3852855
Compute batch 0Nm_BPFI_03:31 rc=0 size: 0.39 MB [binary]
Storage batch 0Nm_BPFI_03:31 rc=0 size: 0.16 MB
---Published batch 31 at 14:05:23---
Compute batch 0Nm_BPFI_03:32 rc=0 size: 0.39 MB [binary]
Storage batch 0Nm_BPFI_03:32 rc=0 size: 0.16 MB
---Published batch 32 at 14:05:24---
Compute batch 0Nm_BPFI_03:33 rc=0 size: 0.39 MB [binary]
Storage batch 0Nm_BPFI_03:33 rc=0 size: 0.16 MB
---Published batch 33 at 14:05:25---
Compute batch 0Nm_BPFI_03:34 rc=0 size: 0.39 MB [binary]
Storage batch 0Nm_BPFI_03:34 rc=0 size: 0.16 MB
---Published batch 34 at 14:05:26---
Compute batch 0Nm_BPFI_03:35 rc=0 size: 0.39 MB [binary]
Storage batch 0Nm_BPFI_03:35 rc=0 size: 0.16 MB
---Published batch 35 at 14:05:27---
Compute batch 0Nm_BPFI_03:36 rc=0 size: 0.39 MB [binary]
Storage batch 0Nm_BPFI_03:36 rc=0 size: 0.16 MB
---Published batch 36 at 14:05:28---
Compute batch 0Nm_BPFI_03:37 rc=0 size: 0.39 MB [binary]
Storage batch 0Nm_BPFI_03:37 rc=0 size: 0.16 MB
---Published batch 37 at 14:05:29---
Compute batch 0Nm_BPFI_03:38 rc=0 size: 0.39 MB [binary]
Storage batch 0Nm_BPFI_03:38 rc=0 size: 0.16 MB
---Published batch 38 at 14:05:30---
Compute batch 0Nm_BPFI_03:39 rc=0 size: 0.39 MB [binary]
Storage batch 0Nm_BPFI_03:39 rc=0 size: 0.16 MB
---Published batch 39 at 14:05:31---
Compute batch 0Nm_BPFI_03:40 rc=0 size: 0.39 MB [binary]
Storage batch 0Nm_BPFI_03:40 rc=0 size: 0.16 MB
---Published batch 40 at 14:05:32---
Compute batch 0Nm_BPFI_03:41 rc=0 size: 0.39 MB [binary]
Storage batch 0Nm_BPFI_03:41 rc=0 size: 0.16 MB
---Published batch 41 at 14:05:33---
Compute batch 0Nm_BPFI_03:42 rc=0 size: 0.39 MB [binary]
Storage batch 0Nm_BPFI_03:42 rc=0 size: 0.16 MB
---Published batch 42 at 14:05:34---
Compute batch 0Nm_BPFI_03:43 rc=0 size: 0.39 MB [binary]
Storage batch 0Nm_BPFI_03:43 rc=0 size: 0.16 MB
---Published batch 43 at 14:05:35---
Compute batch 0Nm_BPFI_03:44 rc=0 size: 0.39 MB [binary]
Storage batch 0Nm_BPFI_03:44 rc=0 size: 0.16 MB
---Published batch 44 at 14:05:37---
Compute batch 0Nm_BPFI_03:45 rc=0 size: 0.39 MB [binary]
Storage batch 0Nm_BPFI_03:45 rc=0 size: 0.16 MB
---Published batch 45 at 14:05:38---
Compute batch 0Nm_BPFI_03:46 rc=0 size: 0.39 MB [binary]
Storage batch 0Nm_BPFI_03:46 rc=0 size: 0.16 MB
---Published batch 46 at 14:05:39---
Compute batch 0Nm_BPFI_03:47 rc=0 size: 0.39 MB [binary]
Storage batch 0Nm_BPFI_03:47 rc=0 size: 0.16 MB
---Published batch 47 at 14:05:40---
Compute batch 0Nm_BPFI_03:48 rc=0 size: 0.39 MB [binary]
Storage batch 0Nm_BPFI_03:48 rc=0 size: 0.16 MB
---Published batch 48 at 14:05:41---
Compute batch 0Nm_BPFI_03:49 rc=0 size: 0.39 MB [binary]
Storage batch 0Nm_BPFI_03:49 rc=0 size: 0.16 MB
---Published batch 49 at 14:05:42---
Compute batch 0Nm_BPFI_03:50 rc=0 size: 0.39 MB [binary]
Storage batch 0Nm_BPFI_03:50 rc=0 size: 0.16 MB
---Published batch 50 at 14:05:43---
Compute batch 0Nm_BPFI_03:51 rc=0 size: 0.39 MB [binary]
Storage batch 0Nm_BPFI_03:51 rc=0 size: 0.16 MB
---Published batch 51 at 14:05:44---
Compute batch 0Nm_BPFI_03:52 rc=0 size: 0.39 MB [binary]
Storage batch 0Nm_BPFI_03:52 rc=0 size: 0.16 MB
---Published batch 52 at 14:05:45---
