Simulating device: Motor5  dataset: kaist
/home/dautom/Desktop/e2c-uns-fw/arch-components/Publisher.py:81: DeprecationWarning: Callback API version 1 is deprecated, update to latest version
  client = mqtt.Client(client_id=F"vibration_data_publisher_{DEVICE_ID}", clean_session=True)
Pinned to file: 0Nm_BPFI_03.csv (no random selection)
Starting simulation in folder: /home/dautom/Desktop/e2c-uns-fw/data/publish-data/kaist
Connected to MQTT
Chosen file: 0Nm_BPFI_03.csv
NTP sync ok offset_ns=-3292082
Compute batch 0Nm_BPFI_03:0 rc=0 size: 0.39 MB [binary]
Storage batch 0Nm_BPFI_03:0 rc=0 size: 0.16 MB
---Published batch 0 at 02:16:12---
Compute batch 0Nm_BPFI_03:1 rc=0 size: 0.39 MB [binary]
Storage batch 0Nm_BPFI_03:1 rc=0 size: 0.16 MB
---Published batch 1 at 02:16:13---
Compute batch 0Nm_BPFI_03:2 rc=0 size: 0.39 MB [binary]
Storage batch 0Nm_BPFI_03:2 rc=0 size: 0.16 MB
---Published batch 2 at 02:16:14---
Compute batch 0Nm_BPFI_03:3 rc=0 size: 0.39 MB [binary]
Storage batch 0Nm_BPFI_03:3 rc=0 size: 0.16 MB
---Published batch 3 at 02:16:16---
Compute batch 0Nm_BPFI_03:4 rc=0 size: 0.39 MB [binary]
Storage batch 0Nm_BPFI_03:4 rc=0 size: 0.16 MB
---Published batch 4 at 02:16:17---
Compute batch 0Nm_BPFI_03:5 rc=0 size: 0.39 MB [binary]
Storage batch 0Nm_BPFI_03:5 rc=0 size: 0.16 MB
---Published batch 5 at 02:16:18---
Compute batch 0Nm_BPFI_03:6 rc=0 size: 0.39 MB [binary]
Storage batch 0Nm_BPFI_03:6 rc=0 size: 0.16 MB
---Published batch 6 at 02:16:19---
Compute batch 0Nm_BPFI_03:7 rc=0 size: 0.39 MB [binary]
Storage batch 0Nm_BPFI_03:7 rc=0 size: 0.16 MB
---Published batch 7 at 02:16:20---
Compute batch 0Nm_BPFI_03:8 rc=0 size: 0.39 MB [binary]
Storage batch 0Nm_BPFI_03:8 rc=0 size: 0.16 MB
---Published batch 8 at 02:16:21---
Compute batch 0Nm_BPFI_03:9 rc=0 size: 0.39 MB [binary]
Storage batch 0Nm_BPFI_03:9 rc=0 size: 0.16 MB
---Published batch 9 at 02:16:22---
Compute batch 0Nm_BPFI_03:10 rc=0 size: 0.39 MB [binary]
Storage batch 0Nm_BPFI_03:10 rc=0 size: 0.16 MB
---Published batch 10 at 02:16:23---
Compute batch 0Nm_BPFI_03:11 rc=0 size: 0.39 MB [binary]
Storage batch 0Nm_BPFI_03:11 rc=0 size: 0.16 MB
---Published batch 11 at 02:16:24---
Compute batch 0Nm_BPFI_03:12 rc=0 size: 0.39 MB [binary]
Storage batch 0Nm_BPFI_03:12 rc=0 size: 0.16 MB
---Published batch 12 at 02:16:25---
Compute batch 0Nm_BPFI_03:13 rc=0 size: 0.39 MB [binary]
Storage batch 0Nm_BPFI_03:13 rc=0 size: 0.16 MB
---Published batch 13 at 02:16:26---
Compute batch 0Nm_BPFI_03:14 rc=0 size: 0.39 MB [binary]
Storage batch 0Nm_BPFI_03:14 rc=0 size: 0.16 MB
---Published batch 14 at 02:16:27---
Compute batch 0Nm_BPFI_03:15 rc=0 size: 0.39 MB [binary]
Storage batch 0Nm_BPFI_03:15 rc=0 size: 0.16 MB
---Published batch 15 at 02:16:28---
Compute batch 0Nm_BPFI_03:16 rc=0 size: 0.39 MB [binary]
Storage batch 0Nm_BPFI_03:16 rc=0 size: 0.16 MB
---Published batch 16 at 02:16:29---
Compute batch 0Nm_BPFI_03:17 rc=0 size: 0.39 MB [binary]
Storage batch 0Nm_BPFI_03:17 rc=0 size: 0.16 MB
---Published batch 17 at 02:16:30---
Compute batch 0Nm_BPFI_03:18 rc=0 size: 0.39 MB [binary]
Storage batch 0Nm_BPFI_03:18 rc=0 size: 0.16 MB
---Published batch 18 at 02:16:31---
Compute batch 0Nm_BPFI_03:19 rc=0 size: 0.39 MB [binary]
Storage batch 0Nm_BPFI_03:19 rc=0 size: 0.16 MB
---Published batch 19 at 02:16:32---
Compute batch 0Nm_BPFI_03:20 rc=0 size: 0.39 MB [binary]
Storage batch 0Nm_BPFI_03:20 rc=0 size: 0.16 MB
---Published batch 20 at 02:16:33---
Compute batch 0Nm_BPFI_03:21 rc=0 size: 0.39 MB [binary]
Storage batch 0Nm_BPFI_03:21 rc=0 size: 0.16 MB
---Published batch 21 at 02:16:34---
Compute batch 0Nm_BPFI_03:22 rc=0 size: 0.39 MB [binary]
Storage batch 0Nm_BPFI_03:22 rc=0 size: 0.16 MB
---Published batch 22 at 02:16:35---
Compute batch 0Nm_BPFI_03:23 rc=0 size: 0.39 MB [binary]
Storage batch 0Nm_BPFI_03:23 rc=0 size: 0.16 MB
---Published batch 23 at 02:16:36---
Compute batch 0Nm_BPFI_03:24 rc=0 size: 0.39 MB [binary]
Storage batch 0Nm_BPFI_03:24 rc=0 size: 0.16 MB
---Published batch 24 at 02:16:37---
Compute batch 0Nm_BPFI_03:25 rc=0 size: 0.39 MB [binary]
Storage batch 0Nm_BPFI_03:25 rc=0 size: 0.16 MB
---Published batch 25 at 02:16:38---
Compute batch 0Nm_BPFI_03:26 rc=0 size: 0.39 MB [binary]
Storage batch 0Nm_BPFI_03:26 rc=0 size: 0.16 MB
---Published batch 26 at 02:16:39---
Compute batch 0Nm_BPFI_03:27 rc=0 size: 0.39 MB [binary]
Storage batch 0Nm_BPFI_03:27 rc=0 size: 0.16 MB
---Published batch 27 at 02:16:40---
Compute batch 0Nm_BPFI_03:28 rc=0 size: 0.39 MB [binary]
Storage batch 0Nm_BPFI_03:28 rc=0 size: 0.16 MB
---Published batch 28 at 02:16:41---
Compute batch 0Nm_BPFI_03:29 rc=0 size: 0.39 MB [binary]
Storage batch 0Nm_BPFI_03:29 rc=0 size: 0.16 MB
---Published batch 29 at 02:16:42---
Compute batch 0Nm_BPFI_03:30 rc=0 size: 0.39 MB [binary]
Storage batch 0Nm_BPFI_03:30 rc=0 size: 0.16 MB
---Published batch 30 at 02:16:43---
Compute batch 0Nm_BPFI_03:31 rc=0 size: 0.39 MB [binary]
Storage batch 0Nm_BPFI_03:31 rc=0 size: 0.16 MB
---Published batch 31 at 02:16:44---
Compute batch 0Nm_BPFI_03:32 rc=0 size: 0.39 MB [binary]
Storage batch 0Nm_BPFI_03:32 rc=0 size: 0.16 MB
---Published batch 32 at 02:16:45---
Compute batch 0Nm_BPFI_03:33 rc=0 size: 0.39 MB [binary]
Storage batch 0Nm_BPFI_03:33 rc=0 size: 0.16 MB
---Published batch 33 at 02:16:46---
Compute batch 0Nm_BPFI_03:34 rc=0 size: 0.39 MB [binary]
Storage batch 0Nm_BPFI_03:34 rc=0 size: 0.16 MB
---Published batch 34 at 02:16:47---
Compute batch 0Nm_BPFI_03:35 rc=0 size: 0.39 MB [binary]
Storage batch 0Nm_BPFI_03:35 rc=0 size: 0.16 MB
---Published batch 35 at 02:16:48---
Compute batch 0Nm_BPFI_03:36 rc=0 size: 0.39 MB [binary]
Storage batch 0Nm_BPFI_03:36 rc=0 size: 0.16 MB
---Published batch 36 at 02:16:49---
Compute batch 0Nm_BPFI_03:37 rc=0 size: 0.39 MB [binary]
Storage batch 0Nm_BPFI_03:37 rc=0 size: 0.16 MB
---Published batch 37 at 02:16:50---
Compute batch 0Nm_BPFI_03:38 rc=0 size: 0.39 MB [binary]
Storage batch 0Nm_BPFI_03:38 rc=0 size: 0.16 MB
---Published batch 38 at 02:16:51---
Compute batch 0Nm_BPFI_03:39 rc=0 size: 0.39 MB [binary]
Storage batch 0Nm_BPFI_03:39 rc=0 size: 0.16 MB
---Published batch 39 at 02:16:52---
Compute batch 0Nm_BPFI_03:40 rc=0 size: 0.39 MB [binary]
Storage batch 0Nm_BPFI_03:40 rc=0 size: 0.16 MB
---Published batch 40 at 02:16:53---
Compute batch 0Nm_BPFI_03:41 rc=0 size: 0.39 MB [binary]
Storage batch 0Nm_BPFI_03:41 rc=0 size: 0.16 MB
---Published batch 41 at 02:16:54---
Compute batch 0Nm_BPFI_03:42 rc=0 size: 0.39 MB [binary]
Storage batch 0Nm_BPFI_03:42 rc=0 size: 0.16 MB
---Published batch 42 at 02:16:55---
Compute batch 0Nm_BPFI_03:43 rc=0 size: 0.39 MB [binary]
Storage batch 0Nm_BPFI_03:43 rc=0 size: 0.16 MB
---Published batch 43 at 02:16:56---
Compute batch 0Nm_BPFI_03:44 rc=0 size: 0.39 MB [binary]
Storage batch 0Nm_BPFI_03:44 rc=0 size: 0.16 MB
---Published batch 44 at 02:16:57---
Compute batch 0Nm_BPFI_03:45 rc=0 size: 0.39 MB [binary]
Storage batch 0Nm_BPFI_03:45 rc=0 size: 0.16 MB
---Published batch 45 at 02:16:58---
Compute batch 0Nm_BPFI_03:46 rc=0 size: 0.39 MB [binary]
Storage batch 0Nm_BPFI_03:46 rc=0 size: 0.16 MB
---Published batch 46 at 02:16:59---
Compute batch 0Nm_BPFI_03:47 rc=0 size: 0.39 MB [binary]
Storage batch 0Nm_BPFI_03:47 rc=0 size: 0.16 MB
---Published batch 47 at 02:17:00---
Compute batch 0Nm_BPFI_03:48 rc=0 size: 0.39 MB [binary]
Storage batch 0Nm_BPFI_03:48 rc=0 size: 0.16 MB
---Published batch 48 at 02:17:01---
Compute batch 0Nm_BPFI_03:49 rc=0 size: 0.39 MB [binary]
Storage batch 0Nm_BPFI_03:49 rc=0 size: 0.16 MB
---Published batch 49 at 02:17:02---
Compute batch 0Nm_BPFI_03:50 rc=0 size: 0.39 MB [binary]
Storage batch 0Nm_BPFI_03:50 rc=0 size: 0.16 MB
---Published batch 50 at 02:17:03---
Compute batch 0Nm_BPFI_03:51 rc=0 size: 0.39 MB [binary]
Storage batch 0Nm_BPFI_03:51 rc=0 size: 0.16 MB
---Published batch 51 at 02:17:04---
Compute batch 0Nm_BPFI_03:52 rc=0 size: 0.39 MB [binary]
Storage batch 0Nm_BPFI_03:52 rc=0 size: 0.16 MB
---Published batch 52 at 02:17:05---
Compute batch 0Nm_BPFI_03:53 rc=0 size: 0.39 MB [binary]
Storage batch 0Nm_BPFI_03:53 rc=0 size: 0.16 MB
---Published batch 53 at 02:17:07---
Compute batch 0Nm_BPFI_03:54 rc=0 size: 0.39 MB [binary]
Storage batch 0Nm_BPFI_03:54 rc=0 size: 0.16 MB
---Published batch 54 at 02:17:08---
Compute batch 0Nm_BPFI_03:55 rc=0 size: 0.39 MB [binary]
Storage batch 0Nm_BPFI_03:55 rc=0 size: 0.16 MB
---Published batch 55 at 02:17:09---
Compute batch 0Nm_BPFI_03:56 rc=0 size: 0.39 MB [binary]
Storage batch 0Nm_BPFI_03:56 rc=0 size: 0.16 MB
---Published batch 56 at 02:17:10---
Compute batch 0Nm_BPFI_03:57 rc=0 size: 0.39 MB [binary]
Storage batch 0Nm_BPFI_03:57 rc=0 size: 0.16 MB
---Published batch 57 at 02:17:11---
Compute batch 0Nm_BPFI_03:58 rc=0 size: 0.39 MB [binary]
Storage batch 0Nm_BPFI_03:58 rc=0 size: 0.16 MB
---Published batch 58 at 02:17:12---
NTP sync ok offset_ns=-4054876
Compute batch 0Nm_BPFI_03:59 rc=0 size: 0.39 MB [binary]
Storage batch 0Nm_BPFI_03:59 rc=0 size: 0.16 MB
---Published batch 59 at 02:17:13---
Compute batch 0Nm_BPFI_03:60 rc=0 size: 0.39 MB [binary]
Storage batch 0Nm_BPFI_03:60 rc=0 size: 0.16 MB
---Published batch 60 at 02:17:14---
Compute batch 0Nm_BPFI_03:61 rc=0 size: 0.39 MB [binary]
Storage batch 0Nm_BPFI_03:61 rc=0 size: 0.16 MB
---Published batch 61 at 02:17:15---
Compute batch 0Nm_BPFI_03:62 rc=0 size: 0.39 MB [binary]
Storage batch 0Nm_BPFI_03:62 rc=0 size: 0.16 MB
---Published batch 62 at 02:17:16---
Compute batch 0Nm_BPFI_03:63 rc=0 size: 0.39 MB [binary]
Storage batch 0Nm_BPFI_03:63 rc=0 size: 0.16 MB
---Published batch 63 at 02:17:17---
Compute batch 0Nm_BPFI_03:64 rc=0 size: 0.39 MB [binary]
Storage batch 0Nm_BPFI_03:64 rc=0 size: 0.16 MB
---Published batch 64 at 02:17:18---
Compute batch 0Nm_BPFI_03:65 rc=0 size: 0.39 MB [binary]
Storage batch 0Nm_BPFI_03:65 rc=0 size: 0.16 MB
---Published batch 65 at 02:17:19---
Compute batch 0Nm_BPFI_03:66 rc=0 size: 0.39 MB [binary]
Storage batch 0Nm_BPFI_03:66 rc=0 size: 0.16 MB
---Published batch 66 at 02:17:20---
Compute batch 0Nm_BPFI_03:67 rc=0 size: 0.39 MB [binary]
Storage batch 0Nm_BPFI_03:67 rc=0 size: 0.16 MB
---Published batch 67 at 02:17:21---
Compute batch 0Nm_BPFI_03:68 rc=0 size: 0.39 MB [binary]
Storage batch 0Nm_BPFI_03:68 rc=0 size: 0.16 MB
---Published batch 68 at 02:17:22---
Compute batch 0Nm_BPFI_03:69 rc=0 size: 0.39 MB [binary]
Storage batch 0Nm_BPFI_03:69 rc=0 size: 0.16 MB
---Published batch 69 at 02:17:23---
Compute batch 0Nm_BPFI_03:70 rc=0 size: 0.39 MB [binary]
Storage batch 0Nm_BPFI_03:70 rc=0 size: 0.16 MB
---Published batch 70 at 02:17:24---
Compute batch 0Nm_BPFI_03:71 rc=0 size: 0.39 MB [binary]
Storage batch 0Nm_BPFI_03:71 rc=0 size: 0.16 MB
---Published batch 71 at 02:17:25---
Compute batch 0Nm_BPFI_03:72 rc=0 size: 0.39 MB [binary]
Storage batch 0Nm_BPFI_03:72 rc=0 size: 0.16 MB
---Published batch 72 at 02:17:26---
Compute batch 0Nm_BPFI_03:73 rc=0 size: 0.39 MB [binary]
Storage batch 0Nm_BPFI_03:73 rc=0 size: 0.16 MB
---Published batch 73 at 02:17:27---
Compute batch 0Nm_BPFI_03:74 rc=0 size: 0.39 MB [binary]
Storage batch 0Nm_BPFI_03:74 rc=0 size: 0.16 MB
---Published batch 74 at 02:17:28---
Compute batch 0Nm_BPFI_03:75 rc=0 size: 0.39 MB [binary]
Storage batch 0Nm_BPFI_03:75 rc=0 size: 0.16 MB
---Published batch 75 at 02:17:29---
Compute batch 0Nm_BPFI_03:76 rc=0 size: 0.39 MB [binary]
Storage batch 0Nm_BPFI_03:76 rc=0 size: 0.16 MB
---Published batch 76 at 02:17:30---
Compute batch 0Nm_BPFI_03:77 rc=0 size: 0.39 MB [binary]
Storage batch 0Nm_BPFI_03:77 rc=0 size: 0.16 MB
---Published batch 77 at 02:17:31---
Compute batch 0Nm_BPFI_03:78 rc=0 size: 0.39 MB [binary]
Storage batch 0Nm_BPFI_03:78 rc=0 size: 0.16 MB
---Published batch 78 at 02:17:32---
Compute batch 0Nm_BPFI_03:79 rc=0 size: 0.39 MB [binary]
Storage batch 0Nm_BPFI_03:79 rc=0 size: 0.16 MB
---Published batch 79 at 02:17:33---
Compute batch 0Nm_BPFI_03:80 rc=0 size: 0.39 MB [binary]
Storage batch 0Nm_BPFI_03:80 rc=0 size: 0.16 MB
---Published batch 80 at 02:17:34---
Compute batch 0Nm_BPFI_03:81 rc=0 size: 0.39 MB [binary]
Storage batch 0Nm_BPFI_03:81 rc=0 size: 0.16 MB
---Published batch 81 at 02:17:35---
Compute batch 0Nm_BPFI_03:82 rc=0 size: 0.39 MB [binary]
Storage batch 0Nm_BPFI_03:82 rc=0 size: 0.16 MB
---Published batch 82 at 02:17:36---
Compute batch 0Nm_BPFI_03:83 rc=0 size: 0.39 MB [binary]
Storage batch 0Nm_BPFI_03:83 rc=0 size: 0.16 MB
---Published batch 83 at 02:17:37---
Compute batch 0Nm_BPFI_03:84 rc=0 size: 0.39 MB [binary]
Storage batch 0Nm_BPFI_03:84 rc=0 size: 0.16 MB
---Published batch 84 at 02:17:38---
Compute batch 0Nm_BPFI_03:85 rc=0 size: 0.39 MB [binary]
Storage batch 0Nm_BPFI_03:85 rc=0 size: 0.16 MB
---Published batch 85 at 02:17:39---
Compute batch 0Nm_BPFI_03:86 rc=0 size: 0.39 MB [binary]
Storage batch 0Nm_BPFI_03:86 rc=0 size: 0.16 MB
---Published batch 86 at 02:17:40---
Compute batch 0Nm_BPFI_03:87 rc=0 size: 0.39 MB [binary]
Storage batch 0Nm_BPFI_03:87 rc=0 size: 0.16 MB
---Published batch 87 at 02:17:41---
Compute batch 0Nm_BPFI_03:88 rc=0 size: 0.39 MB [binary]
Storage batch 0Nm_BPFI_03:88 rc=0 size: 0.16 MB
---Published batch 88 at 02:17:42---
Compute batch 0Nm_BPFI_03:89 rc=0 size: 0.39 MB [binary]
Storage batch 0Nm_BPFI_03:89 rc=0 size: 0.16 MB
---Published batch 89 at 02:17:43---
Compute batch 0Nm_BPFI_03:90 rc=0 size: 0.39 MB [binary]
Storage batch 0Nm_BPFI_03:90 rc=0 size: 0.16 MB
---Published batch 90 at 02:17:44---
Compute batch 0Nm_BPFI_03:91 rc=0 size: 0.39 MB [binary]
Storage batch 0Nm_BPFI_03:91 rc=0 size: 0.16 MB
---Published batch 91 at 02:17:45---
Compute batch 0Nm_BPFI_03:92 rc=0 size: 0.39 MB [binary]
Storage batch 0Nm_BPFI_03:92 rc=0 size: 0.16 MB
---Published batch 92 at 02:17:47---
Compute batch 0Nm_BPFI_03:93 rc=0 size: 0.39 MB [binary]
Storage batch 0Nm_BPFI_03:93 rc=0 size: 0.16 MB
---Published batch 93 at 02:17:48---
Compute batch 0Nm_BPFI_03:94 rc=0 size: 0.39 MB [binary]
Storage batch 0Nm_BPFI_03:94 rc=0 size: 0.16 MB
---Published batch 94 at 02:17:49---
Compute batch 0Nm_BPFI_03:95 rc=0 size: 0.39 MB [binary]
Storage batch 0Nm_BPFI_03:95 rc=0 size: 0.16 MB
---Published batch 95 at 02:17:50---
Compute batch 0Nm_BPFI_03:96 rc=0 size: 0.39 MB [binary]
Storage batch 0Nm_BPFI_03:96 rc=0 size: 0.16 MB
---Published batch 96 at 02:17:51---
Compute batch 0Nm_BPFI_03:97 rc=0 size: 0.39 MB [binary]
Storage batch 0Nm_BPFI_03:97 rc=0 size: 0.16 MB
---Published batch 97 at 02:17:52---
Compute batch 0Nm_BPFI_03:98 rc=0 size: 0.39 MB [binary]
Storage batch 0Nm_BPFI_03:98 rc=0 size: 0.16 MB
---Published batch 98 at 02:17:53---
Compute batch 0Nm_BPFI_03:99 rc=0 size: 0.39 MB [binary]
Storage batch 0Nm_BPFI_03:99 rc=0 size: 0.16 MB
---Published batch 99 at 02:17:54---
Compute batch 0Nm_BPFI_03:100 rc=0 size: 0.39 MB [binary]
Storage batch 0Nm_BPFI_03:100 rc=0 size: 0.16 MB
---Published batch 100 at 02:17:55---
Compute batch 0Nm_BPFI_03:101 rc=0 size: 0.39 MB [binary]
Storage batch 0Nm_BPFI_03:101 rc=0 size: 0.16 MB
---Published batch 101 at 02:17:56---
Compute batch 0Nm_BPFI_03:102 rc=0 size: 0.39 MB [binary]
Storage batch 0Nm_BPFI_03:102 rc=0 size: 0.16 MB
---Published batch 102 at 02:17:57---
Compute batch 0Nm_BPFI_03:103 rc=0 size: 0.39 MB [binary]
Storage batch 0Nm_BPFI_03:103 rc=0 size: 0.16 MB
---Published batch 103 at 02:17:58---
Compute batch 0Nm_BPFI_03:104 rc=0 size: 0.39 MB [binary]
Storage batch 0Nm_BPFI_03:104 rc=0 size: 0.16 MB
---Published batch 104 at 02:17:59---
Compute batch 0Nm_BPFI_03:105 rc=0 size: 0.39 MB [binary]
Storage batch 0Nm_BPFI_03:105 rc=0 size: 0.16 MB
---Published batch 105 at 02:18:00---
Compute batch 0Nm_BPFI_03:106 rc=0 size: 0.39 MB [binary]
Storage batch 0Nm_BPFI_03:106 rc=0 size: 0.16 MB
---Published batch 106 at 02:18:01---
Compute batch 0Nm_BPFI_03:107 rc=0 size: 0.39 MB [binary]
Storage batch 0Nm_BPFI_03:107 rc=0 size: 0.16 MB
---Published batch 107 at 02:18:02---
Compute batch 0Nm_BPFI_03:108 rc=0 size: 0.39 MB [binary]
Storage batch 0Nm_BPFI_03:108 rc=0 size: 0.16 MB
---Published batch 108 at 02:18:03---
Compute batch 0Nm_BPFI_03:109 rc=0 size: 0.39 MB [binary]
Storage batch 0Nm_BPFI_03:109 rc=0 size: 0.16 MB
---Published batch 109 at 02:18:04---
Compute batch 0Nm_BPFI_03:110 rc=0 size: 0.39 MB [binary]
Storage batch 0Nm_BPFI_03:110 rc=0 size: 0.16 MB
---Published batch 110 at 02:18:05---
Compute batch 0Nm_BPFI_03:111 rc=0 size: 0.39 MB [binary]
Storage batch 0Nm_BPFI_03:111 rc=0 size: 0.16 MB
---Published batch 111 at 02:18:06---
Compute batch 0Nm_BPFI_03:112 rc=0 size: 0.39 MB [binary]
Storage batch 0Nm_BPFI_03:112 rc=0 size: 0.16 MB
---Published batch 112 at 02:18:07---
Compute batch 0Nm_BPFI_03:113 rc=0 size: 0.39 MB [binary]
Storage batch 0Nm_BPFI_03:113 rc=0 size: 0.16 MB
---Published batch 113 at 02:18:08---
Compute batch 0Nm_BPFI_03:114 rc=0 size: 0.39 MB [binary]
Storage batch 0Nm_BPFI_03:114 rc=0 size: 0.16 MB
---Published batch 114 at 02:18:09---
Compute batch 0Nm_BPFI_03:115 rc=0 size: 0.39 MB [binary]
Storage batch 0Nm_BPFI_03:115 rc=0 size: 0.16 MB
---Published batch 115 at 02:18:10---
Compute batch 0Nm_BPFI_03:116 rc=0 size: 0.39 MB [binary]
Storage batch 0Nm_BPFI_03:116 rc=0 size: 0.16 MB
---Published batch 116 at 02:18:11---
Compute batch 0Nm_BPFI_03:117 rc=0 size: 0.39 MB [binary]
Storage batch 0Nm_BPFI_03:117 rc=0 size: 0.16 MB
---Published batch 117 at 02:18:12---
NTP sync ok offset_ns=-34073203
Compute batch 0Nm_BPFI_03:118 rc=0 size: 0.39 MB [binary]
Storage batch 0Nm_BPFI_03:118 rc=0 size: 0.16 MB
---Published batch 118 at 02:18:13---
Compute batch 0Nm_BPFI_03:119 rc=0 size: 0.39 MB [binary]
Storage batch 0Nm_BPFI_03:119 rc=0 size: 0.16 MB
---Published batch 119 at 02:18:14---
Compute batch 0Nm_BPFI_03:120 rc=0 size: 0.39 MB [binary]
Storage batch 0Nm_BPFI_03:120 rc=0 size: 0.16 MB
---Published batch 120 at 02:18:15---
Compute batch 0Nm_BPFI_03:121 rc=0 size: 0.39 MB [binary]
Storage batch 0Nm_BPFI_03:121 rc=0 size: 0.16 MB
---Published batch 121 at 02:18:16---
Compute batch 0Nm_BPFI_03:122 rc=0 size: 0.39 MB [binary]
Storage batch 0Nm_BPFI_03:122 rc=0 size: 0.16 MB
---Published batch 122 at 02:18:17---
Compute batch 0Nm_BPFI_03:123 rc=0 size: 0.39 MB [binary]
Storage batch 0Nm_BPFI_03:123 rc=0 size: 0.16 MB
---Published batch 123 at 02:18:18---
Compute batch 0Nm_BPFI_03:124 rc=0 size: 0.39 MB [binary]
Storage batch 0Nm_BPFI_03:124 rc=0 size: 0.16 MB
---Published batch 124 at 02:18:19---
Compute batch 0Nm_BPFI_03:125 rc=0 size: 0.39 MB [binary]
Storage batch 0Nm_BPFI_03:125 rc=0 size: 0.16 MB
---Published batch 125 at 02:18:20---
Compute batch 0Nm_BPFI_03:126 rc=0 size: 0.39 MB [binary]
Storage batch 0Nm_BPFI_03:126 rc=0 size: 0.16 MB
---Published batch 126 at 02:18:21---
Compute batch 0Nm_BPFI_03:127 rc=0 size: 0.39 MB [binary]
Storage batch 0Nm_BPFI_03:127 rc=0 size: 0.16 MB
---Published batch 127 at 02:18:22---
Compute batch 0Nm_BPFI_03:128 rc=0 size: 0.39 MB [binary]
Storage batch 0Nm_BPFI_03:128 rc=0 size: 0.16 MB
---Published batch 128 at 02:18:23---
Compute batch 0Nm_BPFI_03:129 rc=0 size: 0.39 MB [binary]
Storage batch 0Nm_BPFI_03:129 rc=0 size: 0.16 MB
---Published batch 129 at 02:18:24---
Compute batch 0Nm_BPFI_03:130 rc=0 size: 0.39 MB [binary]
Storage batch 0Nm_BPFI_03:130 rc=0 size: 0.16 MB
---Published batch 130 at 02:18:25---
Compute batch 0Nm_BPFI_03:131 rc=0 size: 0.39 MB [binary]
Storage batch 0Nm_BPFI_03:131 rc=0 size: 0.16 MB
---Published batch 131 at 02:18:26---
Compute batch 0Nm_BPFI_03:132 rc=0 size: 0.39 MB [binary]
Storage batch 0Nm_BPFI_03:132 rc=0 size: 0.16 MB
---Published batch 132 at 02:18:27---
Compute batch 0Nm_BPFI_03:133 rc=0 size: 0.39 MB [binary]
Storage batch 0Nm_BPFI_03:133 rc=0 size: 0.16 MB
---Published batch 133 at 02:18:28---
Compute batch 0Nm_BPFI_03:134 rc=0 size: 0.39 MB [binary]
Storage batch 0Nm_BPFI_03:134 rc=0 size: 0.16 MB
---Published batch 134 at 02:18:30---
Compute batch 0Nm_BPFI_03:135 rc=0 size: 0.39 MB [binary]
Storage batch 0Nm_BPFI_03:135 rc=0 size: 0.16 MB
---Published batch 135 at 02:18:31---
Compute batch 0Nm_BPFI_03:136 rc=0 size: 0.39 MB [binary]
Storage batch 0Nm_BPFI_03:136 rc=0 size: 0.16 MB
---Published batch 136 at 02:18:32---
Compute batch 0Nm_BPFI_03:137 rc=0 size: 0.39 MB [binary]
Storage batch 0Nm_BPFI_03:137 rc=0 size: 0.16 MB
---Published batch 137 at 02:18:33---
Compute batch 0Nm_BPFI_03:138 rc=0 size: 0.39 MB [binary]
Storage batch 0Nm_BPFI_03:138 rc=0 size: 0.16 MB
---Published batch 138 at 02:18:34---
Compute batch 0Nm_BPFI_03:139 rc=0 size: 0.39 MB [binary]
Storage batch 0Nm_BPFI_03:139 rc=0 size: 0.16 MB
---Published batch 139 at 02:18:35---
Compute batch 0Nm_BPFI_03:140 rc=0 size: 0.39 MB [binary]
Storage batch 0Nm_BPFI_03:140 rc=0 size: 0.16 MB
---Published batch 140 at 02:18:36---
Compute batch 0Nm_BPFI_03:141 rc=0 size: 0.39 MB [binary]
Storage batch 0Nm_BPFI_03:141 rc=0 size: 0.16 MB
---Published batch 141 at 02:18:37---
Compute batch 0Nm_BPFI_03:142 rc=0 size: 0.39 MB [binary]
Storage batch 0Nm_BPFI_03:142 rc=0 size: 0.16 MB
---Published batch 142 at 02:18:38---
Compute batch 0Nm_BPFI_03:143 rc=0 size: 0.39 MB [binary]
Storage batch 0Nm_BPFI_03:143 rc=0 size: 0.16 MB
---Published batch 143 at 02:18:39---
Compute batch 0Nm_BPFI_03:144 rc=0 size: 0.39 MB [binary]
Storage batch 0Nm_BPFI_03:144 rc=0 size: 0.16 MB
---Published batch 144 at 02:18:40---
Compute batch 0Nm_BPFI_03:145 rc=0 size: 0.39 MB [binary]
Storage batch 0Nm_BPFI_03:145 rc=0 size: 0.16 MB
---Published batch 145 at 02:18:41---
Compute batch 0Nm_BPFI_03:146 rc=0 size: 0.39 MB [binary]
Storage batch 0Nm_BPFI_03:146 rc=0 size: 0.16 MB
---Published batch 146 at 02:18:42---
Compute batch 0Nm_BPFI_03:147 rc=0 size: 0.39 MB [binary]
Storage batch 0Nm_BPFI_03:147 rc=0 size: 0.16 MB
---Published batch 147 at 02:18:43---
Compute batch 0Nm_BPFI_03:148 rc=0 size: 0.39 MB [binary]
Storage batch 0Nm_BPFI_03:148 rc=0 size: 0.16 MB
---Published batch 148 at 02:18:44---
Compute batch 0Nm_BPFI_03:149 rc=0 size: 0.39 MB [binary]
Storage batch 0Nm_BPFI_03:149 rc=0 size: 0.16 MB
---Published batch 149 at 02:18:45---
Compute batch 0Nm_BPFI_03:150 rc=0 size: 0.39 MB [binary]
Storage batch 0Nm_BPFI_03:150 rc=0 size: 0.16 MB
---Published batch 150 at 02:18:46---
Compute batch 0Nm_BPFI_03:151 rc=0 size: 0.39 MB [binary]
Storage batch 0Nm_BPFI_03:151 rc=0 size: 0.16 MB
---Published batch 151 at 02:18:47---
Compute batch 0Nm_BPFI_03:152 rc=0 size: 0.39 MB [binary]
Storage batch 0Nm_BPFI_03:152 rc=0 size: 0.16 MB
---Published batch 152 at 02:18:48---
Compute batch 0Nm_BPFI_03:153 rc=0 size: 0.39 MB [binary]
Storage batch 0Nm_BPFI_03:153 rc=0 size: 0.16 MB
---Published batch 153 at 02:18:49---
Compute batch 0Nm_BPFI_03:154 rc=0 size: 0.39 MB [binary]
Storage batch 0Nm_BPFI_03:154 rc=0 size: 0.16 MB
---Published batch 154 at 02:18:50---
Compute batch 0Nm_BPFI_03:155 rc=0 size: 0.39 MB [binary]
Storage batch 0Nm_BPFI_03:155 rc=0 size: 0.16 MB
---Published batch 155 at 02:18:51---
Compute batch 0Nm_BPFI_03:156 rc=0 size: 0.39 MB [binary]
Storage batch 0Nm_BPFI_03:156 rc=0 size: 0.16 MB
---Published batch 156 at 02:18:52---
Compute batch 0Nm_BPFI_03:157 rc=0 size: 0.39 MB [binary]
Storage batch 0Nm_BPFI_03:157 rc=0 size: 0.16 MB
---Published batch 157 at 02:18:53---
Compute batch 0Nm_BPFI_03:158 rc=0 size: 0.39 MB [binary]
Storage batch 0Nm_BPFI_03:158 rc=0 size: 0.16 MB
---Published batch 158 at 02:18:54---
Compute batch 0Nm_BPFI_03:159 rc=0 size: 0.39 MB [binary]
Storage batch 0Nm_BPFI_03:159 rc=0 size: 0.16 MB
---Published batch 159 at 02:18:55---
Compute batch 0Nm_BPFI_03:160 rc=0 size: 0.39 MB [binary]
Storage batch 0Nm_BPFI_03:160 rc=0 size: 0.16 MB
---Published batch 160 at 02:18:56---
Compute batch 0Nm_BPFI_03:161 rc=0 size: 0.39 MB [binary]
Storage batch 0Nm_BPFI_03:161 rc=0 size: 0.16 MB
---Published batch 161 at 02:18:57---
Compute batch 0Nm_BPFI_03:162 rc=0 size: 0.39 MB [binary]
Storage batch 0Nm_BPFI_03:162 rc=0 size: 0.16 MB
---Published batch 162 at 02:18:58---
Compute batch 0Nm_BPFI_03:163 rc=0 size: 0.39 MB [binary]
Storage batch 0Nm_BPFI_03:163 rc=0 size: 0.16 MB
---Published batch 163 at 02:18:59---
