Simulating device: Motor1  dataset: kaist
/home/dautom/Desktop/e2c-uns-fw/arch-components/Publisher.py:81: DeprecationWarning: Callback API version 1 is deprecated, update to latest version
  client = mqtt.Client(client_id=F"vibration_data_publisher_{DEVICE_ID}", clean_session=True)
Pinned to file: 0Nm_BPFI_03.csv (no random selection)
Starting simulation in folder: /home/dautom/Desktop/e2c-uns-fw/data/publish-data/kaist
Connected to MQTT
Chosen file: 0Nm_BPFI_03.csv
NTP sync ok offset_ns=-78708396
Compute batch 0Nm_BPFI_03:0 rc=0 size: 0.39 MB [binary]
Storage batch 0Nm_BPFI_03:0 rc=0 size: 0.12 MB
---Published batch 0 at 20:14:48---
Compute batch 0Nm_BPFI_03:1 rc=0 size: 0.39 MB [binary]
Storage batch 0Nm_BPFI_03:1 rc=0 size: 0.12 MB
---Published batch 1 at 20:14:49---
Compute batch 0Nm_BPFI_03:2 rc=0 size: 0.39 MB [binary]
Storage batch 0Nm_BPFI_03:2 rc=0 size: 0.12 MB
---Published batch 2 at 20:14:51---
Compute batch 0Nm_BPFI_03:3 rc=0 size: 0.39 MB [binary]
Storage batch 0Nm_BPFI_03:3 rc=0 size: 0.12 MB
---Published batch 3 at 20:14:52---
Compute batch 0Nm_BPFI_03:4 rc=0 size: 0.39 MB [binary]
Storage batch 0Nm_BPFI_03:4 rc=0 size: 0.12 MB
---Published batch 4 at 20:14:53---
Compute batch 0Nm_BPFI_03:5 rc=0 size: 0.39 MB [binary]
Storage batch 0Nm_BPFI_03:5 rc=0 size: 0.12 MB
---Published batch 5 at 20:14:54---
Compute batch 0Nm_BPFI_03:6 rc=0 size: 0.39 MB [binary]
Storage batch 0Nm_BPFI_03:6 rc=0 size: 0.12 MB
---Published batch 6 at 20:14:55---
Compute batch 0Nm_BPFI_03:7 rc=0 size: 0.39 MB [binary]
Storage batch 0Nm_BPFI_03:7 rc=0 size: 0.12 MB
---Published batch 7 at 20:14:56---
Compute batch 0Nm_BPFI_03:8 rc=0 size: 0.39 MB [binary]
Storage batch 0Nm_BPFI_03:8 rc=0 size: 0.12 MB
---Published batch 8 at 20:14:57---
Compute batch 0Nm_BPFI_03:9 rc=0 size: 0.39 MB [binary]
Storage batch 0Nm_BPFI_03:9 rc=0 size: 0.12 MB
---Published batch 9 at 20:14:58---
Compute batch 0Nm_BPFI_03:10 rc=0 size: 0.39 MB [binary]
Storage batch 0Nm_BPFI_03:10 rc=0 size: 0.12 MB
---Published batch 10 at 20:14:59---
Compute batch 0Nm_BPFI_03:11 rc=0 size: 0.39 MB [binary]
Storage batch 0Nm_BPFI_03:11 rc=0 size: 0.12 MB
---Published batch 11 at 20:15:00---
Compute batch 0Nm_BPFI_03:12 rc=0 size: 0.39 MB [binary]
Storage batch 0Nm_BPFI_03:12 rc=0 size: 0.12 MB
---Published batch 12 at 20:15:01---
Compute batch 0Nm_BPFI_03:13 rc=0 size: 0.39 MB [binary]
Storage batch 0Nm_BPFI_03:13 rc=0 size: 0.12 MB
---Published batch 13 at 20:15:02---
Compute batch 0Nm_BPFI_03:14 rc=0 size: 0.39 MB [binary]
Storage batch 0Nm_BPFI_03:14 rc=0 size: 0.12 MB
---Published batch 14 at 20:15:03---
Compute batch 0Nm_BPFI_03:15 rc=0 size: 0.39 MB [binary]
Storage batch 0Nm_BPFI_03:15 rc=0 size: 0.12 MB
---Published batch 15 at 20:15:04---
Compute batch 0Nm_BPFI_03:16 rc=0 size: 0.39 MB [binary]
Storage batch 0Nm_BPFI_03:16 rc=0 size: 0.12 MB
---Published batch 16 at 20:15:05---
Compute batch 0Nm_BPFI_03:17 rc=0 size: 0.39 MB [binary]
Storage batch 0Nm_BPFI_03:17 rc=0 size: 0.12 MB
---Published batch 17 at 20:15:06---
Compute batch 0Nm_BPFI_03:18 rc=0 size: 0.39 MB [binary]
Storage batch 0Nm_BPFI_03:18 rc=0 size: 0.12 MB
---Published batch 18 at 20:15:07---
Compute batch 0Nm_BPFI_03:19 rc=0 size: 0.39 MB [binary]
Storage batch 0Nm_BPFI_03:19 rc=0 size: 0.12 MB
---Published batch 19 at 20:15:08---
Compute batch 0Nm_BPFI_03:20 rc=0 size: 0.39 MB [binary]
Storage batch 0Nm_BPFI_03:20 rc=0 size: 0.12 MB
---Published batch 20 at 20:15:09---
Compute batch 0Nm_BPFI_03:21 rc=0 size: 0.39 MB [binary]
Storage batch 0Nm_BPFI_03:21 rc=0 size: 0.12 MB
---Published batch 21 at 20:15:10---
Compute batch 0Nm_BPFI_03:22 rc=0 size: 0.39 MB [binary]
Storage batch 0Nm_BPFI_03:22 rc=0 size: 0.12 MB
---Published batch 22 at 20:15:11---
Compute batch 0Nm_BPFI_03:23 rc=0 size: 0.39 MB [binary]
Storage batch 0Nm_BPFI_03:23 rc=0 size: 0.12 MB
---Published batch 23 at 20:15:12---
Compute batch 0Nm_BPFI_03:24 rc=0 size: 0.39 MB [binary]
Storage batch 0Nm_BPFI_03:24 rc=0 size: 0.12 MB
---Published batch 24 at 20:15:13---
Compute batch 0Nm_BPFI_03:25 rc=0 size: 0.39 MB [binary]
Storage batch 0Nm_BPFI_03:25 rc=0 size: 0.12 MB
---Published batch 25 at 20:15:14---
Compute batch 0Nm_BPFI_03:26 rc=0 size: 0.39 MB [binary]
Storage batch 0Nm_BPFI_03:26 rc=0 size: 0.12 MB
---Published batch 26 at 20:15:15---
Compute batch 0Nm_BPFI_03:27 rc=0 size: 0.39 MB [binary]
Storage batch 0Nm_BPFI_03:27 rc=0 size: 0.12 MB
---Published batch 27 at 20:15:16---
Compute batch 0Nm_BPFI_03:28 rc=0 size: 0.39 MB [binary]
Storage batch 0Nm_BPFI_03:28 rc=0 size: 0.12 MB
---Published batch 28 at 20:15:17---
Compute batch 0Nm_BPFI_03:29 rc=0 size: 0.39 MB [binary]
Storage batch 0Nm_BPFI_03:29 rc=0 size: 0.12 MB
---Published batch 29 at 20:15:18---
Compute batch 0Nm_BPFI_03:30 rc=0 size: 0.39 MB [binary]
Storage batch 0Nm_BPFI_03:30 rc=0 size: 0.12 MB
---Published batch 30 at 20:15:19---
Compute batch 0Nm_BPFI_03:31 rc=0 size: 0.39 MB [binary]
Storage batch 0Nm_BPFI_03:31 rc=0 size: 0.12 MB
---Published batch 31 at 20:15:21---
Compute batch 0Nm_BPFI_03:32 rc=0 size: 0.39 MB [binary]
Storage batch 0Nm_BPFI_03:32 rc=0 size: 0.12 MB
---Published batch 32 at 20:15:22---
Compute batch 0Nm_BPFI_03:33 rc=0 size: 0.39 MB [binary]
Storage batch 0Nm_BPFI_03:33 rc=0 size: 0.12 MB
---Published batch 33 at 20:15:23---
Compute batch 0Nm_BPFI_03:34 rc=0 size: 0.39 MB [binary]
Storage batch 0Nm_BPFI_03:34 rc=0 size: 0.12 MB
---Published batch 34 at 20:15:24---
Compute batch 0Nm_BPFI_03:35 rc=0 size: 0.39 MB [binary]
Storage batch 0Nm_BPFI_03:35 rc=0 size: 0.12 MB
---Published batch 35 at 20:15:25---
Compute batch 0Nm_BPFI_03:36 rc=0 size: 0.39 MB [binary]
Storage batch 0Nm_BPFI_03:36 rc=0 size: 0.12 MB
---Published batch 36 at 20:15:26---
Compute batch 0Nm_BPFI_03:37 rc=0 size: 0.39 MB [binary]
Storage batch 0Nm_BPFI_03:37 rc=0 size: 0.12 MB
---Published batch 37 at 20:15:27---
Compute batch 0Nm_BPFI_03:38 rc=0 size: 0.39 MB [binary]
Storage batch 0Nm_BPFI_03:38 rc=0 size: 0.12 MB
---Published batch 38 at 20:15:28---
Compute batch 0Nm_BPFI_03:39 rc=0 size: 0.39 MB [binary]
Storage batch 0Nm_BPFI_03:39 rc=0 size: 0.12 MB
---Published batch 39 at 20:15:29---
Compute batch 0Nm_BPFI_03:40 rc=0 size: 0.39 MB [binary]
Storage batch 0Nm_BPFI_03:40 rc=0 size: 0.12 MB
---Published batch 40 at 20:15:30---
Compute batch 0Nm_BPFI_03:41 rc=0 size: 0.39 MB [binary]
Storage batch 0Nm_BPFI_03:41 rc=0 size: 0.12 MB
---Published batch 41 at 20:15:31---
Compute batch 0Nm_BPFI_03:42 rc=0 size: 0.39 MB [binary]
Storage batch 0Nm_BPFI_03:42 rc=0 size: 0.12 MB
---Published batch 42 at 20:15:32---
Compute batch 0Nm_BPFI_03:43 rc=0 size: 0.39 MB [binary]
Storage batch 0Nm_BPFI_03:43 rc=0 size: 0.12 MB
---Published batch 43 at 20:15:33---
Compute batch 0Nm_BPFI_03:44 rc=0 size: 0.39 MB [binary]
Storage batch 0Nm_BPFI_03:44 rc=0 size: 0.12 MB
---Published batch 44 at 20:15:34---
Compute batch 0Nm_BPFI_03:45 rc=0 size: 0.39 MB [binary]
Storage batch 0Nm_BPFI_03:45 rc=0 size: 0.12 MB
---Published batch 45 at 20:15:35---
Compute batch 0Nm_BPFI_03:46 rc=0 size: 0.39 MB [binary]
Storage batch 0Nm_BPFI_03:46 rc=0 size: 0.12 MB
---Published batch 46 at 20:15:36---
Compute batch 0Nm_BPFI_03:47 rc=0 size: 0.39 MB [binary]
Storage batch 0Nm_BPFI_03:47 rc=0 size: 0.12 MB
---Published batch 47 at 20:15:37---
Compute batch 0Nm_BPFI_03:48 rc=0 size: 0.39 MB [binary]
Storage batch 0Nm_BPFI_03:48 rc=0 size: 0.12 MB
---Published batch 48 at 20:15:38---
Compute batch 0Nm_BPFI_03:49 rc=0 size: 0.39 MB [binary]
Storage batch 0Nm_BPFI_03:49 rc=0 size: 0.12 MB
---Published batch 49 at 20:15:39---
Compute batch 0Nm_BPFI_03:50 rc=0 size: 0.39 MB [binary]
Storage batch 0Nm_BPFI_03:50 rc=0 size: 0.12 MB
---Published batch 50 at 20:15:40---
Compute batch 0Nm_BPFI_03:51 rc=0 size: 0.39 MB [binary]
Storage batch 0Nm_BPFI_03:51 rc=0 size: 0.12 MB
---Published batch 51 at 20:15:41---
Compute batch 0Nm_BPFI_03:52 rc=0 size: 0.39 MB [binary]
Storage batch 0Nm_BPFI_03:52 rc=0 size: 0.12 MB
---Published batch 52 at 20:15:42---
Compute batch 0Nm_BPFI_03:53 rc=0 size: 0.39 MB [binary]
Storage batch 0Nm_BPFI_03:53 rc=0 size: 0.12 MB
---Published batch 53 at 20:15:43---
Compute batch 0Nm_BPFI_03:54 rc=0 size: 0.39 MB [binary]
Storage batch 0Nm_BPFI_03:54 rc=0 size: 0.12 MB
---Published batch 54 at 20:15:44---
Compute batch 0Nm_BPFI_03:55 rc=0 size: 0.39 MB [binary]
Storage batch 0Nm_BPFI_03:55 rc=0 size: 0.12 MB
---Published batch 55 at 20:15:45---
Compute batch 0Nm_BPFI_03:56 rc=0 size: 0.39 MB [binary]
Storage batch 0Nm_BPFI_03:56 rc=0 size: 0.12 MB
---Published batch 56 at 20:15:46---
Compute batch 0Nm_BPFI_03:57 rc=0 size: 0.39 MB [binary]
Storage batch 0Nm_BPFI_03:57 rc=0 size: 0.12 MB
---Published batch 57 at 20:15:48---
NTP sync ok offset_ns=-80220428
Compute batch 0Nm_BPFI_03:58 rc=0 size: 0.39 MB [binary]
Storage batch 0Nm_BPFI_03:58 rc=0 size: 0.12 MB
---Published batch 58 at 20:15:49---
Compute batch 0Nm_BPFI_03:59 rc=0 size: 0.39 MB [binary]
Storage batch 0Nm_BPFI_03:59 rc=0 size: 0.12 MB
---Published batch 59 at 20:15:50---
Compute batch 0Nm_BPFI_03:60 rc=0 size: 0.39 MB [binary]
Storage batch 0Nm_BPFI_03:60 rc=0 size: 0.12 MB
---Published batch 60 at 20:15:51---
Compute batch 0Nm_BPFI_03:61 rc=0 size: 0.39 MB [binary]
Storage batch 0Nm_BPFI_03:61 rc=0 size: 0.12 MB
---Published batch 61 at 20:15:52---
Compute batch 0Nm_BPFI_03:62 rc=0 size: 0.39 MB [binary]
Storage batch 0Nm_BPFI_03:62 rc=0 size: 0.12 MB
---Published batch 62 at 20:15:53---
Compute batch 0Nm_BPFI_03:63 rc=0 size: 0.39 MB [binary]
Storage batch 0Nm_BPFI_03:63 rc=0 size: 0.12 MB
---Published batch 63 at 20:15:54---
Compute batch 0Nm_BPFI_03:64 rc=0 size: 0.39 MB [binary]
Storage batch 0Nm_BPFI_03:64 rc=0 size: 0.12 MB
---Published batch 64 at 20:15:55---
Compute batch 0Nm_BPFI_03:65 rc=0 size: 0.39 MB [binary]
Storage batch 0Nm_BPFI_03:65 rc=0 size: 0.12 MB
---Published batch 65 at 20:15:56---
Compute batch 0Nm_BPFI_03:66 rc=0 size: 0.39 MB [binary]
Storage batch 0Nm_BPFI_03:66 rc=0 size: 0.12 MB
---Published batch 66 at 20:15:57---
Compute batch 0Nm_BPFI_03:67 rc=0 size: 0.39 MB [binary]
Storage batch 0Nm_BPFI_03:67 rc=0 size: 0.12 MB
---Published batch 67 at 20:15:58---
Compute batch 0Nm_BPFI_03:68 rc=0 size: 0.39 MB [binary]
Storage batch 0Nm_BPFI_03:68 rc=0 size: 0.12 MB
---Published batch 68 at 20:15:59---
Compute batch 0Nm_BPFI_03:69 rc=0 size: 0.39 MB [binary]
Storage batch 0Nm_BPFI_03:69 rc=0 size: 0.12 MB
---Published batch 69 at 20:16:00---
Compute batch 0Nm_BPFI_03:70 rc=0 size: 0.39 MB [binary]
Storage batch 0Nm_BPFI_03:70 rc=0 size: 0.12 MB
---Published batch 70 at 20:16:01---
Compute batch 0Nm_BPFI_03:71 rc=0 size: 0.39 MB [binary]
Storage batch 0Nm_BPFI_03:71 rc=0 size: 0.12 MB
---Published batch 71 at 20:16:02---
Compute batch 0Nm_BPFI_03:72 rc=0 size: 0.39 MB [binary]
Storage batch 0Nm_BPFI_03:72 rc=0 size: 0.12 MB
---Published batch 72 at 20:16:03---
Compute batch 0Nm_BPFI_03:73 rc=0 size: 0.39 MB [binary]
Storage batch 0Nm_BPFI_03:73 rc=0 size: 0.12 MB
---Published batch 73 at 20:16:04---
Compute batch 0Nm_BPFI_03:74 rc=0 size: 0.39 MB [binary]
Storage batch 0Nm_BPFI_03:74 rc=0 size: 0.12 MB
---Published batch 74 at 20:16:05---
Compute batch 0Nm_BPFI_03:75 rc=0 size: 0.39 MB [binary]
Storage batch 0Nm_BPFI_03:75 rc=0 size: 0.12 MB
---Published batch 75 at 20:16:06---
Compute batch 0Nm_BPFI_03:76 rc=0 size: 0.39 MB [binary]
Storage batch 0Nm_BPFI_03:76 rc=0 size: 0.12 MB
---Published batch 76 at 20:16:07---
Compute batch 0Nm_BPFI_03:77 rc=0 size: 0.39 MB [binary]
Storage batch 0Nm_BPFI_03:77 rc=0 size: 0.12 MB
---Published batch 77 at 20:16:08---
Compute batch 0Nm_BPFI_03:78 rc=0 size: 0.39 MB [binary]
Storage batch 0Nm_BPFI_03:78 rc=0 size: 0.12 MB
---Published batch 78 at 20:16:09---
Compute batch 0Nm_BPFI_03:79 rc=0 size: 0.39 MB [binary]
Storage batch 0Nm_BPFI_03:79 rc=0 size: 0.12 MB
---Published batch 79 at 20:16:10---
Compute batch 0Nm_BPFI_03:80 rc=0 size: 0.39 MB [binary]
Storage batch 0Nm_BPFI_03:80 rc=0 size: 0.12 MB
---Published batch 80 at 20:16:11---
Compute batch 0Nm_BPFI_03:81 rc=0 size: 0.39 MB [binary]
Storage batch 0Nm_BPFI_03:81 rc=0 size: 0.12 MB
---Published batch 81 at 20:16:12---
Compute batch 0Nm_BPFI_03:82 rc=0 size: 0.39 MB [binary]
Storage batch 0Nm_BPFI_03:82 rc=0 size: 0.12 MB
---Published batch 82 at 20:16:13---
Compute batch 0Nm_BPFI_03:83 rc=0 size: 0.39 MB [binary]
Storage batch 0Nm_BPFI_03:83 rc=0 size: 0.12 MB
---Published batch 83 at 20:16:14---
Compute batch 0Nm_BPFI_03:84 rc=0 size: 0.39 MB [binary]
Storage batch 0Nm_BPFI_03:84 rc=0 size: 0.12 MB
---Published batch 84 at 20:16:16---
Compute batch 0Nm_BPFI_03:85 rc=0 size: 0.39 MB [binary]
Storage batch 0Nm_BPFI_03:85 rc=0 size: 0.12 MB
---Published batch 85 at 20:16:17---
Compute batch 0Nm_BPFI_03:86 rc=0 size: 0.39 MB [binary]
Storage batch 0Nm_BPFI_03:86 rc=0 size: 0.12 MB
---Published batch 86 at 20:16:18---
Compute batch 0Nm_BPFI_03:87 rc=0 size: 0.39 MB [binary]
Storage batch 0Nm_BPFI_03:87 rc=0 size: 0.12 MB
---Published batch 87 at 20:16:19---
Compute batch 0Nm_BPFI_03:88 rc=0 size: 0.39 MB [binary]
Storage batch 0Nm_BPFI_03:88 rc=0 size: 0.12 MB
---Published batch 88 at 20:16:20---
Compute batch 0Nm_BPFI_03:89 rc=0 size: 0.39 MB [binary]
Storage batch 0Nm_BPFI_03:89 rc=0 size: 0.12 MB
---Published batch 89 at 20:16:21---
Compute batch 0Nm_BPFI_03:90 rc=0 size: 0.39 MB [binary]
Storage batch 0Nm_BPFI_03:90 rc=0 size: 0.12 MB
---Published batch 90 at 20:16:22---
Compute batch 0Nm_BPFI_03:91 rc=0 size: 0.39 MB [binary]
Storage batch 0Nm_BPFI_03:91 rc=0 size: 0.12 MB
---Published batch 91 at 20:16:23---
Compute batch 0Nm_BPFI_03:92 rc=0 size: 0.39 MB [binary]
Storage batch 0Nm_BPFI_03:92 rc=0 size: 0.12 MB
---Published batch 92 at 20:16:24---
Compute batch 0Nm_BPFI_03:93 rc=0 size: 0.39 MB [binary]
Storage batch 0Nm_BPFI_03:93 rc=0 size: 0.12 MB
---Published batch 93 at 20:16:25---
Compute batch 0Nm_BPFI_03:94 rc=0 size: 0.39 MB [binary]
Storage batch 0Nm_BPFI_03:94 rc=0 size: 0.12 MB
---Published batch 94 at 20:16:26---
Compute batch 0Nm_BPFI_03:95 rc=0 size: 0.39 MB [binary]
Storage batch 0Nm_BPFI_03:95 rc=0 size: 0.12 MB
---Published batch 95 at 20:16:27---
Compute batch 0Nm_BPFI_03:96 rc=0 size: 0.39 MB [binary]
Storage batch 0Nm_BPFI_03:96 rc=0 size: 0.12 MB
---Published batch 96 at 20:16:28---
Compute batch 0Nm_BPFI_03:97 rc=0 size: 0.39 MB [binary]
Storage batch 0Nm_BPFI_03:97 rc=0 size: 0.12 MB
---Published batch 97 at 20:16:29---
Compute batch 0Nm_BPFI_03:98 rc=0 size: 0.39 MB [binary]
Storage batch 0Nm_BPFI_03:98 rc=0 size: 0.12 MB
---Published batch 98 at 20:16:30---
Compute batch 0Nm_BPFI_03:99 rc=0 size: 0.39 MB [binary]
Storage batch 0Nm_BPFI_03:99 rc=0 size: 0.12 MB
---Published batch 99 at 20:16:31---
Compute batch 0Nm_BPFI_03:100 rc=0 size: 0.39 MB [binary]
Storage batch 0Nm_BPFI_03:100 rc=0 size: 0.12 MB
---Published batch 100 at 20:16:32---
Compute batch 0Nm_BPFI_03:101 rc=0 size: 0.39 MB [binary]
Storage batch 0Nm_BPFI_03:101 rc=0 size: 0.12 MB
---Published batch 101 at 20:16:33---
Compute batch 0Nm_BPFI_03:102 rc=0 size: 0.39 MB [binary]
Storage batch 0Nm_BPFI_03:102 rc=0 size: 0.12 MB
---Published batch 102 at 20:16:34---
Compute batch 0Nm_BPFI_03:103 rc=0 size: 0.39 MB [binary]
Storage batch 0Nm_BPFI_03:103 rc=0 size: 0.12 MB
---Published batch 103 at 20:16:35---
Compute batch 0Nm_BPFI_03:104 rc=0 size: 0.39 MB [binary]
Storage batch 0Nm_BPFI_03:104 rc=0 size: 0.12 MB
---Published batch 104 at 20:16:36---
Compute batch 0Nm_BPFI_03:105 rc=0 size: 0.39 MB [binary]
Storage batch 0Nm_BPFI_03:105 rc=0 size: 0.12 MB
---Published batch 105 at 20:16:37---
Compute batch 0Nm_BPFI_03:106 rc=0 size: 0.39 MB [binary]
Storage batch 0Nm_BPFI_03:106 rc=0 size: 0.12 MB
---Published batch 106 at 20:16:38---
Compute batch 0Nm_BPFI_03:107 rc=0 size: 0.39 MB [binary]
Storage batch 0Nm_BPFI_03:107 rc=0 size: 0.12 MB
---Published batch 107 at 20:16:39---
Compute batch 0Nm_BPFI_03:108 rc=0 size: 0.39 MB [binary]
Storage batch 0Nm_BPFI_03:108 rc=0 size: 0.12 MB
---Published batch 108 at 20:16:40---
Compute batch 0Nm_BPFI_03:109 rc=0 size: 0.39 MB [binary]
Storage batch 0Nm_BPFI_03:109 rc=0 size: 0.12 MB
---Published batch 109 at 20:16:41---
Compute batch 0Nm_BPFI_03:110 rc=0 size: 0.39 MB [binary]
Storage batch 0Nm_BPFI_03:110 rc=0 size: 0.12 MB
---Published batch 110 at 20:16:42---
Compute batch 0Nm_BPFI_03:111 rc=0 size: 0.39 MB [binary]
Storage batch 0Nm_BPFI_03:111 rc=0 size: 0.12 MB
---Published batch 111 at 20:16:44---
Compute batch 0Nm_BPFI_03:112 rc=0 size: 0.39 MB [binary]
Storage batch 0Nm_BPFI_03:112 rc=0 size: 0.12 MB
---Published batch 112 at 20:16:45---
Compute batch 0Nm_BPFI_03:113 rc=0 size: 0.39 MB [binary]
Storage batch 0Nm_BPFI_03:113 rc=0 size: 0.12 MB
---Published batch 113 at 20:16:46---
Compute batch 0Nm_BPFI_03:114 rc=0 size: 0.39 MB [binary]
Storage batch 0Nm_BPFI_03:114 rc=0 size: 0.12 MB
---Published batch 114 at 20:16:47---
Compute batch 0Nm_BPFI_03:115 rc=0 size: 0.39 MB [binary]
Storage batch 0Nm_BPFI_03:115 rc=0 size: 0.12 MB
---Published batch 115 at 20:16:48---
NTP sync ok offset_ns=-12583898
Compute batch 0Nm_BPFI_03:116 rc=0 size: 0.39 MB [binary]
Storage batch 0Nm_BPFI_03:116 rc=0 size: 0.12 MB
---Published batch 116 at 20:16:49---
Compute batch 0Nm_BPFI_03:117 rc=0 size: 0.39 MB [binary]
Storage batch 0Nm_BPFI_03:117 rc=0 size: 0.12 MB
---Published batch 117 at 20:16:50---
Compute batch 0Nm_BPFI_03:118 rc=0 size: 0.39 MB [binary]
Storage batch 0Nm_BPFI_03:118 rc=0 size: 0.12 MB
---Published batch 118 at 20:16:51---
Compute batch 0Nm_BPFI_03:119 rc=0 size: 0.39 MB [binary]
Storage batch 0Nm_BPFI_03:119 rc=0 size: 0.12 MB
---Published batch 119 at 20:16:52---
Compute batch 0Nm_BPFI_03:120 rc=0 size: 0.39 MB [binary]
Storage batch 0Nm_BPFI_03:120 rc=0 size: 0.12 MB
---Published batch 120 at 20:16:53---
Compute batch 0Nm_BPFI_03:121 rc=0 size: 0.39 MB [binary]
Storage batch 0Nm_BPFI_03:121 rc=0 size: 0.12 MB
---Published batch 121 at 20:16:54---
Compute batch 0Nm_BPFI_03:122 rc=0 size: 0.39 MB [binary]
Storage batch 0Nm_BPFI_03:122 rc=0 size: 0.12 MB
---Published batch 122 at 20:16:55---
Compute batch 0Nm_BPFI_03:123 rc=0 size: 0.39 MB [binary]
Storage batch 0Nm_BPFI_03:123 rc=0 size: 0.12 MB
---Published batch 123 at 20:16:56---
Compute batch 0Nm_BPFI_03:124 rc=0 size: 0.39 MB [binary]
Storage batch 0Nm_BPFI_03:124 rc=0 size: 0.12 MB
---Published batch 124 at 20:16:57---
Compute batch 0Nm_BPFI_03:125 rc=0 size: 0.39 MB [binary]
Storage batch 0Nm_BPFI_03:125 rc=0 size: 0.12 MB
---Published batch 125 at 20:16:58---
Compute batch 0Nm_BPFI_03:126 rc=0 size: 0.39 MB [binary]
Storage batch 0Nm_BPFI_03:126 rc=0 size: 0.12 MB
---Published batch 126 at 20:16:59---
Compute batch 0Nm_BPFI_03:127 rc=0 size: 0.39 MB [binary]
Storage batch 0Nm_BPFI_03:127 rc=0 size: 0.12 MB
---Published batch 127 at 20:17:00---
Compute batch 0Nm_BPFI_03:128 rc=0 size: 0.39 MB [binary]
Storage batch 0Nm_BPFI_03:128 rc=0 size: 0.12 MB
---Published batch 128 at 20:17:01---
Compute batch 0Nm_BPFI_03:129 rc=0 size: 0.39 MB [binary]
Storage batch 0Nm_BPFI_03:129 rc=0 size: 0.12 MB
---Published batch 129 at 20:17:02---
Compute batch 0Nm_BPFI_03:130 rc=0 size: 0.39 MB [binary]
Storage batch 0Nm_BPFI_03:130 rc=0 size: 0.12 MB
---Published batch 130 at 20:17:03---
Compute batch 0Nm_BPFI_03:131 rc=0 size: 0.39 MB [binary]
Storage batch 0Nm_BPFI_03:131 rc=0 size: 0.12 MB
---Published batch 131 at 20:17:04---
Compute batch 0Nm_BPFI_03:132 rc=0 size: 0.39 MB [binary]
Storage batch 0Nm_BPFI_03:132 rc=0 size: 0.12 MB
---Published batch 132 at 20:17:05---
Compute batch 0Nm_BPFI_03:133 rc=0 size: 0.39 MB [binary]
Storage batch 0Nm_BPFI_03:133 rc=0 size: 0.12 MB
---Published batch 133 at 20:17:06---
Compute batch 0Nm_BPFI_03:134 rc=0 size: 0.39 MB [binary]
Storage batch 0Nm_BPFI_03:134 rc=0 size: 0.12 MB
---Published batch 134 at 20:17:07---
Compute batch 0Nm_BPFI_03:135 rc=0 size: 0.39 MB [binary]
Storage batch 0Nm_BPFI_03:135 rc=0 size: 0.12 MB
---Published batch 135 at 20:17:08---
Compute batch 0Nm_BPFI_03:136 rc=0 size: 0.39 MB [binary]
Storage batch 0Nm_BPFI_03:136 rc=0 size: 0.12 MB
---Published batch 136 at 20:17:09---
Compute batch 0Nm_BPFI_03:137 rc=0 size: 0.39 MB [binary]
Storage batch 0Nm_BPFI_03:137 rc=0 size: 0.12 MB
---Published batch 137 at 20:17:10---
Compute batch 0Nm_BPFI_03:138 rc=0 size: 0.39 MB [binary]
Storage batch 0Nm_BPFI_03:138 rc=0 size: 0.12 MB
---Published batch 138 at 20:17:11---
Compute batch 0Nm_BPFI_03:139 rc=0 size: 0.39 MB [binary]
Storage batch 0Nm_BPFI_03:139 rc=0 size: 0.12 MB
---Published batch 139 at 20:17:13---
Compute batch 0Nm_BPFI_03:140 rc=0 size: 0.39 MB [binary]
Storage batch 0Nm_BPFI_03:140 rc=0 size: 0.12 MB
---Published batch 140 at 20:17:14---
Compute batch 0Nm_BPFI_03:141 rc=0 size: 0.39 MB [binary]
Storage batch 0Nm_BPFI_03:141 rc=0 size: 0.12 MB
---Published batch 141 at 20:17:15---
Compute batch 0Nm_BPFI_03:142 rc=0 size: 0.39 MB [binary]
Storage batch 0Nm_BPFI_03:142 rc=0 size: 0.12 MB
---Published batch 142 at 20:17:16---
Compute batch 0Nm_BPFI_03:143 rc=0 size: 0.39 MB [binary]
Storage batch 0Nm_BPFI_03:143 rc=0 size: 0.12 MB
---Published batch 143 at 20:17:17---
Compute batch 0Nm_BPFI_03:144 rc=0 size: 0.39 MB [binary]
Storage batch 0Nm_BPFI_03:144 rc=0 size: 0.12 MB
---Published batch 144 at 20:17:18---
Compute batch 0Nm_BPFI_03:145 rc=0 size: 0.39 MB [binary]
Storage batch 0Nm_BPFI_03:145 rc=0 size: 0.12 MB
---Published batch 145 at 20:17:19---
Compute batch 0Nm_BPFI_03:146 rc=0 size: 0.39 MB [binary]
Storage batch 0Nm_BPFI_03:146 rc=0 size: 0.12 MB
---Published batch 146 at 20:17:20---
Compute batch 0Nm_BPFI_03:147 rc=0 size: 0.39 MB [binary]
Storage batch 0Nm_BPFI_03:147 rc=0 size: 0.12 MB
---Published batch 147 at 20:17:21---
Compute batch 0Nm_BPFI_03:148 rc=0 size: 0.39 MB [binary]
Storage batch 0Nm_BPFI_03:148 rc=0 size: 0.12 MB
---Published batch 148 at 20:17:22---
Compute batch 0Nm_BPFI_03:149 rc=0 size: 0.39 MB [binary]
Storage batch 0Nm_BPFI_03:149 rc=0 size: 0.12 MB
---Published batch 149 at 20:17:23---
Compute batch 0Nm_BPFI_03:150 rc=0 size: 0.39 MB [binary]
Storage batch 0Nm_BPFI_03:150 rc=0 size: 0.12 MB
---Published batch 150 at 20:17:24---
Compute batch 0Nm_BPFI_03:151 rc=0 size: 0.39 MB [binary]
Storage batch 0Nm_BPFI_03:151 rc=0 size: 0.12 MB
---Published batch 151 at 20:17:25---
Compute batch 0Nm_BPFI_03:152 rc=0 size: 0.39 MB [binary]
Storage batch 0Nm_BPFI_03:152 rc=0 size: 0.12 MB
---Published batch 152 at 20:17:26---
Compute batch 0Nm_BPFI_03:153 rc=0 size: 0.39 MB [binary]
Storage batch 0Nm_BPFI_03:153 rc=0 size: 0.12 MB
---Published batch 153 at 20:17:27---
Compute batch 0Nm_BPFI_03:154 rc=0 size: 0.39 MB [binary]
Storage batch 0Nm_BPFI_03:154 rc=0 size: 0.12 MB
---Published batch 154 at 20:17:28---
Compute batch 0Nm_BPFI_03:155 rc=0 size: 0.39 MB [binary]
Storage batch 0Nm_BPFI_03:155 rc=0 size: 0.12 MB
---Published batch 155 at 20:17:29---
Compute batch 0Nm_BPFI_03:156 rc=0 size: 0.39 MB [binary]
Storage batch 0Nm_BPFI_03:156 rc=0 size: 0.12 MB
---Published batch 156 at 20:17:30---
Compute batch 0Nm_BPFI_03:157 rc=0 size: 0.39 MB [binary]
Storage batch 0Nm_BPFI_03:157 rc=0 size: 0.12 MB
---Published batch 157 at 20:17:31---
Compute batch 0Nm_BPFI_03:158 rc=0 size: 0.39 MB [binary]
Storage batch 0Nm_BPFI_03:158 rc=0 size: 0.12 MB
---Published batch 158 at 20:17:32---
Compute batch 0Nm_BPFI_03:159 rc=0 size: 0.39 MB [binary]
Storage batch 0Nm_BPFI_03:159 rc=0 size: 0.12 MB
---Published batch 159 at 20:17:33---
Compute batch 0Nm_BPFI_03:160 rc=0 size: 0.39 MB [binary]
Storage batch 0Nm_BPFI_03:160 rc=0 size: 0.12 MB
---Published batch 160 at 20:17:34---
Compute batch 0Nm_BPFI_03:161 rc=0 size: 0.39 MB [binary]
Storage batch 0Nm_BPFI_03:161 rc=0 size: 0.12 MB
---Published batch 161 at 20:17:35---
Compute batch 0Nm_BPFI_03:162 rc=0 size: 0.39 MB [binary]
Storage batch 0Nm_BPFI_03:162 rc=0 size: 0.12 MB
---Published batch 162 at 20:17:36---
Compute batch 0Nm_BPFI_03:163 rc=0 size: 0.39 MB [binary]
Storage batch 0Nm_BPFI_03:163 rc=0 size: 0.12 MB
---Published batch 163 at 20:17:37---
Compute batch 0Nm_BPFI_03:164 rc=0 size: 0.39 MB [binary]
Storage batch 0Nm_BPFI_03:164 rc=0 size: 0.12 MB
---Published batch 164 at 20:17:38---
Compute batch 0Nm_BPFI_03:165 rc=0 size: 0.39 MB [binary]
Storage batch 0Nm_BPFI_03:165 rc=0 size: 0.12 MB
---Published batch 165 at 20:17:39---
Compute batch 0Nm_BPFI_03:166 rc=0 size: 0.39 MB [binary]
Storage batch 0Nm_BPFI_03:166 rc=0 size: 0.12 MB
---Published batch 166 at 20:17:41---
Compute batch 0Nm_BPFI_03:167 rc=0 size: 0.39 MB [binary]
Storage batch 0Nm_BPFI_03:167 rc=0 size: 0.12 MB
---Published batch 167 at 20:17:42---
Compute batch 0Nm_BPFI_03:168 rc=0 size: 0.39 MB [binary]
Storage batch 0Nm_BPFI_03:168 rc=0 size: 0.12 MB
---Published batch 168 at 20:17:43---
Compute batch 0Nm_BPFI_03:169 rc=0 size: 0.39 MB [binary]
Storage batch 0Nm_BPFI_03:169 rc=0 size: 0.12 MB
---Published batch 169 at 20:17:44---
Compute batch 0Nm_BPFI_03:170 rc=0 size: 0.39 MB [binary]
Storage batch 0Nm_BPFI_03:170 rc=0 size: 0.12 MB
---Published batch 170 at 20:17:45---
Compute batch 0Nm_BPFI_03:171 rc=0 size: 0.39 MB [binary]
Storage batch 0Nm_BPFI_03:171 rc=0 size: 0.12 MB
---Published batch 171 at 20:17:46---
Compute batch 0Nm_BPFI_03:172 rc=0 size: 0.39 MB [binary]
Storage batch 0Nm_BPFI_03:172 rc=0 size: 0.12 MB
---Published batch 172 at 20:17:47---
Compute batch 0Nm_BPFI_03:173 rc=0 size: 0.39 MB [binary]
Storage batch 0Nm_BPFI_03:173 rc=0 size: 0.12 MB
---Published batch 173 at 20:17:48---
NTP sync ok offset_ns=-42384157
Compute batch 0Nm_BPFI_03:174 rc=0 size: 0.39 MB [binary]
Storage batch 0Nm_BPFI_03:174 rc=0 size: 0.12 MB
---Published batch 174 at 20:17:49---
Compute batch 0Nm_BPFI_03:175 rc=0 size: 0.39 MB [binary]
Storage batch 0Nm_BPFI_03:175 rc=0 size: 0.12 MB
---Published batch 175 at 20:17:50---
Compute batch 0Nm_BPFI_03:176 rc=0 size: 0.39 MB [binary]
Storage batch 0Nm_BPFI_03:176 rc=0 size: 0.12 MB
---Published batch 176 at 20:17:51---
Compute batch 0Nm_BPFI_03:177 rc=0 size: 0.39 MB [binary]
Storage batch 0Nm_BPFI_03:177 rc=0 size: 0.12 MB
---Published batch 177 at 20:17:52---
Compute batch 0Nm_BPFI_03:178 rc=0 size: 0.39 MB [binary]
Storage batch 0Nm_BPFI_03:178 rc=0 size: 0.12 MB
---Published batch 178 at 20:17:53---
Compute batch 0Nm_BPFI_03:179 rc=0 size: 0.39 MB [binary]
Storage batch 0Nm_BPFI_03:179 rc=0 size: 0.12 MB
---Published batch 179 at 20:17:54---
Chosen file: 0Nm_BPFI_03.csv
Compute batch 0Nm_BPFI_03:0 rc=0 size: 0.39 MB [binary]
Storage batch 0Nm_BPFI_03:0 rc=0 size: 0.12 MB
---Published batch 0 at 20:17:59---
Compute batch 0Nm_BPFI_03:1 rc=0 size: 0.39 MB [binary]
Storage batch 0Nm_BPFI_03:1 rc=0 size: 0.12 MB
---Published batch 1 at 20:18:00---
Compute batch 0Nm_BPFI_03:2 rc=0 size: 0.39 MB [binary]
Storage batch 0Nm_BPFI_03:2 rc=0 size: 0.12 MB
---Published batch 2 at 20:18:01---
Compute batch 0Nm_BPFI_03:3 rc=0 size: 0.39 MB [binary]
Storage batch 0Nm_BPFI_03:3 rc=0 size: 0.12 MB
---Published batch 3 at 20:18:02---
Compute batch 0Nm_BPFI_03:4 rc=0 size: 0.39 MB [binary]
Storage batch 0Nm_BPFI_03:4 rc=0 size: 0.12 MB
---Published batch 4 at 20:18:03---
Compute batch 0Nm_BPFI_03:5 rc=0 size: 0.39 MB [binary]
Storage batch 0Nm_BPFI_03:5 rc=0 size: 0.12 MB
---Published batch 5 at 20:18:04---
Compute batch 0Nm_BPFI_03:6 rc=0 size: 0.39 MB [binary]
Storage batch 0Nm_BPFI_03:6 rc=0 size: 0.12 MB
---Published batch 6 at 20:18:05---
Compute batch 0Nm_BPFI_03:7 rc=0 size: 0.39 MB [binary]
Storage batch 0Nm_BPFI_03:7 rc=0 size: 0.12 MB
---Published batch 7 at 20:18:06---
Compute batch 0Nm_BPFI_03:8 rc=0 size: 0.39 MB [binary]
Storage batch 0Nm_BPFI_03:8 rc=0 size: 0.12 MB
---Published batch 8 at 20:18:07---
Compute batch 0Nm_BPFI_03:9 rc=0 size: 0.39 MB [binary]
Storage batch 0Nm_BPFI_03:9 rc=0 size: 0.12 MB
---Published batch 9 at 20:18:08---
Compute batch 0Nm_BPFI_03:10 rc=0 size: 0.39 MB [binary]
Storage batch 0Nm_BPFI_03:10 rc=0 size: 0.12 MB
---Published batch 10 at 20:18:09---
Compute batch 0Nm_BPFI_03:11 rc=0 size: 0.39 MB [binary]
Storage batch 0Nm_BPFI_03:11 rc=0 size: 0.12 MB
---Published batch 11 at 20:18:10---
Compute batch 0Nm_BPFI_03:12 rc=0 size: 0.39 MB [binary]
Storage batch 0Nm_BPFI_03:12 rc=0 size: 0.12 MB
---Published batch 12 at 20:18:11---
Compute batch 0Nm_BPFI_03:13 rc=0 size: 0.39 MB [binary]
Storage batch 0Nm_BPFI_03:13 rc=0 size: 0.12 MB
---Published batch 13 at 20:18:12---
Compute batch 0Nm_BPFI_03:14 rc=0 size: 0.39 MB [binary]
Storage batch 0Nm_BPFI_03:14 rc=0 size: 0.12 MB
---Published batch 14 at 20:18:14---
Compute batch 0Nm_BPFI_03:15 rc=0 size: 0.39 MB [binary]
Storage batch 0Nm_BPFI_03:15 rc=0 size: 0.12 MB
---Published batch 15 at 20:18:15---
Compute batch 0Nm_BPFI_03:16 rc=0 size: 0.39 MB [binary]
Storage batch 0Nm_BPFI_03:16 rc=0 size: 0.12 MB
---Published batch 16 at 20:18:16---
Compute batch 0Nm_BPFI_03:17 rc=0 size: 0.39 MB [binary]
Storage batch 0Nm_BPFI_03:17 rc=0 size: 0.12 MB
---Published batch 17 at 20:18:17---
Compute batch 0Nm_BPFI_03:18 rc=0 size: 0.39 MB [binary]
Storage batch 0Nm_BPFI_03:18 rc=0 size: 0.12 MB
---Published batch 18 at 20:18:18---
Compute batch 0Nm_BPFI_03:19 rc=0 size: 0.39 MB [binary]
Storage batch 0Nm_BPFI_03:19 rc=0 size: 0.12 MB
---Published batch 19 at 20:18:19---
Compute batch 0Nm_BPFI_03:20 rc=0 size: 0.39 MB [binary]
Storage batch 0Nm_BPFI_03:20 rc=0 size: 0.12 MB
---Published batch 20 at 20:18:20---
Compute batch 0Nm_BPFI_03:21 rc=0 size: 0.39 MB [binary]
Storage batch 0Nm_BPFI_03:21 rc=0 size: 0.12 MB
---Published batch 21 at 20:18:21---
Compute batch 0Nm_BPFI_03:22 rc=0 size: 0.39 MB [binary]
Storage batch 0Nm_BPFI_03:22 rc=0 size: 0.12 MB
---Published batch 22 at 20:18:22---
Compute batch 0Nm_BPFI_03:23 rc=0 size: 0.39 MB [binary]
Storage batch 0Nm_BPFI_03:23 rc=0 size: 0.12 MB
---Published batch 23 at 20:18:23---
Compute batch 0Nm_BPFI_03:24 rc=0 size: 0.39 MB [binary]
Storage batch 0Nm_BPFI_03:24 rc=0 size: 0.12 MB
---Published batch 24 at 20:18:24---
Compute batch 0Nm_BPFI_03:25 rc=0 size: 0.39 MB [binary]
Storage batch 0Nm_BPFI_03:25 rc=0 size: 0.12 MB
---Published batch 25 at 20:18:25---
Compute batch 0Nm_BPFI_03:26 rc=0 size: 0.39 MB [binary]
Storage batch 0Nm_BPFI_03:26 rc=0 size: 0.12 MB
---Published batch 26 at 20:18:26---
Compute batch 0Nm_BPFI_03:27 rc=0 size: 0.39 MB [binary]
Storage batch 0Nm_BPFI_03:27 rc=0 size: 0.12 MB
---Published batch 27 at 20:18:27---
Compute batch 0Nm_BPFI_03:28 rc=0 size: 0.39 MB [binary]
Storage batch 0Nm_BPFI_03:28 rc=0 size: 0.12 MB
---Published batch 28 at 20:18:28---
Compute batch 0Nm_BPFI_03:29 rc=0 size: 0.39 MB [binary]
Storage batch 0Nm_BPFI_03:29 rc=0 size: 0.12 MB
---Published batch 29 at 20:18:29---
Compute batch 0Nm_BPFI_03:30 rc=0 size: 0.39 MB [binary]
Storage batch 0Nm_BPFI_03:30 rc=0 size: 0.12 MB
---Published batch 30 at 20:18:30---
Compute batch 0Nm_BPFI_03:31 rc=0 size: 0.39 MB [binary]
Storage batch 0Nm_BPFI_03:31 rc=0 size: 0.12 MB
---Published batch 31 at 20:18:31---
Compute batch 0Nm_BPFI_03:32 rc=0 size: 0.39 MB [binary]
Storage batch 0Nm_BPFI_03:32 rc=0 size: 0.12 MB
---Published batch 32 at 20:18:32---
Compute batch 0Nm_BPFI_03:33 rc=0 size: 0.39 MB [binary]
Storage batch 0Nm_BPFI_03:33 rc=0 size: 0.12 MB
---Published batch 33 at 20:18:33---
Compute batch 0Nm_BPFI_03:34 rc=0 size: 0.39 MB [binary]
Storage batch 0Nm_BPFI_03:34 rc=0 size: 0.12 MB
---Published batch 34 at 20:18:34---
Compute batch 0Nm_BPFI_03:35 rc=0 size: 0.39 MB [binary]
Storage batch 0Nm_BPFI_03:35 rc=0 size: 0.12 MB
---Published batch 35 at 20:18:35---
Compute batch 0Nm_BPFI_03:36 rc=0 size: 0.39 MB [binary]
Storage batch 0Nm_BPFI_03:36 rc=0 size: 0.12 MB
---Published batch 36 at 20:18:36---
Compute batch 0Nm_BPFI_03:37 rc=0 size: 0.39 MB [binary]
Storage batch 0Nm_BPFI_03:37 rc=0 size: 0.12 MB
---Published batch 37 at 20:18:37---
Compute batch 0Nm_BPFI_03:38 rc=0 size: 0.39 MB [binary]
Storage batch 0Nm_BPFI_03:38 rc=0 size: 0.12 MB
---Published batch 38 at 20:18:38---
Compute batch 0Nm_BPFI_03:39 rc=0 size: 0.39 MB [binary]
Storage batch 0Nm_BPFI_03:39 rc=0 size: 0.12 MB
---Published batch 39 at 20:18:39---
Compute batch 0Nm_BPFI_03:40 rc=0 size: 0.39 MB [binary]
Storage batch 0Nm_BPFI_03:40 rc=0 size: 0.12 MB
---Published batch 40 at 20:18:40---
Compute batch 0Nm_BPFI_03:41 rc=0 size: 0.39 MB [binary]
Storage batch 0Nm_BPFI_03:41 rc=0 size: 0.12 MB
---Published batch 41 at 20:18:42---
Compute batch 0Nm_BPFI_03:42 rc=0 size: 0.39 MB [binary]
Storage batch 0Nm_BPFI_03:42 rc=0 size: 0.12 MB
---Published batch 42 at 20:18:43---
Compute batch 0Nm_BPFI_03:43 rc=0 size: 0.39 MB [binary]
Storage batch 0Nm_BPFI_03:43 rc=0 size: 0.12 MB
---Published batch 43 at 20:18:44---
Compute batch 0Nm_BPFI_03:44 rc=0 size: 0.39 MB [binary]
Storage batch 0Nm_BPFI_03:44 rc=0 size: 0.12 MB
---Published batch 44 at 20:18:45---
Compute batch 0Nm_BPFI_03:45 rc=0 size: 0.39 MB [binary]
Storage batch 0Nm_BPFI_03:45 rc=0 size: 0.12 MB
---Published batch 45 at 20:18:46---
Compute batch 0Nm_BPFI_03:46 rc=0 size: 0.39 MB [binary]
Storage batch 0Nm_BPFI_03:46 rc=0 size: 0.12 MB
---Published batch 46 at 20:18:47---
Compute batch 0Nm_BPFI_03:47 rc=0 size: 0.39 MB [binary]
Storage batch 0Nm_BPFI_03:47 rc=0 size: 0.12 MB
---Published batch 47 at 20:18:48---
Compute batch 0Nm_BPFI_03:48 rc=0 size: 0.39 MB [binary]
Storage batch 0Nm_BPFI_03:48 rc=0 size: 0.12 MB
---Published batch 48 at 20:18:49---
NTP sync ok offset_ns=-41484919
Compute batch 0Nm_BPFI_03:49 rc=0 size: 0.39 MB [binary]
Storage batch 0Nm_BPFI_03:49 rc=0 size: 0.12 MB
---Published batch 49 at 20:18:50---
Compute batch 0Nm_BPFI_03:50 rc=0 size: 0.39 MB [binary]
Storage batch 0Nm_BPFI_03:50 rc=0 size: 0.12 MB
---Published batch 50 at 20:18:51---
Compute batch 0Nm_BPFI_03:51 rc=0 size: 0.39 MB [binary]
Storage batch 0Nm_BPFI_03:51 rc=0 size: 0.12 MB
---Published batch 51 at 20:18:52---
Compute batch 0Nm_BPFI_03:52 rc=0 size: 0.39 MB [binary]
Storage batch 0Nm_BPFI_03:52 rc=0 size: 0.12 MB
---Published batch 52 at 20:18:53---
Compute batch 0Nm_BPFI_03:53 rc=0 size: 0.39 MB [binary]
Storage batch 0Nm_BPFI_03:53 rc=0 size: 0.12 MB
---Published batch 53 at 20:18:54---
Compute batch 0Nm_BPFI_03:54 rc=0 size: 0.39 MB [binary]
Storage batch 0Nm_BPFI_03:54 rc=0 size: 0.12 MB
---Published batch 54 at 20:18:55---
Compute batch 0Nm_BPFI_03:55 rc=0 size: 0.39 MB [binary]
Storage batch 0Nm_BPFI_03:55 rc=0 size: 0.12 MB
---Published batch 55 at 20:18:56---
Compute batch 0Nm_BPFI_03:56 rc=0 size: 0.39 MB [binary]
Storage batch 0Nm_BPFI_03:56 rc=0 size: 0.12 MB
---Published batch 56 at 20:18:57---
